Component: ARM Compiler 5.05 update 1 (build 106) Tool: armlink [4d0efa]

==============================================================================

Section Cross References

    main.o(i.Key_Scan) refers to y6_gpio.o(i.GPIO_ReadPin) for GPIO_ReadPin
    main.o(i.Key_Scan) refers to main.o(.data) for .data
    main.o(i.all_zero) refers to main.o(.data) for .data
    main.o(i.assert_failed) refers to printf8.o(i.__0printf$8) for __2printf
    main.o(i.en_count) refers to main.o(.data) for .data
    main.o(i.fan) refers to main.o(i.en_count) for en_count
    main.o(i.fan) refers to guifunc.o(i.guiJumpPage) for guiJumpPage
    main.o(i.fan) refers to printf8.o(i.__0printf$8) for __2printf
    main.o(i.fan) refers to demotest01.o(i.on_off_Event) for on_off_Event
    main.o(i.fan) refers to main.o(.data) for .data
    main.o(i.fan) refers to demotest01.o(i.num1_100EnterEvent) for num1_100EnterEvent
    main.o(i.fan2) refers to main.o(i.en_count) for en_count
    main.o(i.fan2) refers to guifunc.o(i.guiJumpPage) for guiJumpPage
    main.o(i.fan2) refers to uidiv.o(.text) for __aeabi_uidivmod
    main.o(i.fan2) refers to printf8.o(i.__0printf$8) for __2printf
    main.o(i.fan2) refers to main.o(.data) for .data
    main.o(i.fan2) refers to demotest01.o(i.num1_100EnterEvent) for num1_100EnterEvent
    main.o(i.fan2) refers to demotest01.o(i.on_off_Event) for on_off_Event
    main.o(i.infrared_red) refers to main.o(i.en_count) for en_count
    main.o(i.infrared_red) refers to guifunc.o(i.guiJumpPage) for guiJumpPage
    main.o(i.infrared_red) refers to printf8.o(i.__0printf$8) for __2printf
    main.o(i.infrared_red) refers to demotest01.o(i.on_off_Event) for on_off_Event
    main.o(i.infrared_red) refers to main.o(.data) for .data
    main.o(i.infrared_red) refers to demotest01.o(i.num1_100EnterEvent) for num1_100EnterEvent
    main.o(i.infrared_red2) refers to main.o(i.en_count) for en_count
    main.o(i.infrared_red2) refers to guifunc.o(i.guiJumpPage) for guiJumpPage
    main.o(i.infrared_red2) refers to uidiv.o(.text) for __aeabi_uidivmod
    main.o(i.infrared_red2) refers to printf8.o(i.__0printf$8) for __2printf
    main.o(i.infrared_red2) refers to demotest01.o(i.num1_100EnterEvent) for num1_100EnterEvent
    main.o(i.infrared_red2) refers to main.o(.data) for .data
    main.o(i.infrared_red2) refers to demotest01.o(i.on_off_Event) for on_off_Event
    main.o(i.key_control) refers to main.o(i.Key_Scan) for Key_Scan
    main.o(i.key_control) refers to main.o(i.all_zero) for all_zero
    main.o(i.key_control) refers to guifunc.o(i.guiJumpPage) for guiJumpPage
    main.o(i.key_control) refers to main.o(i.__ARM_common_switch8) for __ARM_common_switch8
    main.o(i.key_control) refers to main.o(i.page_init) for page_init
    main.o(i.key_control) refers to main.o(i.red_led) for red_led
    main.o(i.key_control) refers to main.o(i.infrared_red) for infrared_red
    main.o(i.key_control) refers to main.o(i.pump) for pump
    main.o(i.key_control) refers to main.o(i.fan) for fan
    main.o(i.key_control) refers to main.o(i.red_led2) for red_led2
    main.o(i.key_control) refers to main.o(i.red_led3) for red_led3
    main.o(i.key_control) refers to main.o(i.red_led4) for red_led4
    main.o(i.key_control) refers to main.o(i.infrared_red2) for infrared_red2
    main.o(i.key_control) refers to main.o(i.fan2) for fan2
    main.o(i.key_control) refers to main.o(i.red_light_group) for red_light_group
    main.o(i.key_control) refers to main.o(i.red_light_num) for red_light_num
    main.o(i.key_control) refers to main.o(i.red_light_on_off) for red_light_on_off
    main.o(i.key_control) refers to main.o(.data) for .data
    main.o(i.key_control) refers to demotest01.o(i.DemoMain_PageEnterEvent) for DemoMain_PageEnterEvent
    main.o(i.main) refers to encoder.o(i.TIM4_EncoderInit) for TIM4_EncoderInit
    main.o(i.main) refers to key.o(i.Key_init) for Key_init
    main.o(i.main) refers to lcdinit.o(i.LCD_Init) for LCD_Init
    main.o(i.main) refers to guiinit.o(i.guiInit) for guiInit
    main.o(i.main) refers to guifunc.o(i.guiGetRefreshPicTime) for guiGetRefreshPicTime
    main.o(i.main) refers to demotest01.o(i.DemoTestPage_Init) for DemoTestPage_Init
    main.o(i.main) refers to y6_gpio.o(i.GPIO_SetPin) for GPIO_SetPin
    main.o(i.main) refers to guifunc.o(i.guiMainLoop) for guiMainLoop
    main.o(i.main) refers to y6_command.o(i.Y6_Communication_Loop) for Y6_Communication_Loop
    main.o(i.main) refers to encoder.o(i.encoder_getCounter) for encoder_getCounter
    main.o(i.main) refers to main.o(i.key_control) for key_control
    main.o(i.main) refers to main.o(i.rotary_control) for rotary_control
    main.o(i.main) refers to main.o(.data) for .data
    main.o(i.outclk_init) refers to y6_gpio.o(i.GPIO_SetPinMux) for GPIO_SetPinMux
    main.o(i.page_init) refers to main.o(i.en_count) for en_count
    main.o(i.page_init) refers to guifunc.o(i.guiJumpPage) for guiJumpPage
[...]
    0x0000d800   0x0000d800   0x0000009c   Code   RO         7502    i.w_GetStringNeedWH  Y6GUI.lib(drawchar.o)
    0x0000d89c   0x0000d89c   0x00000028   Code   RO         6025    i.w_GetTextBinaryButton  Y6GUI.lib(binarybutton.o)
    0x0000d8c4   0x0000d8c4   0x00000028   Code   RO         6112    i.w_GetTextButton   Y6GUI.lib(button.o)
    0x0000d8ec   0x0000d8ec   0x00000028   Code   RO         6433    i.w_GetTextGvariate  Y6GUI.lib(gvariate.o)
    0x0000d914   0x0000d914   0x00000008   Code   RO         5635    i.w_GetTextNull     Y6GUI.lib(widgetindex.o)
    0x0000d91c   0x0000d91c   0x00000028   Code   RO         4657    i.w_GetTextQRcodeBox  Y6GUI.lib(qrcodebox.o)
    0x0000d944   0x0000d944   0x0000002c   Code   RO         7020    i.w_GetTextRollTextBox  Y6GUI.lib(rolltextbox.o)
    0x0000d970   0x0000d970   0x0000002c   Code   RO         7257    i.w_GetTextTextBox  Y6GUI.lib(textbox.o)
    0x0000d99c   0x0000d99c   0x00000036   Code   RO         6027    i.w_PressEventBinaryButton  Y6GUI.lib(binarybutton.o)
    0x0000d9d2   0x0000d9d2   0x00000002   PAD
    0x0000d9d4   0x0000d9d4   0x000001b4   Code   RO         6113    i.w_PressEventButton  Y6GUI.lib(button.o)
    0x0000db88   0x0000db88   0x0000001c   Code   RO         6186    i.w_PressEventCutPicture  Y6GUI.lib(cutpicture.o)
    0x0000dba4   0x0000dba4   0x0000001c   Code   RO         6252    i.w_PressEventFloatNumberBox  Y6GUI.lib(floatnumberbox.o)
    0x0000dbc0   0x0000dbc0   0x00000028   Code   RO         5319    i.w_PressEventGraph  Y6GUI.lib(graph.o)
    0x0000dbe8   0x0000dbe8   0x00000002   Code   RO         5637    i.w_PressEventNULL  Y6GUI.lib(widgetindex.o)
    0x0000dbea   0x0000dbea   0x0000001c   Code   RO         6498    i.w_PressEventNumberBox  Y6GUI.lib(numberbox.o)
    0x0000dc06   0x0000dc06   0x00000032   Code   RO         6604    i.w_PressEventOptionBox  Y6GUI.lib(optionbox.o)
    0x0000dc38   0x0000dc38   0x0000001c   Code   RO         6690    i.w_PressEventPage  Y6GUI.lib(page.o)
    0x0000dc54   0x0000dc54   0x0000001c   Code   RO         5519    i.w_PressEventPicanimation  Y6GUI.lib(picanimation.o)
    0x0000dc70   0x0000dc70   0x0000001c   Code   RO         6752    i.w_PressEventPictureBox  Y6GUI.lib(picturebox.o)
    0x0000dc8c   0x0000dc8c   0x0000001c   Code   RO         6820    i.w_PressEventPointer  Y6GUI.lib(pointer.o)
    0x0000dca8   0x0000dca8   0x0000001c   Code   RO         6929    i.w_PressEventProgressBar  Y6GUI.lib(progressbar.o)
    0x0000dcc4   0x0000dcc4   0x00000034   Code   RO         4658    i.w_PressEventQRcodeBox  Y6GUI.lib(qrcodebox.o)
    0x0000dcf8   0x0000dcf8   0x0000001c   Code   RO         7021    i.w_PressEventRollTextBox  Y6GUI.lib(rolltextbox.o)
    0x0000dd14   0x0000dd14   0x0000001c   Code   RO         5422    i.w_PressEventRoundSlider  Y6GUI.lib(roundslider.o)
    0x0000dd30   0x0000dd30   0x0000001c   Code   RO         7163    i.w_PressEventSlider  Y6GUI.lib(slider.o)
    0x0000dd4c   0x0000dd4c   0x0000001c   Code   RO         7258    i.w_PressEventTextBox  Y6GUI.lib(textbox.o)
    0x0000dd68   0x0000dd68   0x0000001c   Code   RO         7363    i.w_PressEventTouchArea  Y6GUI.lib(toucharea.o)
    0x0000dd84   0x0000dd84   0x0000001c   Code   RO         7405    i.w_PressEventVirtualGif  Y6GUI.lib(virtualgif.o)
    0x0000dda0   0x0000dda0   0x0000001c   Code   RO         6028    i.w_ReleaseEventBinaryButton  Y6GUI.lib(binarybutton.o)
    0x0000ddbc   0x0000ddbc   0x000001c0   Code   RO         6114    i.w_ReleaseEventButton  Y6GUI.lib(button.o)
    0x0000df7c   0x0000df7c   0x0000001c   Code   RO         6187    i.w_ReleaseEventCutPicture  Y6GUI.lib(cutpicture.o)
    0x0000df98   0x0000df98   0x00000104   Code   RO         6253    i.w_ReleaseEventFloatNumberBox  Y6GUI.lib(floatnumberbox.o)
    0x0000e09c   0x0000e09c   0x00000028   Code   RO         5321    i.w_ReleaseEventGraph  Y6GUI.lib(graph.o)
    0x0000e0c4   0x0000e0c4   0x00000002   Code   RO         5639    i.w_ReleaseEventNULL  Y6GUI.lib(widgetindex.o)
    0x0000e0c6   0x0000e0c6   0x00000002   PAD
    0x0000e0c8   0x0000e0c8   0x000000a0   Code   RO         6499    i.w_ReleaseEventNumberBox  Y6GUI.lib(numberbox.o)
    0x0000e168   0x0000e168   0x0000001c   Code   RO         6605    i.w_ReleaseEventOptionBox  Y6GUI.lib(optionbox.o)
    0x0000e184   0x0000e184   0x0000001c   Code   RO         6691    i.w_ReleaseEventPage  Y6GUI.lib(page.o)
    0x0000e1a0   0x0000e1a0   0x0000001c   Code   RO         5520    i.w_ReleaseEventPicanimation  Y6GUI.lib(picanimation.o)
    0x0000e1bc   0x0000e1bc   0x0000001c   Code   RO         6753    i.w_ReleaseEventPictureBox  Y6GUI.lib(picturebox.o)
    0x0000e1d8   0x0000e1d8   0x0000001c   Code   RO         6821    i.w_ReleaseEventPointer  Y6GUI.lib(pointer.o)
    0x0000e1f4   0x0000e1f4   0x0000001c   Code   RO         6930    i.w_ReleaseEventProgressBar  Y6GUI.lib(progressbar.o)
    0x0000e210   0x0000e210   0x00000034   Code   RO         4659    i.w_ReleaseEventQRcodeBox  Y6GUI.lib(qrcodebox.o)
    0x0000e244   0x0000e244   0x0000008c   Code   RO         7022    i.w_ReleaseEventRollTextBox  Y6GUI.lib(rolltextbox.o)
    0x0000e2d0   0x0000e2d0   0x0000001c   Code   RO         5423    i.w_ReleaseEventRoundSlider  Y6GUI.lib(roundslider.o)
    0x0000e2ec   0x0000e2ec   0x0000001c   Code   RO         7164    i.w_ReleaseEventSlider  Y6GUI.lib(slider.o)
    0x0000e308   0x0000e308   0x0000008c   Code   RO         7259    i.w_ReleaseEventTextBox  Y6GUI.lib(textbox.o)
    0x0000e394   0x0000e394   0x0000001c   Code   RO         7364    i.w_ReleaseEventTouchArea  Y6GUI.lib(toucharea.o)
    0x0000e3b0   0x0000e3b0   0x0000001c   Code   RO         7406    i.w_ReleaseEventVirtualGif  Y6GUI.lib(virtualgif.o)
    0x0000e3cc   0x0000e3cc   0x00000018   Code   RO         6188    i.w_SetPictureIDCutPicture  Y6GUI.lib(cutpicture.o)
    0x0000e3e4   0x0000e3e4   0x00000018   Code   RO         6256    i.w_SetPictureIDFloatNumbertBox  Y6GUI.lib(floatnumberbox.o)
    0x0000e3fc   0x0000e3fc   0x00000018   Code   RO         5323    i.w_SetPictureIDGraph  Y6GUI.lib(graph.o)
    0x0000e414   0x0000e414   0x00000008   Code   RO         5646    i.w_SetPictureIDNull  Y6GUI.lib(widgetindex.o)
    0x0000e41c   0x0000e41c   0x00000018   Code   RO         6502    i.w_SetPictureIDNumbertBox  Y6GUI.lib(numberbox.o)
    0x0000e434   0x0000e434   0x00000030   Code   RO         5523    i.w_SetPictureIDPicanimation  Y6GUI.lib(picanimation.o)
    0x0000e464   0x0000e464   0x00000018   Code   RO         6754    i.w_SetPictureIDPictureBox  Y6GUI.lib(picturebox.o)
    0x0000e47c   0x0000e47c   0x00000018   Code   RO         6824    i.w_SetPictureIDPointer  Y6GUI.lib(pointer.o)
    0x0000e494   0x0000e494   0x00000018   Code   RO         7027    i.w_SetPictureIDRollTextBox  Y6GUI.lib(rolltextbox.o)
    0x0000e4ac   0x0000e4ac   0x00000018   Code   RO         7262    i.w_SetPictureIDTextBox  Y6GUI.lib(textbox.o)
    0x0000e4c4   0x0000e4c4   0x00000064   Code   RO         6029    i.w_SetTextBinaryButton  Y6GUI.lib(binarybutton.o)
    0x0000e528   0x0000e528   0x00000064   Code   RO         6115    i.w_SetTextButton   Y6GUI.lib(button.o)
    0x0000e58c   0x0000e58c   0x0000016c   Code   RO         6257    i.w_SetTextFloatNumbertBox  Y6GUI.lib(floatnumberbox.o)
    0x0000e6f8   0x0000e6f8   0x0000006c   Code   RO         6435    i.w_SetTextGvariate  Y6GUI.lib(gvariate.o)
    0x0000e764   0x0000e764   0x00000008   Code   RO         5647    i.w_SetTextNull     Y6GUI.lib(widgetindex.o)
    0x0000e76c   0x0000e76c   0x00000080   Code   RO         6503    i.w_SetTextNumbertBox  Y6GUI.lib(numberbox.o)
    0x0000e7ec   0x0000e7ec   0x00000074   Code   RO         4663    i.w_SetTextQRcodeBox  Y6GUI.lib(qrcodebox.o)
    0x0000e860   0x0000e860   0x00000094   Code   RO         7028    i.w_SetTextRollTextBox  Y6GUI.lib(rolltextbox.o)
    0x0000e8f4   0x0000e8f4   0x0000006c   Code   RO         7263    i.w_SetTextTextBox  Y6GUI.lib(textbox.o)
    0x0000e960   0x0000e960   0x00000002   Code   RO         5649    i.w_SlidEventNULL   Y6GUI.lib(widgetindex.o)
    0x0000e962   0x0000e962   0x00000028   Code   RO         5427    i.w_SlidEventRoundSlider  Y6GUI.lib(roundslider.o)
    0x0000e98a   0x0000e98a   0x00000028   Code   RO         7167    i.w_SlidEventSlider  Y6GUI.lib(slider.o)
    0x0000e9b2   0x0000e9b2   0x0000001c   Code   RO         6372    i.w_TimeOutEventGtimer  Y6GUI.lib(gtimer.o)
    0x0000e9ce   0x0000e9ce   0x00000002   Code   RO         5650    i.w_TimeOutEventNULL  Y6GUI.lib(widgetindex.o)
    0x0000e9d0   0x0000e9d0   0x00000044   Code   RO         5525    i.w_TimeOutEventPicanimation  Y6GUI.lib(picanimation.o)
    0x0000ea14   0x0000ea14   0x00000024   Code   RO         7029    i.w_TimeOutEventRollTextBox  Y6GUI.lib(rolltextbox.o)
    0x0000ea38   0x0000ea38   0x00000056   Code   RO         7410    i.w_TimeOutEventVirtualGif  Y6GUI.lib(virtualgif.o)
    0x0000ea8e   0x0000ea8e   0x00000024   Code   RO         6031    i.w_UpdateEventBinaryButton  Y6GUI.lib(binarybutton.o)
    0x0000eab2   0x0000eab2   0x00000002   PAD
    0x0000eab4   0x0000eab4   0x00000038   Code   RO         6116    i.w_UpdateEventButton  Y6GUI.lib(button.o)
    0x0000eaec   0x0000eaec   0x0000005a   Code   RO         6189    i.w_UpdateEventCutPicture  Y6GUI.lib(cutpicture.o)
    0x0000eb46   0x0000eb46   0x00000024   Code   RO         6259    i.w_UpdateEventFloatNumberBox  Y6GUI.lib(floatnumberbox.o)
    0x0000eb6a   0x0000eb6a   0x00000002   PAD
    0x0000eb6c   0x0000eb6c   0x00000034   Code   RO         5326    i.w_UpdateEventGraph  Y6GUI.lib(graph.o)
    0x0000eba0   0x0000eba0   0x00000002   Code   RO         5651    i.w_UpdateEventNULL  Y6GUI.lib(widgetindex.o)
    0x0000eba2   0x0000eba2   0x00000022   Code   RO         6505    i.w_UpdateEventNumberBox  Y6GUI.lib(numberbox.o)
    0x0000ebc4   0x0000ebc4   0x00000024   Code   RO         6609    i.w_UpdateEventOptionBox  Y6GUI.lib(optionbox.o)
    0x0000ebe8   0x0000ebe8   0x0000001c   Code   RO         6692    i.w_UpdateEventPage  Y6GUI.lib(page.o)
    0x0000ec04   0x0000ec04   0x0000001c   Code   RO         5526    i.w_UpdateEventPicanimation  Y6GUI.lib(picanimation.o)
    0x0000ec20   0x0000ec20   0x00000024   Code   RO         6755    i.w_UpdateEventPictureBox  Y6GUI.lib(picturebox.o)
    0x0000ec44   0x0000ec44   0x00000040   Code   RO         6826    i.w_UpdateEventPointer  Y6GUI.lib(pointer.o)
    0x0000ec84   0x0000ec84   0x00000022   Code   RO         6934    i.w_UpdateEventProgressBar  Y6GUI.lib(progressbar.o)
    0x0000eca6   0x0000eca6   0x00000002   PAD
    0x0000eca8   0x0000eca8   0x00000040   Code   RO         4664    i.w_UpdateEventQRcodeBox  Y6GUI.lib(qrcodebox.o)
    0x0000ece8   0x0000ece8   0x0000001c   Code   RO         7030    i.w_UpdateEventRollTextBox  Y6GUI.lib(rolltextbox.o)
    0x0000ed04   0x0000ed04   0x00000164   Code   RO         5428    i.w_UpdateEventRoundSlider  Y6GUI.lib(roundslider.o)
    0x0000ee68   0x0000ee68   0x00000108   Code   RO         7168    i.w_UpdateEventSlider  Y6GUI.lib(slider.o)
    0x0000ef70   0x0000ef70   0x00000022   Code   RO         7264    i.w_UpdateEventTextBox  Y6GUI.lib(textbox.o)
    0x0000ef92   0x0000ef92   0x00000024   Code   RO         7411    i.w_UpdateEventVirtualGif  Y6GUI.lib(virtualgif.o)
    0x0000efb6   0x0000efb6   0x00000002   PAD
    0x0000efb8   0x0000efb8   0x0000026c   Code   RO         5429    i.w_UpdateRoundSliderValue  Y6GUI.lib(roundslider.o)
    0x0000f224   0x0000f224   0x00000084   Code   RO         7169    i.w_UpdateSliderValue  Y6GUI.lib(slider.o)
    0x0000f2a8   0x0000f2a8   0x00000200   Code   RO         6032    i.w_createBinaryButton  Y6GUI.lib(binarybutton.o)
    0x0000f4a8   0x0000f4a8   0x000001f4   Code   RO         6117    i.w_createButton    Y6GUI.lib(button.o)
    0x0000f69c   0x0000f69c   0x0000013c   Code   RO         6190    i.w_createCutPicture  Y6GUI.lib(cutpicture.o)
    0x0000f7d8   0x0000f7d8   0x00000164   Code   RO         6260    i.w_createFloatNumberBox  Y6GUI.lib(floatnumberbox.o)
    0x0000f93c   0x0000f93c   0x0000018c   Code   RO         5327    i.w_createGraph     Y6GUI.lib(graph.o)
    0x0000fac8   0x0000fac8   0x00000078   Code   RO         6373    i.w_createGtimer    Y6GUI.lib(gtimer.o)
    0x0000fb40   0x0000fb40   0x000000fc   Code   RO         6437    i.w_createGvariate  Y6GUI.lib(gvariate.o)
    0x0000fc3c   0x0000fc3c   0x0000000c   Code   RO         5652    i.w_createNULL      Y6GUI.lib(widgetindex.o)
    0x0000fc48   0x0000fc48   0x00000150   Code   RO         6506    i.w_createNumberBox  Y6GUI.lib(numberbox.o)
    0x0000fd98   0x0000fd98   0x00000110   Code   RO         6610    i.w_createOptionBox  Y6GUI.lib(optionbox.o)
    0x0000fea8   0x0000fea8   0x00000094   Code   RO         6693    i.w_createPage      Y6GUI.lib(page.o)
    0x0000ff3c   0x0000ff3c   0x00000134   Code   RO         5527    i.w_createPicanimation  Y6GUI.lib(picanimation.o)
    0x00010070   0x00010070   0x00000108   Code   RO         6756    i.w_createPictureBox  Y6GUI.lib(picturebox.o)
    0x00010178   0x00010178   0x00000164   Code   RO         6827    i.w_createPointer   Y6GUI.lib(pointer.o)
    0x000102dc   0x000102dc   0x00000148   Code   RO         6935    i.w_createProgressBar  Y6GUI.lib(progressbar.o)
    0x00010424   0x00010424   0x000001ac   Code   RO         4665    i.w_createQRcodeBox  Y6GUI.lib(qrcodebox.o)
    0x000105d0   0x000105d0   0x000002bc   Code   RO         7031    i.w_createRollTextBox  Y6GUI.lib(rolltextbox.o)
    0x0001088c   0x0001088c   0x0000019c   Code   RO         5430    i.w_createRoundSlider  Y6GUI.lib(roundslider.o)
    0x00010a28   0x00010a28   0x00000168   Code   RO         7170    i.w_createSlider    Y6GUI.lib(slider.o)
    0x00010b90   0x00010b90   0x00000204   Code   RO         7265    i.w_createTextBox   Y6GUI.lib(textbox.o)
    0x00010d94   0x00010d94   0x00000080   Code   RO         7365    i.w_createTouchArea  Y6GUI.lib(toucharea.o)
    0x00010e14   0x00010e14   0x00000130   Code   RO         7412    i.w_createVirtualGif  Y6GUI.lib(virtualgif.o)
    0x00010f44   0x00010f44   0x00000038   Code   RO         6033    i.w_deleteBinaryButton  Y6GUI.lib(binarybutton.o)
    0x00010f7c   0x00010f7c   0x00000038   Code   RO         6118    i.w_deleteButton    Y6GUI.lib(button.o)
    0x00010fb4   0x00010fb4   0x00000018   Code   RO         6191    i.w_deleteCutPicture  Y6GUI.lib(cutpicture.o)
    0x00010fcc   0x00010fcc   0x00000018   Code   RO         6261    i.w_deleteFloatNumberBox  Y6GUI.lib(floatnumberbox.o)
    0x00010fe4   0x00010fe4   0x000000a0   Code   RO         5328    i.w_deleteGraph     Y6GUI.lib(graph.o)
    0x00011084   0x00011084   0x00000018   Code   RO         6374    i.w_deleteGtimer    Y6GUI.lib(gtimer.o)
    0x0001109c   0x0001109c   0x00000038   Code   RO         6438    i.w_deleteGvariate  Y6GUI.lib(gvariate.o)
    0x000110d4   0x000110d4   0x00000002   Code   RO         5653    i.w_deleteNULL      Y6GUI.lib(widgetindex.o)
    0x000110d6   0x000110d6   0x00000002   PAD
    0x000110d8   0x000110d8   0x00000018   Code   RO         6507    i.w_deleteNumberBox  Y6GUI.lib(numberbox.o)
    0x000110f0   0x000110f0   0x00000018   Code   RO         6611    i.w_deleteOptionBox  Y6GUI.lib(optionbox.o)
    0x00011108   0x00011108   0x00000018   Code   RO         6694    i.w_deletePage      Y6GUI.lib(page.o)
    0x00011120   0x00011120   0x00000018   Code   RO         5528    i.w_deletePicanimation  Y6GUI.lib(picanimation.o)
    0x00011138   0x00011138   0x00000018   Code   RO         6757    i.w_deletePictureBox  Y6GUI.lib(picturebox.o)
    0x00011150   0x00011150   0x0000001c   Code   RO         6828    i.w_deletePointer   Y6GUI.lib(pointer.o)
    0x0001116c   0x0001116c   0x00000018   Code   RO         6936    i.w_deleteProgressBar  Y6GUI.lib(progressbar.o)
    0x00011184   0x00011184   0x00000050   Code   RO         4666    i.w_deleteQRcodeBox  Y6GUI.lib(qrcodebox.o)
    0x000111d4   0x000111d4   0x00000038   Code   RO         7032    i.w_deleteRollTextBox  Y6GUI.lib(rolltextbox.o)
    0x0001120c   0x0001120c   0x00000018   Code   RO         5431    i.w_deleteRoundSlider  Y6GUI.lib(roundslider.o)
    0x00011224   0x00011224   0x00000018   Code   RO         7171    i.w_deleteSlider    Y6GUI.lib(slider.o)
    0x0001123c   0x0001123c   0x00000038   Code   RO         7266    i.w_deleteTextBox   Y6GUI.lib(textbox.o)
    0x00011274   0x00011274   0x00000018   Code   RO         7366    i.w_deleteTouchArea  Y6GUI.lib(toucharea.o)
    0x0001128c   0x0001128c   0x00000018   Code   RO         7413    i.w_deleteVirtualGif  Y6GUI.lib(virtualgif.o)
    0x000112a4   0x000112a4   0x000002dc   Code   RO         6034    i.w_dispBinaryButton  Y6GUI.lib(binarybutton.o)
    0x00011580   0x00011580   0x0000025c   Code   RO         6119    i.w_dispButton      Y6GUI.lib(button.o)
    0x000117dc   0x000117dc   0x00000364   Code   RO         7503    i.w_dispCharUseExFont  Y6GUI.lib(drawchar.o)
    0x00011b40   0x00011b40   0x00000042   Code   RO         6192    i.w_dispCutPicture  Y6GUI.lib(cutpicture.o)
    0x00011b82   0x00011b82   0x00000002   PAD
    0x00011b84   0x00011b84   0x00000410   Code   RO         6262    i.w_dispFloatNumberBox  Y6GUI.lib(floatnumberbox.o)
    0x00011f94   0x00011f94   0x00000080   Code   RO         5329    i.w_dispGraph       Y6GUI.lib(graph.o)
    0x00012014   0x00012014   0x00000002   Code   RO         5654    i.w_dispNULL        Y6GUI.lib(widgetindex.o)
    0x00012016   0x00012016   0x00000002   PAD
    0x00012018   0x00012018   0x0000039c   Code   RO         6508    i.w_dispNumberBox   Y6GUI.lib(numberbox.o)
    0x000123b4   0x000123b4   0x00000238   Code   RO         6612    i.w_dispOptionBox   Y6GUI.lib(optionbox.o)
    0x000125ec   0x000125ec   0x0000007c   Code   RO         6695    i.w_dispPage        Y6GUI.lib(page.o)
    0x00012668   0x00012668   0x00000f32   Code   RO         5529    i.w_dispPicanimation  Y6GUI.lib(picanimation.o)
    0x0001359a   0x0001359a   0x00000026   Code   RO         6758    i.w_dispPictureBox  Y6GUI.lib(picturebox.o)
    0x000135c0   0x000135c0   0x00000120   Code   RO         6829    i.w_dispPointer     Y6GUI.lib(pointer.o)
    0x000136e0   0x000136e0   0x0000018c   Code   RO         6937    i.w_dispProgressBar  Y6GUI.lib(progressbar.o)
    0x0001386c   0x0001386c   0x00000278   Code   RO         4667    i.w_dispQRcodeBox   Y6GUI.lib(qrcodebox.o)
    0x00013ae4   0x00013ae4   0x000004b8   Code   RO         7033    i.w_dispRollTextBox  Y6GUI.lib(rolltextbox.o)
    0x00013f9c   0x00013f9c   0x000000f4   Code   RO         5432    i.w_dispRoundSlider  Y6GUI.lib(roundslider.o)
    0x00014090   0x00014090   0x000000d0   Code   RO         7172    i.w_dispSlider      Y6GUI.lib(slider.o)
    0x00014160   0x00014160   0x000002b0   Code   RO         7267    i.w_dispTextBox     Y6GUI.lib(textbox.o)
    0x00014410   0x00014410   0x00000026   Code   RO         7414    i.w_dispVirtualGif  Y6GUI.lib(virtualgif.o)
    0x00014436   0x00014436   0x00000002   PAD
    0x00014438   0x00014438   0x00000048   Code   RO         6035    i.w_registerBinaryButtonEvent  Y6GUI.lib(binarybutton.o)
    0x00014480   0x00014480   0x00000048   Code   RO         6120    i.w_registerButtonEvent  Y6GUI.lib(button.o)
    0x000144c8   0x000144c8   0x00000048   Code   RO         6193    i.w_registerCutPictureEvent  Y6GUI.lib(cutpicture.o)
    0x00014510   0x00014510   0x00000048   Code   RO         6263    i.w_registerFloatNumberBoxEvent  Y6GUI.lib(floatnumberbox.o)
    0x00014558   0x00014558   0x00000048   Code   RO         5330    i.w_registerGraphEvent  Y6GUI.lib(graph.o)
    0x000145a0   0x000145a0   0x00000034   Code   RO         6375    i.w_registerGtimerEvent  Y6GUI.lib(gtimer.o)
    0x000145d4   0x000145d4   0x00000020   Code   RO         6439    i.w_registerGvariateEvent  Y6GUI.lib(gvariate.o)
    0x000145f4   0x000145f4   0x00000008   Code   RO         5655    i.w_registerNullEvent  Y6GUI.lib(widgetindex.o)
    0x000145fc   0x000145fc   0x00000048   Code   RO         6509    i.w_registerNumberBoxEvent  Y6GUI.lib(numberbox.o)
    0x00014644   0x00014644   0x00000048   Code   RO         6613    i.w_registerOptionBoxEvent  Y6GUI.lib(optionbox.o)
    0x0001468c   0x0001468c   0x00000060   Code   RO         6696    i.w_registerPageEvent  Y6GUI.lib(page.o)
    0x000146ec   0x000146ec   0x00000050   Code   RO         5530    i.w_registerPicanimationEvent  Y6GUI.lib(picanimation.o)
    0x0001473c   0x0001473c   0x00000048   Code   RO         6759    i.w_registerPictureBoxEvent  Y6GUI.lib(picturebox.o)
    0x00014784   0x00014784   0x00000048   Code   RO         6830    i.w_registerPointerEvent  Y6GUI.lib(pointer.o)
    0x000147cc   0x000147cc   0x00000048   Code   RO         6938    i.w_registerProgressBarEvent  Y6GUI.lib(progressbar.o)
    0x00014814   0x00014814   0x00000048   Code   RO         4668    i.w_registerQRcodeBoxEvent  Y6GUI.lib(qrcodebox.o)
    0x0001485c   0x0001485c   0x00000050   Code   RO         7034    i.w_registerRollTextBoxEvent  Y6GUI.lib(rolltextbox.o)
    0x000148ac   0x000148ac   0x00000048   Code   RO         5433    i.w_registerRoundSliderEvent  Y6GUI.lib(roundslider.o)
    0x000148f4   0x000148f4   0x00000048   Code   RO         7173    i.w_registerSliderEvent  Y6GUI.lib(slider.o)
    0x0001493c   0x0001493c   0x00000048   Code   RO         7268    i.w_registerTextBoxEvent  Y6GUI.lib(textbox.o)
    0x00014984   0x00014984   0x00000048   Code   RO         7367    i.w_registerTouchAreaEvent  Y6GUI.lib(toucharea.o)
    0x000149cc   0x000149cc   0x00000050   Code   RO         7415    i.w_registerVirtualGifEvent  Y6GUI.lib(virtualgif.o)
    0x00014a1c   0x00014a1c   0x00000054   Code   RO         6376    i.widget_TimeoutAdjustGtimer  Y6GUI.lib(gtimer.o)
    0x00014a70   0x00014a70   0x00000008   Code   RO         5656    i.widget_TimeoutAdjustNULL  Y6GUI.lib(widgetindex.o)
    0x00014a78   0x00014a78   0x00000054   Code   RO         5531    i.widget_TimeoutAdjustPicanimation  Y6GUI.lib(picanimation.o)
    0x00014acc   0x00014acc   0x00000058   Code   RO         7035    i.widget_TimeoutAdjustRollTextBox  Y6GUI.lib(rolltextbox.o)
    0x00014b24   0x00014b24   0x00000054   Code   RO         7416    i.widget_TimeoutAdjustVirtualGif  Y6GUI.lib(virtualgif.o)
    0x00014b78   0x00014b78   0x00000008   Data   RO         2436    .constdata          systemuart.o
    0x00014b80   0x00014b80   0x00000014   Data   RO         2626    .constdata          memoryinterface.o
    0x00014b94   0x00014b94   0x0000000c   Data   RO         2643    .constdata          flashinterface.o
    0x00014ba0   0x00014ba0   0x00000006   Data   RO         3334    .constdata          decrypt.o
    0x00014ba6   0x00014ba6   0x00000001   Data   RO         3395    .constdata          guiconfig.o
    0x00014ba7   0x00014ba7   0x00000001   PAD
    0x00014ba8   0x00014ba8   0x00000004   Data   RO         3396    .constdata          guiconfig.o
    0x00014bac   0x00014bac   0x00000001   Data   RO         3397    .constdata          guiconfig.o
    0x00014bad   0x00014bad   0x00000001   Data   RO         3398    .constdata          guiconfig.o
    0x00014bae   0x00014bae   0x00000002   PAD
    0x00014bb0   0x00014bb0   0x00000004   Data   RO         3399    .constdata          guiconfig.o
    0x00014bb4   0x00014bb4   0x00000004   Data   RO         3400    .constdata          guiconfig.o
    0x00014bb8   0x00014bb8   0x00000004   Data   RO         3401    .constdata          guiconfig.o
    0x00014bbc   0x00014bbc   0x00000004   Data   RO         3402    .constdata          guiconfig.o
    0x00014bc0   0x00014bc0   0x00000002   Data   RO         3403    .constdata          guiconfig.o
    0x00014bc2   0x00014bc2   0x00000004   Data   RO         3410    .constdata          guiconfig.o
    0x00014bc6   0x00014bc6   0x00000002   Data   RO         3411    .constdata          guiconfig.o
    0x00014bc8   0x00014bc8   0x00000002   Data   RO         3412    .constdata          guiconfig.o
    0x00014bca   0x00014bca   0x00000002   Data   RO         3413    .constdata          guiconfig.o
    0x00014bcc   0x00014bcc   0x00000002   Data   RO         3414    .constdata          guiconfig.o
    0x00014bce   0x00014bce   0x00000002   Data   RO         3415    .constdata          guiconfig.o
    0x00014bd0   0x00014bd0   0x00000002   Data   RO         3416    .constdata          guiconfig.o
    0x00014bd2   0x00014bd2   0x00000002   PAD
    0x00014bd4   0x00014bd4   0x00001388   Data   RO         3504    .constdata          y6_command.o
    0x00015f5c   0x00015f5c   0x00001000   Data   RO         3737    .constdata          y6_systemfontlib.o
    0x00016f5c   0x00016f5c   0x000004c4   Data   RO         3779    .constdata          demotest01.o
    0x00017420   0x00017420   0x00000408   Data   RO         5193    .constdata          Y6GUI.lib(qr_encode.o)
    0x00017828   0x00017828   0x00000007   Data   RO         5194    .constdata          Y6GUI.lib(qr_encode.o)
    0x0001782f   0x0001782f   0x0000000a   Data   RO         5195    .constdata          Y6GUI.lib(qr_encode.o)
    0x00017839   0x00017839   0x0000000d   Data   RO         5196    .constdata          Y6GUI.lib(qr_encode.o)
    0x00017846   0x00017846   0x0000000f   Data   RO         5197    .constdata          Y6GUI.lib(qr_encode.o)
    0x00017855   0x00017855   0x00000010   Data   RO         5198    .constdata          Y6GUI.lib(qr_encode.o)
    0x00017865   0x00017865   0x00000011   Data   RO         5199    .constdata          Y6GUI.lib(qr_encode.o)
    0x00017876   0x00017876   0x00000012   Data   RO         5200    .constdata          Y6GUI.lib(qr_encode.o)
    0x00017888   0x00017888   0x00000014   Data   RO         5201    .constdata          Y6GUI.lib(qr_encode.o)
    0x0001789c   0x0001789c   0x00000016   Data   RO         5202    .constdata          Y6GUI.lib(qr_encode.o)
    0x000178b2   0x000178b2   0x00000018   Data   RO         5203    .constdata          Y6GUI.lib(qr_encode.o)
    0x000178ca   0x000178ca   0x0000001a   Data   RO         5204    .constdata          Y6GUI.lib(qr_encode.o)
    0x000178e4   0x000178e4   0x0000001c   Data   RO         5205    .constdata          Y6GUI.lib(qr_encode.o)
    0x00017900   0x00017900   0x0000001e   Data   RO         5206    .constdata          Y6GUI.lib(qr_encode.o)
    0x0001791e   0x0001791e   0x00000020   Data   RO         5207    .constdata          Y6GUI.lib(qr_encode.o)
    0x0001793e   0x0001793e   0x00000022   Data   RO         5208    .constdata          Y6GUI.lib(qr_encode.o)
    0x00017960   0x00017960   0x00000024   Data   RO         5209    .constdata          Y6GUI.lib(qr_encode.o)
    0x00017984   0x00017984   0x00000026   Data   RO         5210    .constdata          Y6GUI.lib(qr_encode.o)
    0x000179aa   0x000179aa   0x00000028   Data   RO         5211    .constdata          Y6GUI.lib(qr_encode.o)
    0x000179d2   0x000179d2   0x0000002a   Data   RO         5212    .constdata          Y6GUI.lib(qr_encode.o)
    0x000179fc   0x000179fc   0x0000002c   Data   RO         5213    .constdata          Y6GUI.lib(qr_encode.o)
    0x00017a28   0x00017a28   0x0000002e   Data   RO         5214    .constdata          Y6GUI.lib(qr_encode.o)
    0x00017a56   0x00017a56   0x00000030   Data   RO         5215    .constdata          Y6GUI.lib(qr_encode.o)
    0x00017a86   0x00017a86   0x00000032   Data   RO         5216    .constdata          Y6GUI.lib(qr_encode.o)
    0x00017ab8   0x00017ab8   0x00000034   Data   RO         5217    .constdata          Y6GUI.lib(qr_encode.o)
    0x00017aec   0x00017aec   0x00000036   Data   RO         5218    .constdata          Y6GUI.lib(qr_encode.o)
    0x00017b22   0x00017b22   0x00000038   Data   RO         5219    .constdata          Y6GUI.lib(qr_encode.o)
    0x00017b5a   0x00017b5a   0x0000003a   Data   RO         5220    .constdata          Y6GUI.lib(qr_encode.o)
    0x00017b94   0x00017b94   0x0000003c   Data   RO         5221    .constdata          Y6GUI.lib(qr_encode.o)
    0x00017bd0   0x00017bd0   0x0000003e   Data   RO         5222    .constdata          Y6GUI.lib(qr_encode.o)
    0x00017c0e   0x00017c0e   0x00000040   Data   RO         5223    .constdata          Y6GUI.lib(qr_encode.o)
    0x00017c4e   0x00017c4e   0x00000042   Data   RO         5224    .constdata          Y6GUI.lib(qr_encode.o)
    0x00017c90   0x00017c90   0x00000044   Data   RO         5225    .constdata          Y6GUI.lib(qr_encode.o)
    0x00017cd4   0x00017cd4   0x00000058   Data   RO         5657    .constdata          Y6GUI.lib(widgetindex.o)
    0x00017d2c   0x00017d2c   0x00000058   Data   RO         5658    .constdata          Y6GUI.lib(widgetindex.o)
    0x00017d84   0x00017d84   0x00000058   Data   RO         5659    .constdata          Y6GUI.lib(widgetindex.o)
    0x00017ddc   0x00017ddc   0x00000058   Data   RO         5660    .constdata          Y6GUI.lib(widgetindex.o)
    0x00017e34   0x00017e34   0x00000058   Data   RO         5661    .constdata          Y6GUI.lib(widgetindex.o)
    0x00017e8c   0x00017e8c   0x00000058   Data   RO         5662    .constdata          Y6GUI.lib(widgetindex.o)
    0x00017ee4   0x00017ee4   0x00000058   Data   RO         5663    .constdata          Y6GUI.lib(widgetindex.o)
    0x00017f3c   0x00017f3c   0x00000058   Data   RO         5664    .constdata          Y6GUI.lib(widgetindex.o)
    0x00017f94   0x00017f94   0x00000058   Data   RO         5665    .constdata          Y6GUI.lib(widgetindex.o)
    0x00017fec   0x00017fec   0x00000058   Data   RO         5666    .constdata          Y6GUI.lib(widgetindex.o)
    0x00018044   0x00018044   0x00000058   Data   RO         5667    .constdata          Y6GUI.lib(widgetindex.o)
    0x0001809c   0x0001809c   0x00000058   Data   RO         5668    .constdata          Y6GUI.lib(widgetindex.o)
    0x000180f4   0x000180f4   0x00000058   Data   RO         5669    .constdata          Y6GUI.lib(widgetindex.o)
    0x0001814c   0x0001814c   0x00000058   Data   RO         5670    .constdata          Y6GUI.lib(widgetindex.o)
    0x000181a4   0x000181a4   0x00000058   Data   RO         5683    .constdata          Y6GUI.lib(widgetindex.o)
    0x000181fc   0x000181fc   0x000005a4   Data   RO         6014    .constdata          Y6GUI.lib(trigtable.o)
    0x000187a0   0x000187a0   0x000005a4   Data   RO         6015    .constdata          Y6GUI.lib(trigtable.o)
    0x00018d44   0x00018d44   0x00000b40   Data   RO         6831    .constdata          Y6GUI.lib(pointer.o)
    0x00019884   0x00019884   0x0000056a   Data   RO         7666    .constdata          Y6GUI.lib(fullfunckeyboard.o)
    0x00019dee   0x00019dee   0x00000330   Data   RO         7833    .constdata          Y6GUI.lib(numberfunckeyboard1.o)
    0x0001a11e   0x0001a11e   0x00000001   Data   RO         7937    .constdata          Y6GUI.lib(gb2312tab.o)
    0x0001a11f   0x0001a11f   0x00000011   Data   RO         7938    .constdata          Y6GUI.lib(gb2312tab.o)
    0x0001a130   0x0001a130   0x0000002d   Data   RO         7939    .constdata          Y6GUI.lib(gb2312tab.o)
    0x0001a15d   0x0001a15d   0x00000025   Data   RO         7940    .constdata          Y6GUI.lib(gb2312tab.o)
    0x0001a182   0x0001a182   0x00000007   Data   RO         7941    .constdata          Y6GUI.lib(gb2312tab.o)
    0x0001a189   0x0001a189   0x0000002f   Data   RO         7942    .constdata          Y6GUI.lib(gb2312tab.o)
    0x0001a1b8   0x0001a1b8   0x00000035   Data   RO         7943    .constdata          Y6GUI.lib(gb2312tab.o)
    0x0001a1ed   0x0001a1ed   0x00000017   Data   RO         7944    .constdata          Y6GUI.lib(gb2312tab.o)
    0x0001a204   0x0001a204   0x0000002d   Data   RO         7945    .constdata          Y6GUI.lib(gb2312tab.o)
    0x0001a231   0x0001a231   0x0000001d   Data   RO         7946    .constdata          Y6GUI.lib(gb2312tab.o)
    0x0001a24e   0x0001a24e   0x00000037   Data   RO         7947    .constdata          Y6GUI.lib(gb2312tab.o)
    0x0001a285   0x0001a285   0x0000003b   Data   RO         7948    .constdata          Y6GUI.lib(gb2312tab.o)
    0x0001a2c0   0x0001a2c0   0x00000011   Data   RO         7949    .constdata          Y6GUI.lib(gb2312tab.o)
    0x0001a2d1   0x0001a2d1   0x00000015   Data   RO         7950    .constdata          Y6GUI.lib(gb2312tab.o)
    0x0001a2e6   0x0001a2e6   0x00000075   Data   RO         7951    .constdata          Y6GUI.lib(gb2312tab.o)
    0x0001a35b   0x0001a35b   0x00000035   Data   RO         7952    .constdata          Y6GUI.lib(gb2312tab.o)
    0x0001a390   0x0001a390   0x00000021   Data   RO         7953    .constdata          Y6GUI.lib(gb2312tab.o)
    0x0001a3b1   0x0001a3b1   0x0000000b   Data   RO         7954    .constdata          Y6GUI.lib(gb2312tab.o)
    0x0001a3bc   0x0001a3bc   0x00000021   Data   RO         7955    .constdata          Y6GUI.lib(gb2312tab.o)
    0x0001a3dd   0x0001a3dd   0x0000001f   Data   RO         7956    .constdata          Y6GUI.lib(gb2312tab.o)
    0x0001a3fc   0x0001a3fc   0x0000004d   Data   RO         7957    .constdata          Y6GUI.lib(gb2312tab.o)
    0x0001a449   0x0001a449   0x00000029   Data   RO         7958    .constdata          Y6GUI.lib(gb2312tab.o)
    0x0001a472   0x0001a472   0x00000007   Data   RO         7959    .constdata          Y6GUI.lib(gb2312tab.o)
    0x0001a479   0x0001a479   0x00000017   Data   RO         7960    .constdata          Y6GUI.lib(gb2312tab.o)
    0x0001a490   0x0001a490   0x00000019   Data   RO         7961    .constdata          Y6GUI.lib(gb2312tab.o)
    0x0001a4a9   0x0001a4a9   0x0000000d   Data   RO         7962    .constdata          Y6GUI.lib(gb2312tab.o)
    0x0001a4b6   0x0001a4b6   0x00000015   Data   RO         7963    .constdata          Y6GUI.lib(gb2312tab.o)
    0x0001a4cb   0x0001a4cb   0x0000000d   Data   RO         7964    .constdata          Y6GUI.lib(gb2312tab.o)
    0x0001a4d8   0x0001a4d8   0x00000007   Data   RO         7965    .constdata          Y6GUI.lib(gb2312tab.o)
    0x0001a4df   0x0001a4df   0x00000009   Data   RO         7966    .constdata          Y6GUI.lib(gb2312tab.o)
    0x0001a4e8   0x0001a4e8   0x00000033   Data   RO         7967    .constdata          Y6GUI.lib(gb2312tab.o)
    0x0001a51b   0x0001a51b   0x00000013   Data   RO         7968    .constdata          Y6GUI.lib(gb2312tab.o)
    0x0001a52e   0x0001a52e   0x00000035   Data   RO         7969    .constdata          Y6GUI.lib(gb2312tab.o)
    0x0001a563   0x0001a563   0x00000035   Data   RO         7970    .constdata          Y6GUI.lib(gb2312tab.o)
    0x0001a598   0x0001a598   0x0000001d   Data   RO         7971    .constdata          Y6GUI.lib(gb2312tab.o)
    0x0001a5b5   0x0001a5b5   0x00000013   Data   RO         7972    .constdata          Y6GUI.lib(gb2312tab.o)
    0x0001a5c8   0x0001a5c8   0x00000029   Data   RO         7973    .constdata          Y6GUI.lib(gb2312tab.o)
    0x0001a5f1   0x0001a5f1   0x0000003b   Data   RO         7974    .constdata          Y6GUI.lib(gb2312tab.o)
    0x0001a62c   0x0001a62c   0x0000004f   Data   RO         7975    .constdata          Y6GUI.lib(gb2312tab.o)
    0x0001a67b   0x0001a67b   0x0000001d   Data   RO         7976    .constdata          Y6GUI.lib(gb2312tab.o)
    0x0001a698   0x0001a698   0x00000023   Data   RO         7977    .constdata          Y6GUI.lib(gb2312tab.o)
    0x0001a6bb   0x0001a6bb   0x0000003b   Data   RO         7978    .constdata          Y6GUI.lib(gb2312tab.o)
    0x0001a6f6   0x0001a6f6   0x0000000b   Data   RO         7979    .constdata          Y6GUI.lib(gb2312tab.o)
    0x0001a701   0x0001a701   0x0000001b   Data   RO         7980    .constdata          Y6GUI.lib(gb2312tab.o)
    0x0001a71c   0x0001a71c   0x00000011   Data   RO         7981    .constdata          Y6GUI.lib(gb2312tab.o)
    0x0001a72d   0x0001a72d   0x00000011   Data   RO         7982    .constdata          Y6GUI.lib(gb2312tab.o)
    0x0001a73e   0x0001a73e   0x00000015   Data   RO         7983    .constdata          Y6GUI.lib(gb2312tab.o)
    0x0001a753   0x0001a753   0x0000000f   Data   RO         7984    .constdata          Y6GUI.lib(gb2312tab.o)
    0x0001a762   0x0001a762   0x0000002b   Data   RO         7985    .constdata          Y6GUI.lib(gb2312tab.o)
    0x0001a78d   0x0001a78d   0x00000019   Data   RO         7986    .constdata          Y6GUI.lib(gb2312tab.o)
    0x0001a7a6   0x0001a7a6   0x00000009   Data   RO         7987    .constdata          Y6GUI.lib(gb2312tab.o)
    0x0001a7af   0x0001a7af   0x00000017   Data   RO         7988    .constdata          Y6GUI.lib(gb2312tab.o)
    0x0001a7c6   0x0001a7c6   0x00000011   Data   RO         7989    .constdata          Y6GUI.lib(gb2312tab.o)
    0x0001a7d7   0x0001a7d7   0x0000001f   Data   RO         7990    .constdata          Y6GUI.lib(gb2312tab.o)
    0x0001a7f6   0x0001a7f6   0x0000000b   Data   RO         7991    .constdata          Y6GUI.lib(gb2312tab.o)
    0x0001a801   0x0001a801   0x00000021   Data   RO         7992    .constdata          Y6GUI.lib(gb2312tab.o)
    0x0001a822   0x0001a822   0x00000023   Data   RO         7993    .constdata          Y6GUI.lib(gb2312tab.o)
    0x0001a845   0x0001a845   0x0000002d   Data   RO         7994    .constdata          Y6GUI.lib(gb2312tab.o)
    0x0001a872   0x0001a872   0x00000039   Data   RO         7995    .constdata          Y6GUI.lib(gb2312tab.o)
    0x0001a8ab   0x0001a8ab   0x00000019   Data   RO         7996    .constdata          Y6GUI.lib(gb2312tab.o)
    0x0001a8c4   0x0001a8c4   0x00000027   Data   RO         7997    .constdata          Y6GUI.lib(gb2312tab.o)
    0x0001a8eb   0x0001a8eb   0x0000000b   Data   RO         7998    .constdata          Y6GUI.lib(gb2312tab.o)
    0x0001a8f6   0x0001a8f6   0x00000003   Data   RO         7999    .constdata          Y6GUI.lib(gb2312tab.o)
    0x0001a8f9   0x0001a8f9   0x0000001d   Data   RO         8000    .constdata          Y6GUI.lib(gb2312tab.o)
    0x0001a916   0x0001a916   0x0000004f   Data   RO         8001    .constdata          Y6GUI.lib(gb2312tab.o)
    0x0001a965   0x0001a965   0x00000003   Data   RO         8002    .constdata          Y6GUI.lib(gb2312tab.o)
    0x0001a968   0x0001a968   0x00000033   Data   RO         8003    .constdata          Y6GUI.lib(gb2312tab.o)
    0x0001a99b   0x0001a99b   0x0000001b   Data   RO         8004    .constdata          Y6GUI.lib(gb2312tab.o)
    0x0001a9b6   0x0001a9b6   0x00000021   Data   RO         8005    .constdata          Y6GUI.lib(gb2312tab.o)
    0x0001a9d7   0x0001a9d7   0x00000027   Data   RO         8006    .constdata          Y6GUI.lib(gb2312tab.o)
    0x0001a9fe   0x0001a9fe   0x00000005   Data   RO         8007    .constdata          Y6GUI.lib(gb2312tab.o)
    0x0001aa03   0x0001aa03   0x00000025   Data   RO         8008    .constdata          Y6GUI.lib(gb2312tab.o)
    0x0001aa28   0x0001aa28   0x00000019   Data   RO         8009    .constdata          Y6GUI.lib(gb2312tab.o)
    0x0001aa41   0x0001aa41   0x00000031   Data   RO         8010    .constdata          Y6GUI.lib(gb2312tab.o)
    0x0001aa72   0x0001aa72   0x00000013   Data   RO         8011    .constdata          Y6GUI.lib(gb2312tab.o)
    0x0001aa85   0x0001aa85   0x0000000f   Data   RO         8012    .constdata          Y6GUI.lib(gb2312tab.o)
    0x0001aa94   0x0001aa94   0x00000021   Data   RO         8013    .constdata          Y6GUI.lib(gb2312tab.o)
    0x0001aab5   0x0001aab5   0x0000002b   Data   RO         8014    .constdata          Y6GUI.lib(gb2312tab.o)
    0x0001aae0   0x0001aae0   0x00000041   Data   RO         8015    .constdata          Y6GUI.lib(gb2312tab.o)
    0x0001ab21   0x0001ab21   0x00000003   Data   RO         8016    .constdata          Y6GUI.lib(gb2312tab.o)
    0x0001ab24   0x0001ab24   0x00000007   Data   RO         8017    .constdata          Y6GUI.lib(gb2312tab.o)
    0x0001ab2b   0x0001ab2b   0x0000001b   Data   RO         8018    .constdata          Y6GUI.lib(gb2312tab.o)
    0x0001ab46   0x0001ab46   0x00000015   Data   RO         8019    .constdata          Y6GUI.lib(gb2312tab.o)
    0x0001ab5b   0x0001ab5b   0x00000031   Data   RO         8020    .constdata          Y6GUI.lib(gb2312tab.o)
    0x0001ab8c   0x0001ab8c   0x00000023   Data   RO         8021    .constdata          Y6GUI.lib(gb2312tab.o)
    0x0001abaf   0x0001abaf   0x0000003f   Data   RO         8022    .constdata          Y6GUI.lib(gb2312tab.o)
    0x0001abee   0x0001abee   0x0000002d   Data   RO         8023    .constdata          Y6GUI.lib(gb2312tab.o)
    0x0001ac1b   0x0001ac1b   0x0000002b   Data   RO         8024    .constdata          Y6GUI.lib(gb2312tab.o)
    0x0001ac46   0x0001ac46   0x00000003   Data   RO         8025    .constdata          Y6GUI.lib(gb2312tab.o)
    0x0001ac49   0x0001ac49   0x00000005   Data   RO         8026    .constdata          Y6GUI.lib(gb2312tab.o)
    0x0001ac4e   0x0001ac4e   0x000000a9   Data   RO         8027    .constdata          Y6GUI.lib(gb2312tab.o)
    0x0001acf7   0x0001acf7   0x00000015   Data   RO         8028    .constdata          Y6GUI.lib(gb2312tab.o)
    0x0001ad0c   0x0001ad0c   0x0000001b   Data   RO         8029    .constdata          Y6GUI.lib(gb2312tab.o)
    0x0001ad27   0x0001ad27   0x00000031   Data   RO         8030    .constdata          Y6GUI.lib(gb2312tab.o)
    0x0001ad58   0x0001ad58   0x0000001b   Data   RO         8031    .constdata          Y6GUI.lib(gb2312tab.o)
    0x0001ad73   0x0001ad73   0x00000027   Data   RO         8032    .constdata          Y6GUI.lib(gb2312tab.o)
    0x0001ad9a   0x0001ad9a   0x00000047   Data   RO         8033    .constdata          Y6GUI.lib(gb2312tab.o)
    0x0001ade1   0x0001ade1   0x00000003   Data   RO         8034    .constdata          Y6GUI.lib(gb2312tab.o)
    0x0001ade4   0x0001ade4   0x0000000d   Data   RO         8035    .constdata          Y6GUI.lib(gb2312tab.o)
    0x0001adf1   0x0001adf1   0x00000019   Data   RO         8036    .constdata          Y6GUI.lib(gb2312tab.o)
    0x0001ae0a   0x0001ae0a   0x00000029   Data   RO         8037    .constdata          Y6GUI.lib(gb2312tab.o)
    0x0001ae33   0x0001ae33   0x0000002b   Data   RO         8038    .constdata          Y6GUI.lib(gb2312tab.o)
    0x0001ae5e   0x0001ae5e   0x00000055   Data   RO         8039    .constdata          Y6GUI.lib(gb2312tab.o)
    0x0001aeb3   0x0001aeb3   0x00000019   Data   RO         8040    .constdata          Y6GUI.lib(gb2312tab.o)
    0x0001aecc   0x0001aecc   0x00000009   Data   RO         8041    .constdata          Y6GUI.lib(gb2312tab.o)
    0x0001aed5   0x0001aed5   0x00000027   Data   RO         8042    .constdata          Y6GUI.lib(gb2312tab.o)
    0x0001aefc   0x0001aefc   0x0000000f   Data   RO         8043    .constdata          Y6GUI.lib(gb2312tab.o)
    0x0001af0b   0x0001af0b   0x0000003b   Data   RO         8044    .constdata          Y6GUI.lib(gb2312tab.o)
    0x0001af46   0x0001af46   0x0000000f   Data   RO         8045    .constdata          Y6GUI.lib(gb2312tab.o)
    0x0001af55   0x0001af55   0x00000029   Data   RO         8046    .constdata          Y6GUI.lib(gb2312tab.o)
    0x0001af7e   0x0001af7e   0x00000007   Data   RO         8047    .constdata          Y6GUI.lib(gb2312tab.o)
    0x0001af85   0x0001af85   0x00000019   Data   RO         8048    .constdata          Y6GUI.lib(gb2312tab.o)
    0x0001af9e   0x0001af9e   0x0000003b   Data   RO         8049    .constdata          Y6GUI.lib(gb2312tab.o)
    0x0001afd9   0x0001afd9   0x00000013   Data   RO         8050    .constdata          Y6GUI.lib(gb2312tab.o)
    0x0001afec   0x0001afec   0x0000002b   Data   RO         8051    .constdata          Y6GUI.lib(gb2312tab.o)
    0x0001b017   0x0001b017   0x0000003d   Data   RO         8052    .constdata          Y6GUI.lib(gb2312tab.o)
    0x0001b054   0x0001b054   0x00000005   Data   RO         8053    .constdata          Y6GUI.lib(gb2312tab.o)
    0x0001b059   0x0001b059   0x00000009   Data   RO         8054    .constdata          Y6GUI.lib(gb2312tab.o)
    0x0001b062   0x0001b062   0x00000011   Data   RO         8055    .constdata          Y6GUI.lib(gb2312tab.o)
    0x0001b073   0x0001b073   0x00000023   Data   RO         8056    .constdata          Y6GUI.lib(gb2312tab.o)
    0x0001b096   0x0001b096   0x0000001f   Data   RO         8057    .constdata          Y6GUI.lib(gb2312tab.o)
    0x0001b0b5   0x0001b0b5   0x0000005d   Data   RO         8058    .constdata          Y6GUI.lib(gb2312tab.o)
    0x0001b112   0x0001b112   0x0000001b   Data   RO         8059    .constdata          Y6GUI.lib(gb2312tab.o)
    0x0001b12d   0x0001b12d   0x0000000d   Data   RO         8060    .constdata          Y6GUI.lib(gb2312tab.o)
    0x0001b13a   0x0001b13a   0x0000003d   Data   RO         8061    .constdata          Y6GUI.lib(gb2312tab.o)
    0x0001b177   0x0001b177   0x00000033   Data   RO         8062    .constdata          Y6GUI.lib(gb2312tab.o)
    0x0001b1aa   0x0001b1aa   0x00000051   Data   RO         8063    .constdata          Y6GUI.lib(gb2312tab.o)
    0x0001b1fb   0x0001b1fb   0x00000017   Data   RO         8064    .constdata          Y6GUI.lib(gb2312tab.o)
    0x0001b212   0x0001b212   0x0000002b   Data   RO         8065    .constdata          Y6GUI.lib(gb2312tab.o)
    0x0001b23d   0x0001b23d   0x000000d7   Data   RO         8066    .constdata          Y6GUI.lib(gb2312tab.o)
    0x0001b314   0x0001b314   0x0000004f   Data   RO         8067    .constdata          Y6GUI.lib(gb2312tab.o)
    0x0001b363   0x0001b363   0x0000008d   Data   RO         8068    .constdata          Y6GUI.lib(gb2312tab.o)
    0x0001b3f0   0x0001b3f0   0x00000031   Data   RO         8069    .constdata          Y6GUI.lib(gb2312tab.o)
    0x0001b421   0x0001b421   0x0000005d   Data   RO         8070    .constdata          Y6GUI.lib(gb2312tab.o)
    0x0001b47e   0x0001b47e   0x0000005b   Data   RO         8071    .constdata          Y6GUI.lib(gb2312tab.o)
    0x0001b4d9   0x0001b4d9   0x00000047   Data   RO         8072    .constdata          Y6GUI.lib(gb2312tab.o)
    0x0001b520   0x0001b520   0x00000055   Data   RO         8073    .constdata          Y6GUI.lib(gb2312tab.o)
    0x0001b575   0x0001b575   0x0000000b   Data   RO         8074    .constdata          Y6GUI.lib(gb2312tab.o)
    0x0001b580   0x0001b580   0x00000035   Data   RO         8075    .constdata          Y6GUI.lib(gb2312tab.o)
    0x0001b5b5   0x0001b5b5   0x0000006d   Data   RO         8076    .constdata          Y6GUI.lib(gb2312tab.o)
    0x0001b622   0x0001b622   0x00000021   Data   RO         8077    .constdata          Y6GUI.lib(gb2312tab.o)
    0x0001b643   0x0001b643   0x0000003d   Data   RO         8078    .constdata          Y6GUI.lib(gb2312tab.o)
    0x0001b680   0x0001b680   0x00000021   Data   RO         8079    .constdata          Y6GUI.lib(gb2312tab.o)
    0x0001b6a1   0x0001b6a1   0x0000000f   Data   RO         8080    .constdata          Y6GUI.lib(gb2312tab.o)
    0x0001b6b0   0x0001b6b0   0x0000001b   Data   RO         8081    .constdata          Y6GUI.lib(gb2312tab.o)
    0x0001b6cb   0x0001b6cb   0x0000001d   Data   RO         8082    .constdata          Y6GUI.lib(gb2312tab.o)
    0x0001b6e8   0x0001b6e8   0x00000015   Data   RO         8083    .constdata          Y6GUI.lib(gb2312tab.o)
    0x0001b6fd   0x0001b6fd   0x00000011   Data   RO         8084    .constdata          Y6GUI.lib(gb2312tab.o)
    0x0001b70e   0x0001b70e   0x00000049   Data   RO         8085    .constdata          Y6GUI.lib(gb2312tab.o)
    0x0001b757   0x0001b757   0x0000000b   Data   RO         8086    .constdata          Y6GUI.lib(gb2312tab.o)
    0x0001b762   0x0001b762   0x0000000b   Data   RO         8087    .constdata          Y6GUI.lib(gb2312tab.o)
    0x0001b76d   0x0001b76d   0x0000000f   Data   RO         8088    .constdata          Y6GUI.lib(gb2312tab.o)
    0x0001b77c   0x0001b77c   0x00000013   Data   RO         8089    .constdata          Y6GUI.lib(gb2312tab.o)
    0x0001b78f   0x0001b78f   0x00000019   Data   RO         8090    .constdata          Y6GUI.lib(gb2312tab.o)
    0x0001b7a8   0x0001b7a8   0x0000000f   Data   RO         8091    .constdata          Y6GUI.lib(gb2312tab.o)
    0x0001b7b7   0x0001b7b7   0x00000015   Data   RO         8092    .constdata          Y6GUI.lib(gb2312tab.o)
    0x0001b7cc   0x0001b7cc   0x00000007   Data   RO         8093    .constdata          Y6GUI.lib(gb2312tab.o)
    0x0001b7d3   0x0001b7d3   0x00000021   Data   RO         8094    .constdata          Y6GUI.lib(gb2312tab.o)
    0x0001b7f4   0x0001b7f4   0x00000039   Data   RO         8095    .constdata          Y6GUI.lib(gb2312tab.o)
    0x0001b82d   0x0001b82d   0x00000017   Data   RO         8096    .constdata          Y6GUI.lib(gb2312tab.o)
    0x0001b844   0x0001b844   0x0000000b   Data   RO         8097    .constdata          Y6GUI.lib(gb2312tab.o)
    0x0001b84f   0x0001b84f   0x0000001b   Data   RO         8098    .constdata          Y6GUI.lib(gb2312tab.o)
    0x0001b86a   0x0001b86a   0x00000019   Data   RO         8099    .constdata          Y6GUI.lib(gb2312tab.o)
    0x0001b883   0x0001b883   0x0000002d   Data   RO         8100    .constdata          Y6GUI.lib(gb2312tab.o)
    0x0001b8b0   0x0001b8b0   0x0000001d   Data   RO         8101    .constdata          Y6GUI.lib(gb2312tab.o)
    0x0001b8cd   0x0001b8cd   0x00000027   Data   RO         8102    .constdata          Y6GUI.lib(gb2312tab.o)
    0x0001b8f4   0x0001b8f4   0x0000000f   Data   RO         8103    .constdata          Y6GUI.lib(gb2312tab.o)
    0x0001b903   0x0001b903   0x00000029   Data   RO         8104    .constdata          Y6GUI.lib(gb2312tab.o)
    0x0001b92c   0x0001b92c   0x0000000b   Data   RO         8105    .constdata          Y6GUI.lib(gb2312tab.o)
    0x0001b937   0x0001b937   0x0000009d   Data   RO         8106    .constdata          Y6GUI.lib(gb2312tab.o)
    0x0001b9d4   0x0001b9d4   0x00000003   Data   RO         8107    .constdata          Y6GUI.lib(gb2312tab.o)
    0x0001b9d7   0x0001b9d7   0x00000035   Data   RO         8108    .constdata          Y6GUI.lib(gb2312tab.o)
    0x0001ba0c   0x0001ba0c   0x00000023   Data   RO         8109    .constdata          Y6GUI.lib(gb2312tab.o)
    0x0001ba2f   0x0001ba2f   0x0000002b   Data   RO         8110    .constdata          Y6GUI.lib(gb2312tab.o)
    0x0001ba5a   0x0001ba5a   0x0000001b   Data   RO         8111    .constdata          Y6GUI.lib(gb2312tab.o)
    0x0001ba75   0x0001ba75   0x00000033   Data   RO         8112    .constdata          Y6GUI.lib(gb2312tab.o)
    0x0001baa8   0x0001baa8   0x00000039   Data   RO         8113    .constdata          Y6GUI.lib(gb2312tab.o)
    0x0001bae1   0x0001bae1   0x0000002f   Data   RO         8114    .constdata          Y6GUI.lib(gb2312tab.o)
    0x0001bb10   0x0001bb10   0x00000003   Data   RO         8115    .constdata          Y6GUI.lib(gb2312tab.o)
    0x0001bb13   0x0001bb13   0x00000025   Data   RO         8116    .constdata          Y6GUI.lib(gb2312tab.o)
    0x0001bb38   0x0001bb38   0x00000021   Data   RO         8117    .constdata          Y6GUI.lib(gb2312tab.o)
    0x0001bb59   0x0001bb59   0x00000059   Data   RO         8118    .constdata          Y6GUI.lib(gb2312tab.o)
    0x0001bbb2   0x0001bbb2   0x0000002b   Data   RO         8119    .constdata          Y6GUI.lib(gb2312tab.o)
    0x0001bbdd   0x0001bbdd   0x0000000d   Data   RO         8120    .constdata          Y6GUI.lib(gb2312tab.o)
    0x0001bbea   0x0001bbea   0x00000007   Data   RO         8121    .constdata          Y6GUI.lib(gb2312tab.o)
    0x0001bbf1   0x0001bbf1   0x00000011   Data   RO         8122    .constdata          Y6GUI.lib(gb2312tab.o)
    0x0001bc02   0x0001bc02   0x0000003d   Data   RO         8123    .constdata          Y6GUI.lib(gb2312tab.o)
    0x0001bc3f   0x0001bc3f   0x00000003   Data   RO         8124    .constdata          Y6GUI.lib(gb2312tab.o)
    0x0001bc42   0x0001bc42   0x00000021   Data   RO         8125    .constdata          Y6GUI.lib(gb2312tab.o)
    0x0001bc63   0x0001bc63   0x00000027   Data   RO         8126    .constdata          Y6GUI.lib(gb2312tab.o)
    0x0001bc8a   0x0001bc8a   0x00000013   Data   RO         8127    .constdata          Y6GUI.lib(gb2312tab.o)
    0x0001bc9d   0x0001bc9d   0x00000015   Data   RO         8128    .constdata          Y6GUI.lib(gb2312tab.o)
    0x0001bcb2   0x0001bcb2   0x00000035   Data   RO         8129    .constdata          Y6GUI.lib(gb2312tab.o)
    0x0001bce7   0x0001bce7   0x00000003   Data   RO         8130    .constdata          Y6GUI.lib(gb2312tab.o)
    0x0001bcea   0x0001bcea   0x00000035   Data   RO         8131    .constdata          Y6GUI.lib(gb2312tab.o)
    0x0001bd1f   0x0001bd1f   0x0000000f   Data   RO         8132    .constdata          Y6GUI.lib(gb2312tab.o)
    0x0001bd2e   0x0001bd2e   0x00000027   Data   RO         8133    .constdata          Y6GUI.lib(gb2312tab.o)
    0x0001bd55   0x0001bd55   0x0000003f   Data   RO         8134    .constdata          Y6GUI.lib(gb2312tab.o)
    0x0001bd94   0x0001bd94   0x0000001f   Data   RO         8135    .constdata          Y6GUI.lib(gb2312tab.o)
    0x0001bdb3   0x0001bdb3   0x00000021   Data   RO         8136    .constdata          Y6GUI.lib(gb2312tab.o)
    0x0001bdd4   0x0001bdd4   0x0000000d   Data   RO         8137    .constdata          Y6GUI.lib(gb2312tab.o)
    0x0001bde1   0x0001bde1   0x00000021   Data   RO         8138    .constdata          Y6GUI.lib(gb2312tab.o)
    0x0001be02   0x0001be02   0x00000019   Data   RO         8139    .constdata          Y6GUI.lib(gb2312tab.o)
    0x0001be1b   0x0001be1b   0x00000005   Data   RO         8140    .constdata          Y6GUI.lib(gb2312tab.o)
    0x0001be20   0x0001be20   0x00000043   Data   RO         8141    .constdata          Y6GUI.lib(gb2312tab.o)
    0x0001be63   0x0001be63   0x00000013   Data   RO         8142    .constdata          Y6GUI.lib(gb2312tab.o)
    0x0001be76   0x0001be76   0x0000002f   Data   RO         8143    .constdata          Y6GUI.lib(gb2312tab.o)
    0x0001bea5   0x0001bea5   0x00000017   Data   RO         8144    .constdata          Y6GUI.lib(gb2312tab.o)
    0x0001bebc   0x0001bebc   0x00000015   Data   RO         8145    .constdata          Y6GUI.lib(gb2312tab.o)
    0x0001bed1   0x0001bed1   0x00000013   Data   RO         8146    .constdata          Y6GUI.lib(gb2312tab.o)
    0x0001bee4   0x0001bee4   0x0000000b   Data   RO         8147    .constdata          Y6GUI.lib(gb2312tab.o)
    0x0001beef   0x0001beef   0x0000001b   Data   RO         8148    .constdata          Y6GUI.lib(gb2312tab.o)
    0x0001bf0a   0x0001bf0a   0x00000007   Data   RO         8149    .constdata          Y6GUI.lib(gb2312tab.o)
    0x0001bf11   0x0001bf11   0x00000005   Data   RO         8150    .constdata          Y6GUI.lib(gb2312tab.o)
    0x0001bf16   0x0001bf16   0x00000005   Data   RO         8151    .constdata          Y6GUI.lib(gb2312tab.o)
    0x0001bf1b   0x0001bf1b   0x00000003   Data   RO         8152    .constdata          Y6GUI.lib(gb2312tab.o)
    0x0001bf1e   0x0001bf1e   0x00000003   Data   RO         8153    .constdata          Y6GUI.lib(gb2312tab.o)
    0x0001bf21   0x0001bf21   0x0000002f   Data   RO         8154    .constdata          Y6GUI.lib(gb2312tab.o)
    0x0001bf50   0x0001bf50   0x0000001b   Data   RO         8155    .constdata          Y6GUI.lib(gb2312tab.o)
    0x0001bf6b   0x0001bf6b   0x00000005   Data   RO         8156    .constdata          Y6GUI.lib(gb2312tab.o)
    0x0001bf70   0x0001bf70   0x0000000d   Data   RO         8157    .constdata          Y6GUI.lib(gb2312tab.o)
    0x0001bf7d   0x0001bf7d   0x0000001d   Data   RO         8158    .constdata          Y6GUI.lib(gb2312tab.o)
    0x0001bf9a   0x0001bf9a   0x00000003   Data   RO         8159    .constdata          Y6GUI.lib(gb2312tab.o)
    0x0001bf9d   0x0001bf9d   0x00000015   Data   RO         8160    .constdata          Y6GUI.lib(gb2312tab.o)
    0x0001bfb2   0x0001bfb2   0x00000011   Data   RO         8161    .constdata          Y6GUI.lib(gb2312tab.o)
    0x0001bfc3   0x0001bfc3   0x0000000d   Data   RO         8162    .constdata          Y6GUI.lib(gb2312tab.o)
    0x0001bfd0   0x0001bfd0   0x00000003   Data   RO         8163    .constdata          Y6GUI.lib(gb2312tab.o)
    0x0001bfd3   0x0001bfd3   0x0000000f   Data   RO         8164    .constdata          Y6GUI.lib(gb2312tab.o)
    0x0001bfe2   0x0001bfe2   0x00000003   Data   RO         8165    .constdata          Y6GUI.lib(gb2312tab.o)
    0x0001bfe5   0x0001bfe5   0x00000005   Data   RO         8166    .constdata          Y6GUI.lib(gb2312tab.o)
    0x0001bfea   0x0001bfea   0x00000013   Data   RO         8167    .constdata          Y6GUI.lib(gb2312tab.o)
    0x0001bffd   0x0001bffd   0x00000009   Data   RO         8168    .constdata          Y6GUI.lib(gb2312tab.o)
    0x0001c006   0x0001c006   0x00000007   Data   RO         8169    .constdata          Y6GUI.lib(gb2312tab.o)
    0x0001c00d   0x0001c00d   0x00000019   Data   RO         8170    .constdata          Y6GUI.lib(gb2312tab.o)
    0x0001c026   0x0001c026   0x00000017   Data   RO         8171    .constdata          Y6GUI.lib(gb2312tab.o)
    0x0001c03d   0x0001c03d   0x00000015   Data   RO         8172    .constdata          Y6GUI.lib(gb2312tab.o)
    0x0001c052   0x0001c052   0x00000027   Data   RO         8173    .constdata          Y6GUI.lib(gb2312tab.o)
    0x0001c079   0x0001c079   0x00000019   Data   RO         8174    .constdata          Y6GUI.lib(gb2312tab.o)
    0x0001c092   0x0001c092   0x00000019   Data   RO         8175    .constdata          Y6GUI.lib(gb2312tab.o)
    0x0001c0ab   0x0001c0ab   0x0000001f   Data   RO         8176    .constdata          Y6GUI.lib(gb2312tab.o)
    0x0001c0ca   0x0001c0ca   0x00000007   Data   RO         8177    .constdata          Y6GUI.lib(gb2312tab.o)
    0x0001c0d1   0x0001c0d1   0x00000025   Data   RO         8178    .constdata          Y6GUI.lib(gb2312tab.o)
    0x0001c0f6   0x0001c0f6   0x0000005d   Data   RO         8179    .constdata          Y6GUI.lib(gb2312tab.o)
    0x0001c153   0x0001c153   0x0000001b   Data   RO         8180    .constdata          Y6GUI.lib(gb2312tab.o)
    0x0001c16e   0x0001c16e   0x0000001b   Data   RO         8181    .constdata          Y6GUI.lib(gb2312tab.o)
    0x0001c189   0x0001c189   0x0000000b   Data   RO         8182    .constdata          Y6GUI.lib(gb2312tab.o)
    0x0001c194   0x0001c194   0x00000015   Data   RO         8183    .constdata          Y6GUI.lib(gb2312tab.o)
    0x0001c1a9   0x0001c1a9   0x0000001d   Data   RO         8184    .constdata          Y6GUI.lib(gb2312tab.o)
    0x0001c1c6   0x0001c1c6   0x0000002b   Data   RO         8185    .constdata          Y6GUI.lib(gb2312tab.o)
    0x0001c1f1   0x0001c1f1   0x00000007   Data   RO         8186    .constdata          Y6GUI.lib(gb2312tab.o)
    0x0001c1f8   0x0001c1f8   0x00000037   Data   RO         8187    .constdata          Y6GUI.lib(gb2312tab.o)
    0x0001c22f   0x0001c22f   0x00000093   Data   RO         8188    .constdata          Y6GUI.lib(gb2312tab.o)
    0x0001c2c2   0x0001c2c2   0x0000000f   Data   RO         8189    .constdata          Y6GUI.lib(gb2312tab.o)
    0x0001c2d1   0x0001c2d1   0x0000005d   Data   RO         8190    .constdata          Y6GUI.lib(gb2312tab.o)
    0x0001c32e   0x0001c32e   0x00000029   Data   RO         8191    .constdata          Y6GUI.lib(gb2312tab.o)
    0x0001c357   0x0001c357   0x0000003d   Data   RO         8192    .constdata          Y6GUI.lib(gb2312tab.o)
    0x0001c394   0x0001c394   0x0000001d   Data   RO         8193    .constdata          Y6GUI.lib(gb2312tab.o)
    0x0001c3b1   0x0001c3b1   0x0000002f   Data   RO         8194    .constdata          Y6GUI.lib(gb2312tab.o)
    0x0001c3e0   0x0001c3e0   0x00000035   Data   RO         8195    .constdata          Y6GUI.lib(gb2312tab.o)
    0x0001c415   0x0001c415   0x00000013   Data   RO         8196    .constdata          Y6GUI.lib(gb2312tab.o)
    0x0001c428   0x0001c428   0x00000031   Data   RO         8197    .constdata          Y6GUI.lib(gb2312tab.o)
    0x0001c459   0x0001c459   0x00000049   Data   RO         8198    .constdata          Y6GUI.lib(gb2312tab.o)
    0x0001c4a2   0x0001c4a2   0x0000002d   Data   RO         8199    .constdata          Y6GUI.lib(gb2312tab.o)
    0x0001c4cf   0x0001c4cf   0x00000017   Data   RO         8200    .constdata          Y6GUI.lib(gb2312tab.o)
    0x0001c4e6   0x0001c4e6   0x00000003   Data   RO         8201    .constdata          Y6GUI.lib(gb2312tab.o)
    0x0001c4e9   0x0001c4e9   0x00000009   Data   RO         8202    .constdata          Y6GUI.lib(gb2312tab.o)
    0x0001c4f2   0x0001c4f2   0x0000000f   Data   RO         8203    .constdata          Y6GUI.lib(gb2312tab.o)
    0x0001c501   0x0001c501   0x0000000f   Data   RO         8204    .constdata          Y6GUI.lib(gb2312tab.o)
    0x0001c510   0x0001c510   0x0000000d   Data   RO         8205    .constdata          Y6GUI.lib(gb2312tab.o)
    0x0001c51d   0x0001c51d   0x00000007   Data   RO         8206    .constdata          Y6GUI.lib(gb2312tab.o)
    0x0001c524   0x0001c524   0x00000025   Data   RO         8207    .constdata          Y6GUI.lib(gb2312tab.o)
    0x0001c549   0x0001c549   0x00000005   Data   RO         8208    .constdata          Y6GUI.lib(gb2312tab.o)
    0x0001c54e   0x0001c54e   0x00000003   Data   RO         8209    .constdata          Y6GUI.lib(gb2312tab.o)
    0x0001c551   0x0001c551   0x0000001f   Data   RO         8210    .constdata          Y6GUI.lib(gb2312tab.o)
    0x0001c570   0x0001c570   0x0000000d   Data   RO         8211    .constdata          Y6GUI.lib(gb2312tab.o)
    0x0001c57d   0x0001c57d   0x00000029   Data   RO         8212    .constdata          Y6GUI.lib(gb2312tab.o)
    0x0001c5a6   0x0001c5a6   0x00000007   Data   RO         8213    .constdata          Y6GUI.lib(gb2312tab.o)
    0x0001c5ad   0x0001c5ad   0x00000011   Data   RO         8214    .constdata          Y6GUI.lib(gb2312tab.o)
    0x0001c5be   0x0001c5be   0x00000005   Data   RO         8215    .constdata          Y6GUI.lib(gb2312tab.o)
    0x0001c5c3   0x0001c5c3   0x00000009   Data   RO         8216    .constdata          Y6GUI.lib(gb2312tab.o)
    0x0001c5cc   0x0001c5cc   0x0000000f   Data   RO         8217    .constdata          Y6GUI.lib(gb2312tab.o)
    0x0001c5db   0x0001c5db   0x0000000b   Data   RO         8218    .constdata          Y6GUI.lib(gb2312tab.o)
    0x0001c5e6   0x0001c5e6   0x0000000f   Data   RO         8219    .constdata          Y6GUI.lib(gb2312tab.o)
    0x0001c5f5   0x0001c5f5   0x0000000d   Data   RO         8220    .constdata          Y6GUI.lib(gb2312tab.o)
    0x0001c602   0x0001c602   0x00000013   Data   RO         8221    .constdata          Y6GUI.lib(gb2312tab.o)
    0x0001c615   0x0001c615   0x0000000f   Data   RO         8222    .constdata          Y6GUI.lib(gb2312tab.o)
    0x0001c624   0x0001c624   0x00000003   Data   RO         8223    .constdata          Y6GUI.lib(gb2312tab.o)
    0x0001c627   0x0001c627   0x00000003   Data   RO         8224    .constdata          Y6GUI.lib(gb2312tab.o)
    0x0001c62a   0x0001c62a   0x00000025   Data   RO         8225    .constdata          Y6GUI.lib(gb2312tab.o)
    0x0001c64f   0x0001c64f   0x00000007   Data   RO         8226    .constdata          Y6GUI.lib(gb2312tab.o)
    0x0001c656   0x0001c656   0x0000004d   Data   RO         8227    .constdata          Y6GUI.lib(gb2312tab.o)
    0x0001c6a3   0x0001c6a3   0x0000001b   Data   RO         8228    .constdata          Y6GUI.lib(gb2312tab.o)
    0x0001c6be   0x0001c6be   0x00000027   Data   RO         8229    .constdata          Y6GUI.lib(gb2312tab.o)
    0x0001c6e5   0x0001c6e5   0x0000002d   Data   RO         8230    .constdata          Y6GUI.lib(gb2312tab.o)
    0x0001c712   0x0001c712   0x00000003   Data   RO         8231    .constdata          Y6GUI.lib(gb2312tab.o)
    0x0001c715   0x0001c715   0x00000039   Data   RO         8232    .constdata          Y6GUI.lib(gb2312tab.o)
    0x0001c74e   0x0001c74e   0x00000023   Data   RO         8233    .constdata          Y6GUI.lib(gb2312tab.o)
    0x0001c771   0x0001c771   0x0000008d   Data   RO         8234    .constdata          Y6GUI.lib(gb2312tab.o)
    0x0001c7fe   0x0001c7fe   0x0000001d   Data   RO         8235    .constdata          Y6GUI.lib(gb2312tab.o)
    0x0001c81b   0x0001c81b   0x00000061   Data   RO         8236    .constdata          Y6GUI.lib(gb2312tab.o)
    0x0001c87c   0x0001c87c   0x00000007   Data   RO         8237    .constdata          Y6GUI.lib(gb2312tab.o)
    0x0001c883   0x0001c883   0x0000000d   Data   RO         8238    .constdata          Y6GUI.lib(gb2312tab.o)
    0x0001c890   0x0001c890   0x00000009   Data   RO         8239    .constdata          Y6GUI.lib(gb2312tab.o)
    0x0001c899   0x0001c899   0x0000000b   Data   RO         8240    .constdata          Y6GUI.lib(gb2312tab.o)
    0x0001c8a4   0x0001c8a4   0x0000000b   Data   RO         8241    .constdata          Y6GUI.lib(gb2312tab.o)
    0x0001c8af   0x0001c8af   0x00000009   Data   RO         8242    .constdata          Y6GUI.lib(gb2312tab.o)
    0x0001c8b8   0x0001c8b8   0x00000015   Data   RO         8243    .constdata          Y6GUI.lib(gb2312tab.o)
    0x0001c8cd   0x0001c8cd   0x00000045   Data   RO         8244    .constdata          Y6GUI.lib(gb2312tab.o)
    0x0001c912   0x0001c912   0x00000021   Data   RO         8245    .constdata          Y6GUI.lib(gb2312tab.o)
    0x0001c933   0x0001c933   0x0000001d   Data   RO         8246    .constdata          Y6GUI.lib(gb2312tab.o)
    0x0001c950   0x0001c950   0x0000002d   Data   RO         8247    .constdata          Y6GUI.lib(gb2312tab.o)
    0x0001c97d   0x0001c97d   0x00000009   Data   RO         8248    .constdata          Y6GUI.lib(gb2312tab.o)
    0x0001c986   0x0001c986   0x00000017   Data   RO         8249    .constdata          Y6GUI.lib(gb2312tab.o)
    0x0001c99d   0x0001c99d   0x00000007   Data   RO         8250    .constdata          Y6GUI.lib(gb2312tab.o)
    0x0001c9a4   0x0001c9a4   0x00000023   Data   RO         8251    .constdata          Y6GUI.lib(gb2312tab.o)
    0x0001c9c7   0x0001c9c7   0x00000027   Data   RO         8252    .constdata          Y6GUI.lib(gb2312tab.o)
    0x0001c9ee   0x0001c9ee   0x00000023   Data   RO         8253    .constdata          Y6GUI.lib(gb2312tab.o)
    0x0001ca11   0x0001ca11   0x00000039   Data   RO         8254    .constdata          Y6GUI.lib(gb2312tab.o)
    0x0001ca4a   0x0001ca4a   0x00000037   Data   RO         8255    .constdata          Y6GUI.lib(gb2312tab.o)
    0x0001ca81   0x0001ca81   0x00000025   Data   RO         8256    .constdata          Y6GUI.lib(gb2312tab.o)
    0x0001caa6   0x0001caa6   0x00000009   Data   RO         8257    .constdata          Y6GUI.lib(gb2312tab.o)
    0x0001caaf   0x0001caaf   0x0000000b   Data   RO         8258    .constdata          Y6GUI.lib(gb2312tab.o)
    0x0001caba   0x0001caba   0x00000031   Data   RO         8259    .constdata          Y6GUI.lib(gb2312tab.o)
    0x0001caeb   0x0001caeb   0x0000001f   Data   RO         8260    .constdata          Y6GUI.lib(gb2312tab.o)
    0x0001cb0a   0x0001cb0a   0x00000023   Data   RO         8261    .constdata          Y6GUI.lib(gb2312tab.o)
    0x0001cb2d   0x0001cb2d   0x0000000d   Data   RO         8262    .constdata          Y6GUI.lib(gb2312tab.o)
    0x0001cb3a   0x0001cb3a   0x00000023   Data   RO         8263    .constdata          Y6GUI.lib(gb2312tab.o)
    0x0001cb5d   0x0001cb5d   0x0000002d   Data   RO         8264    .constdata          Y6GUI.lib(gb2312tab.o)
    0x0001cb8a   0x0001cb8a   0x0000000f   Data   RO         8265    .constdata          Y6GUI.lib(gb2312tab.o)
    0x0001cb99   0x0001cb99   0x00000021   Data   RO         8266    .constdata          Y6GUI.lib(gb2312tab.o)
    0x0001cbba   0x0001cbba   0x0000000b   Data   RO         8267    .constdata          Y6GUI.lib(gb2312tab.o)
    0x0001cbc5   0x0001cbc5   0x0000000f   Data   RO         8268    .constdata          Y6GUI.lib(gb2312tab.o)
    0x0001cbd4   0x0001cbd4   0x00000013   Data   RO         8269    .constdata          Y6GUI.lib(gb2312tab.o)
    0x0001cbe7   0x0001cbe7   0x00000035   Data   RO         8270    .constdata          Y6GUI.lib(gb2312tab.o)
    0x0001cc1c   0x0001cc1c   0x00000015   Data   RO         8271    .constdata          Y6GUI.lib(gb2312tab.o)
    0x0001cc31   0x0001cc31   0x00000007   Data   RO         8272    .constdata          Y6GUI.lib(gb2312tab.o)
    0x0001cc38   0x0001cc38   0x0000003b   Data   RO         8273    .constdata          Y6GUI.lib(gb2312tab.o)
    0x0001cc73   0x0001cc73   0x0000001f   Data   RO         8274    .constdata          Y6GUI.lib(gb2312tab.o)
    0x0001cc92   0x0001cc92   0x0000007b   Data   RO         8275    .constdata          Y6GUI.lib(gb2312tab.o)
    0x0001cd0d   0x0001cd0d   0x00000021   Data   RO         8276    .constdata          Y6GUI.lib(gb2312tab.o)
    0x0001cd2e   0x0001cd2e   0x0000000b   Data   RO         8277    .constdata          Y6GUI.lib(gb2312tab.o)
    0x0001cd39   0x0001cd39   0x00000023   Data   RO         8278    .constdata          Y6GUI.lib(gb2312tab.o)
    0x0001cd5c   0x0001cd5c   0x00000071   Data   RO         8279    .constdata          Y6GUI.lib(gb2312tab.o)
    0x0001cdcd   0x0001cdcd   0x00000099   Data   RO         8280    .constdata          Y6GUI.lib(gb2312tab.o)
    0x0001ce66   0x0001ce66   0x0000002b   Data   RO         8281    .constdata          Y6GUI.lib(gb2312tab.o)
    0x0001ce91   0x0001ce91   0x00000063   Data   RO         8282    .constdata          Y6GUI.lib(gb2312tab.o)
    0x0001cef4   0x0001cef4   0x0000003d   Data   RO         8283    .constdata          Y6GUI.lib(gb2312tab.o)
    0x0001cf31   0x0001cf31   0x0000003b   Data   RO         8284    .constdata          Y6GUI.lib(gb2312tab.o)
    0x0001cf6c   0x0001cf6c   0x00000057   Data   RO         8285    .constdata          Y6GUI.lib(gb2312tab.o)
    0x0001cfc3   0x0001cfc3   0x00000025   Data   RO         8286    .constdata          Y6GUI.lib(gb2312tab.o)
    0x0001cfe8   0x0001cfe8   0x0000002f   Data   RO         8287    .constdata          Y6GUI.lib(gb2312tab.o)
    0x0001d017   0x0001d017   0x00000011   Data   RO         8288    .constdata          Y6GUI.lib(gb2312tab.o)
    0x0001d028   0x0001d028   0x00000027   Data   RO         8289    .constdata          Y6GUI.lib(gb2312tab.o)
    0x0001d04f   0x0001d04f   0x00000045   Data   RO         8290    .constdata          Y6GUI.lib(gb2312tab.o)
    0x0001d094   0x0001d094   0x00000035   Data   RO         8291    .constdata          Y6GUI.lib(gb2312tab.o)
    0x0001d0c9   0x0001d0c9   0x00000019   Data   RO         8292    .constdata          Y6GUI.lib(gb2312tab.o)
    0x0001d0e2   0x0001d0e2   0x00000041   Data   RO         8293    .constdata          Y6GUI.lib(gb2312tab.o)
    0x0001d123   0x0001d123   0x0000003d   Data   RO         8294    .constdata          Y6GUI.lib(gb2312tab.o)
    0x0001d160   0x0001d160   0x0000008b   Data   RO         8295    .constdata          Y6GUI.lib(gb2312tab.o)
    0x0001d1eb   0x0001d1eb   0x00000033   Data   RO         8296    .constdata          Y6GUI.lib(gb2312tab.o)
    0x0001d21e   0x0001d21e   0x00000049   Data   RO         8297    .constdata          Y6GUI.lib(gb2312tab.o)
    0x0001d267   0x0001d267   0x00000035   Data   RO         8298    .constdata          Y6GUI.lib(gb2312tab.o)
    0x0001d29c   0x0001d29c   0x000000d9   Data   RO         8299    .constdata          Y6GUI.lib(gb2312tab.o)
    0x0001d375   0x0001d375   0x00000047   Data   RO         8300    .constdata          Y6GUI.lib(gb2312tab.o)
    0x0001d3bc   0x0001d3bc   0x0000004f   Data   RO         8301    .constdata          Y6GUI.lib(gb2312tab.o)
    0x0001d40b   0x0001d40b   0x00000007   Data   RO         8302    .constdata          Y6GUI.lib(gb2312tab.o)
    0x0001d412   0x0001d412   0x00000033   Data   RO         8303    .constdata          Y6GUI.lib(gb2312tab.o)
    0x0001d445   0x0001d445   0x00000057   Data   RO         8304    .constdata          Y6GUI.lib(gb2312tab.o)
    0x0001d49c   0x0001d49c   0x000000bd   Data   RO         8305    .constdata          Y6GUI.lib(gb2312tab.o)
    0x0001d559   0x0001d559   0x00000045   Data   RO         8306    .constdata          Y6GUI.lib(gb2312tab.o)
    0x0001d59e   0x0001d59e   0x00000027   Data   RO         8307    .constdata          Y6GUI.lib(gb2312tab.o)
    0x0001d5c5   0x0001d5c5   0x00000033   Data   RO         8308    .constdata          Y6GUI.lib(gb2312tab.o)
    0x0001d5f8   0x0001d5f8   0x0000000f   Data   RO         8309    .constdata          Y6GUI.lib(gb2312tab.o)
    0x0001d607   0x0001d607   0x00000013   Data   RO         8310    .constdata          Y6GUI.lib(gb2312tab.o)
    0x0001d61a   0x0001d61a   0x00000017   Data   RO         8311    .constdata          Y6GUI.lib(gb2312tab.o)
    0x0001d631   0x0001d631   0x0000000d   Data   RO         8312    .constdata          Y6GUI.lib(gb2312tab.o)
    0x0001d63e   0x0001d63e   0x0000001f   Data   RO         8313    .constdata          Y6GUI.lib(gb2312tab.o)
    0x0001d65d   0x0001d65d   0x0000001d   Data   RO         8314    .constdata          Y6GUI.lib(gb2312tab.o)
    0x0001d67a   0x0001d67a   0x00000003   Data   RO         8315    .constdata          Y6GUI.lib(gb2312tab.o)
    0x0001d67d   0x0001d67d   0x00000005   Data   RO         8316    .constdata          Y6GUI.lib(gb2312tab.o)
    0x0001d682   0x0001d682   0x00000011   Data   RO         8317    .constdata          Y6GUI.lib(gb2312tab.o)
    0x0001d693   0x0001d693   0x00000037   Data   RO         8318    .constdata          Y6GUI.lib(gb2312tab.o)
    0x0001d6ca   0x0001d6ca   0x00000015   Data   RO         8319    .constdata          Y6GUI.lib(gb2312tab.o)
    0x0001d6df   0x0001d6df   0x0000002d   Data   RO         8320    .constdata          Y6GUI.lib(gb2312tab.o)
    0x0001d70c   0x0001d70c   0x00000031   Data   RO         8321    .constdata          Y6GUI.lib(gb2312tab.o)
    0x0001d73d   0x0001d73d   0x00000025   Data   RO         8322    .constdata          Y6GUI.lib(gb2312tab.o)
    0x0001d762   0x0001d762   0x00000029   Data   RO         8323    .constdata          Y6GUI.lib(gb2312tab.o)
    0x0001d78b   0x0001d78b   0x00000045   Data   RO         8324    .constdata          Y6GUI.lib(gb2312tab.o)
    0x0001d7d0   0x0001d7d0   0x0000002b   Data   RO         8325    .constdata          Y6GUI.lib(gb2312tab.o)
    0x0001d7fb   0x0001d7fb   0x000000a1   Data   RO         8326    .constdata          Y6GUI.lib(gb2312tab.o)
    0x0001d89c   0x0001d89c   0x00000023   Data   RO         8327    .constdata          Y6GUI.lib(gb2312tab.o)
    0x0001d8bf   0x0001d8bf   0x00000031   Data   RO         8328    .constdata          Y6GUI.lib(gb2312tab.o)
    0x0001d8f0   0x0001d8f0   0x00000067   Data   RO         8329    .constdata          Y6GUI.lib(gb2312tab.o)
    0x0001d957   0x0001d957   0x00000007   Data   RO         8330    .constdata          Y6GUI.lib(gb2312tab.o)
    0x0001d95e   0x0001d95e   0x00000005   Data   RO         8331    .constdata          Y6GUI.lib(gb2312tab.o)
    0x0001d963   0x0001d963   0x00000017   Data   RO         8332    .constdata          Y6GUI.lib(gb2312tab.o)
    0x0001d97a   0x0001d97a   0x00000015   Data   RO         8333    .constdata          Y6GUI.lib(gb2312tab.o)
    0x0001d98f   0x0001d98f   0x00000015   Data   RO         8334    .constdata          Y6GUI.lib(gb2312tab.o)
    0x0001d9a4   0x0001d9a4   0x0000000b   Data   RO         8335    .constdata          Y6GUI.lib(gb2312tab.o)
    0x0001d9af   0x0001d9af   0x0000002b   Data   RO         8336    .constdata          Y6GUI.lib(gb2312tab.o)
    0x0001d9da   0x0001d9da   0x0000004d   Data   RO         8337    .constdata          Y6GUI.lib(gb2312tab.o)
    0x0001da27   0x0001da27   0x00000017   Data   RO         8338    .constdata          Y6GUI.lib(gb2312tab.o)
    0x0001da3e   0x0001da3e   0x00000013   Data   RO         8339    .constdata          Y6GUI.lib(gb2312tab.o)
    0x0001da51   0x0001da51   0x00000017   Data   RO         8340    .constdata          Y6GUI.lib(gb2312tab.o)
    0x0001da68   0x0001da68   0x0000000b   Data   RO         8341    .constdata          Y6GUI.lib(gb2312tab.o)
    0x0001da73   0x0001da73   0x0000000d   Data   RO         8342    .constdata          Y6GUI.lib(gb2312tab.o)
    0x0001da80   0x0001da80   0x0000000b   Data   RO         8343    .constdata          Y6GUI.lib(gb2312tab.o)
    0x0001da8b   0x0001da8b   0x00000025   Data   RO         8344    .constdata          Y6GUI.lib(gb2312tab.o)
    0x0001dab0   0x0001dab0   0x00001320   Data   RO         8345    .constdata          Y6GUI.lib(gb2312tab.o)
    0x0001edd0   0x0001edd0   0x0000009a   Data   RO         4027    .conststring        Y6GUI.lib(guiinit.o)
    0x0001ee6a   0x0001ee6a   0x00000002   PAD
    0x0001ee6c   0x0001ee6c   0x00000046   Data   RO         4486    .conststring        Y6GUI.lib(wexplorer.o)
    0x0001eeb2   0x0001eeb2   0x00000002   PAD
    0x0001eeb4   0x0001eeb4   0x00000044   Data   RO         4610    .conststring        Y6GUI.lib(drawimage.o)
    0x0001eef8   0x0001eef8   0x00000d7d   Data   RO         8346    .conststring        Y6GUI.lib(gb2312tab.o)


    Execution Region RW_IRAM1 (Exec base: 0x20000000, Load base: 0x0001fc78, Size: 0x00007ea8, Max: 0x00008000, ABSOLUTE, COMPRESSED[0x000000c8])

    Exec Addr    Load Addr    Size         Type   Attr      Idx    E Section Name        Object

    0x20000000   COMPRESSED   0x00000036   Data   RW           24    .data               main.o
    0x20000036   COMPRESSED   0x00000002   PAD
    0x20000038   COMPRESSED   0x00000008   Data   RW          298    .data               y6_it.o
    0x20000040   COMPRESSED   0x00000014   Data   RW         2076    .data               lcddriver.o
    0x20000054   COMPRESSED   0x00000010   Data   RW         2267    .data               y6_xip_write.o
    0x20000064   COMPRESSED   0x00000004   Data   RW         2389    .data               systemheart.o
    0x20000068   COMPRESSED   0x00000008   Data   RW         2501    .data               qspidma.o
    0x20000070   COMPRESSED   0x00000008   Data   RW         2749    .data               cominterface.o
    0x20000078   COMPRESSED   0x00000010   Data   RW         3335    .data               decrypt.o
    0x20000088   COMPRESSED   0x00000001   Data   RW         3441    .data               pwm.o
    0x20000089   COMPRESSED   0x00000001   Data   RW         3505    .data               y6_command.o
    0x2000008a   COMPRESSED   0x00000002   Data   RW         3506    .data               y6_command.o
    0x2000008c   COMPRESSED   0x00000005   Data   RW         3541    .data               y6_comparacommand.o
    0x20000091   COMPRESSED   0x00000001   PAD
    0x20000092   COMPRESSED   0x00000026   Data   RW         3780    .data               demotest01.o
    0x200000b8   COMPRESSED   0x00000004   Data   RW         3990    .data               Y6GUI.lib(wtick.o)
    0x200000bc   COMPRESSED   0x00000004   Data   RW         4321    .data               Y6GUI.lib(guidebug.o)
    0x200000c0   COMPRESSED   0x00000014   Data   RW         4487    .data               Y6GUI.lib(wexplorer.o)
    0x200000d4   COMPRESSED   0x00000004   Data   RW         4669    .data               Y6GUI.lib(qrcodebox.o)
    0x200000d8   COMPRESSED   0x00000008   Data   RW         4822    .data               Y6GUI.lib(widgethandle.o)
    0x200000e0   COMPRESSED   0x00000134   Data   RW         5226    .data               Y6GUI.lib(qr_encode.o)
    0x20000214   COMPRESSED   0x00000004   Data   RW         5434    .data               Y6GUI.lib(roundslider.o)
    0x20000218   COMPRESSED   0x0000002c   Data   RW         5880    .data               Y6GUI.lib(drawfigureaa.o)
    0x20000244   COMPRESSED   0x00000008   Data   RW         7601    .data               Y6GUI.lib(drawfont.o)
    0x2000024c   COMPRESSED   0x0000000c   Data   RW         7667    .data               Y6GUI.lib(fullfunckeyboard.o)
    0x20000258   COMPRESSED   0x00000002   Data   RW         7834    .data               Y6GUI.lib(numberfunckeyboard1.o)
    0x2000025a   COMPRESSED   0x00000002   PAD
    0x2000025c   COMPRESSED   0x00000008   Data   RW         7917    .data               Y6GUI.lib(guiprotect.o)
    0x20000264   COMPRESSED   0x00000004   Data   RW         8732    .data               mc_p.l(stdout.o)
    0x20000268   COMPRESSED   0x00000004   Data   RW         8741    .data               mc_p.l(mvars.o)
    0x2000026c   COMPRESSED   0x00000004   Data   RW         8742    .data               mc_p.l(mvars.o)
    0x20000270        -       0x00000010   Zero   RW          495    .bss                y6_dma.o
    0x20000280        -       0x00000fa8   Zero   RW         2074    .bss                lcddriver.o
    0x20001228        -       0x00000fa8   Zero   RW         2558    .bss                lcdinterface.o
    0x200021d0        -       0x0000013f   Zero   RW         2747    .bss                cominterface.o
    0x2000230f   COMPRESSED   0x00000001   PAD
    0x20002310        -       0x00000038   Zero   RW         3058    .bss                encryption.o
    0x20002348        -       0x00000320   Zero   RW         3503    .bss                y6_command.o
    0x20002668        -       0x00000038   Zero   RW         4375    .bss                Y6GUI.lib(encipher.o)
    0x200026a0        -       0x00000051   Zero   RW         4528    .bss                Y6GUI.lib(winputmsg.o)
    0x200026f1   COMPRESSED   0x00000003   PAD
    0x200026f4        -       0x00000010   Zero   RW         4578    .bss                Y6GUI.lib(wguimsg.o)
    0x20002704        -       0x00001226   Zero   RW         5192    .bss                Y6GUI.lib(qr_encode.o)
    0x2000392a        -       0x00000020   Zero   RW         6264    .bss                Y6GUI.lib(floatnumberbox.o)
    0x2000394a        -       0x00000020   Zero   RW         6510    .bss                Y6GUI.lib(numberbox.o)
    0x2000396a        -       0x00000020   Zero   RW         7600    .bss                Y6GUI.lib(drawfont.o)
    0x2000398a        -       0x0000008c   Zero   RW         7665    .bss                Y6GUI.lib(fullfunckeyboard.o)
    0x20003a16        -       0x0000008c   Zero   RW         7832    .bss                Y6GUI.lib(numberfunckeyboard1.o)
    0x20003aa2   COMPRESSED   0x00000006   PAD
    0x20003aa8        -       0x00004000   Zero   RW          447    HEAP                startup_y6.o
    0x20007aa8        -       0x00000400   Zero   RW          446    STACK               startup_y6.o


==============================================================================

Image component sizes


      Code (inc. data)   RO Data    RW Data    ZI Data      Debug   Object Name

       180         54         52          8        319       6356   cominterface.o
       956        204          6         16          0      11378   decrypt.o
      1176        246       1220         38          0      11746   demotest01.o
       188         18          0          0          0       1104   encoder.o
       436         76          0          0         56      68201   encryption.o
         0          0         12          0          0       1024   flashinterface.o
         0          0         41          0          0      11609   guiconfig.o
        44          4          0          0          0        395   key.o
      1166          8          0          0          0       2826   lcd_spi_init.o
       430         52         36         20       4008      15665   lcddriver.o
       220         30          0          0          0       1499   lcdinit.o
      1252        112         32          0       4008       7732   lcdinterface.o
        44          6          0          0          0        407   led.o
      2854        452          0         54          0     125744   main.o
         0          0         20          0          0       1157   memoryinterface.o
       144         52          0          0          0        900   misc.o
       188         16          0          1          0       1288   pwm.o
       640         88          0          8          0       4353   qspidma.o
        28          8        176          0      17408        656   startup_y6.o
        92         16          0          0          0        557   system_y6.o
       104          4          0          4          0       1273   systemheart.o
       388         26          8          0          0       4299   systemuart.o
       186         24       5000          3        800       2812   y6_command.o
       276         52          0          5          0      10469   y6_comparacommand.o
       312        114          0          0         16       2551   y6_dma.o
       212         22          0          0          0       8722   y6_drawchar.o
       374          6          0          0          0       2842   y6_drawfigure.o
      1296        382          0          0          0       4953   y6_gpio.o
        32          0          0          0          0       1104   y6_init.o
       242         60          0          8          0       7038   y6_it.o
        36         10          0          0          0       4193   y6_otp.o
       784        262          0          0          0       6727   y6_qspi.o
       572        116          0          0          0       4301   y6_rcc.o
         0          0       4096          0          0        523   y6_systemfontlib.o
      4084       1442          0          0          0      15927   y6_tim.o
       966        254          0          0          0       3866   y6_usart.o
      1192         50          0         16          0       9606   y6_xip_write.o

    ----------------------------------------------------------------------
     21120       4266      10736        184      26616     365803   Object Totals
         0          0         32          0          0          0   (incl. Generated)
        26          0          5          3          1          0   (incl. Padding)

    ----------------------------------------------------------------------

      Code (inc. data)   RO Data    RW Data    ZI Data      Debug   Library Member Name

      1882        190          0          0          0       9583   binarybutton.o
      2564        228          0          0          0       9661   button.o
       648        152          0          0          0       5846   cutpicture.o
      1024         60          0          0          0       4670   drawchar.o
       684         34          0          0          0       4722   drawfigure.o
      2018        134          0         44          0      11015   drawfigureaa.o
      1190         38          0          8         32       6928   drawfont.o
       984        200         68          0          0      12911   drawimage.o
       220         24          0          0         56       1917   encipher.o
      2204        226          0          0         32       9886   floatnumberbox.o
      7224       1316       1386         12        140      23862   fullfunckeyboard.o
       152          8      23087          0          0      14907   gb2312tab.o
      1564        128          0          0          0       8279   graph.o
       308         36          0          0          0       4070   gtimer.o
       748         58          0          4          0       7284   guidebug.o
       666         98          0          0          0       8155   guifunc.o
       488        288        154          0          0      12066   guiinit.o
       292         16          0          8          0       1880   guiprotect.o
       744         46          0          0          0       6302   gvariate.o
        44          6          0          0          0        686   keyboard.o
        50         16          0          0          0       1290   mcudriver.o
      1730        234          0          0         32       8117   numberbox.o
      2740        372        816          2        140      12377   numberfunckeyboard1.o
      1050         86          0          0          0       5832   optionbox.o
       476         34          0          0          0       5057   page.o
      4586        118          0          0          0      10114   picanimation.o
       514         88          0          0          0       5898   picturebox.o
      1360        168       2880          0          0       7813   pointer.o
       910        138          0          0          0       5926   progressbar.o
      5114        216       2228        308       4646      19416   qr_encode.o
      1800        170          0          4          0      14694   qrcodebox.o
      2844        310          0          0          0      12526   rolltextbox.o
      2216        170          0          4          0       9302   roundslider.o
      1396        156          0          0          0       7485   slider.o
      1986        266          0          0          0      10128   textbox.o
       280         26          0          0          0       4001   toucharea.o
         0          0       2888          0          0        433   trigtable.o
       708         88          0          0          0       6863   virtualgif.o
      1032        216         70         20          0       5903   wexplorer.o
       244         64          0          0         16       2665   wguimsg.o
      1072        288          0          8          0      11795   widgethandle.o
        82         32       1320          0          0      11982   widgetindex.o
       584          8          0          0          0       3220   widgetlookup.o
       696         62          0          0         81       4818   winputmsg.o
       174         12          0          0          0       3182   wlist.o
       242         26          0          0          0       3198   wqueue.o
        40         12          0          4          0       2444   wtick.o
        86          0          0          0          0          0   __dczerorl2.o
         0          0          0          0          0          0   entry.o
         0          0          0          0          0          0   entry10a.o
         0          0          0          0          0          0   entry11a.o
         8          4          0          0          0          0   entry2.o
         4          0          0          0          0          0   entry5.o
         0          0          0          0          0          0   entry7b.o
         0          0          0          0          0          0   entry8b.o
         8          4          0          0          0          0   entry9a.o
        30          0          0          0          0          0   handlers.o
        40          0          0          0          0         72   idiv.o
        36          8          0          0          0         68   init.o
         0          0          0          0          0          0   iusefp.o
        32          0          0          0          0         68   llshl.o
        38          0          0          0          0         68   llsshr.o
        34          0          0          0          0         68   llushr.o
       368         36          0          0          0        308   mallocr.o
        66          0          0          0          0         68   memmove.o
        36          0          0          0          0        100   memseta.o
         0          0          0          8          0          0   mvars.o
      1222         56          0          0          0        468   printf8.o
         0          0          0          4          0          0   stdout.o
        14          0          0          0          0         60   strlen.o
        44          0          0          0          0         72   uidiv.o
        96          0          0          0          0         84   uldiv.o
        20          0          0          0          0         60   uread4.o
        18          0          0          0          0         60   uwrite4.o
        20          0          0          0          0         68   cfcmple.o
        20          0          0          0          0         68   cfrcmple.o
        56          0          0          0          0         68   d2f.o
       356          4          0          0          0        140   dadd.o
       236          0          0          0          0        216   depilogue.o
        72         10          0          0          0         72   dfixi.o
        40          6          0          0          0         68   dflti.o
        28          4          0          0          0         68   dfltui.o
        44          0          0          0          0         72   dscalb.o
        40          0          0          0          0         60   f2d.o
       178          0          0          0          0        108   fadd.o
       124          0          0          0          0         72   fdiv.o
       130          0          0          0          0        144   fepilogue.o
        50          0          0          0          0         60   ffixi.o
        40          0          0          0          0         60   ffixui.o
        22          0          0          0          0         68   fflti.o
        14          0          0          0          0         68   ffltui.o
       122          0          0          0          0         72   fmul.o

    ----------------------------------------------------------------------
     63408       6794      34904        440       5184     364285   Library Totals
        42          0          7          2          9          0   (incl. Padding)

    ----------------------------------------------------------------------

      Code (inc. data)   RO Data    RW Data    ZI Data      Debug   Library Name

     59574       6662      34897        426       5175     361109   Y6GUI.lib
      2200        108          0         12          0       1624   mc_p.l
      1592         24          0          0          0       1552   mf_p.l

    ----------------------------------------------------------------------
     63408       6794      34904        440       5184     364285   Library Totals

    ----------------------------------------------------------------------

==============================================================================


      Code (inc. data)   RO Data    RW Data    ZI Data      Debug   

     84528      11060      45640        624      31800     703808   Grand Totals
     84528      11060      45640        200      31800     703808   ELF Image Totals (compressed)
     84528      11060      45640        200          0          0   ROM Totals

==============================================================================

    Total RO  Size (Code + RO Data)               130168 ( 127.12kB)
    Total RW  Size (RW Data + ZI Data)             32424 (  31.66kB)
    Total ROM Size (Code + RO Data + RW Data)     130368 ( 127.31kB)

==============================================================================

