Component: ARM Compiler 5.05 update 1 (build 106) Tool: armlink [4d0efa]

==============================================================================

Section Cross References

    main.o(i.Key_Scan) refers to y6_gpio.o(i.GPIO_ReadPin) for GPIO_ReadPin
    main.o(i.Key_Scan) refers to main.o(.data) for .data
    main.o(i.all_zero) refers to main.o(.data) for .data
    main.o(i.assert_failed) refers to printf8.o(i.__0printf$8) for __2printf
    main.o(i.en_count) refers to printf8.o(i.__0printf$8) for __2printf
    main.o(i.en_count) refers to main.o(.data) for .data
    main.o(i.fan) refers to guifunc.o(i.guiJumpPage) for guiJumpPage
    main.o(i.fan) refers to printf8.o(i.__0printf$8) for __2printf
    main.o(i.fan) refers to uidiv.o(.text) for __aeabi_uidivmod
    main.o(i.fan) refers to main.o(.data) for .data
    main.o(i.fan) refers to demotest01.o(i.infrared_PageEnterEvent) for infrared_PageEnterEvent
    main.o(i.fan) refers to demotest01.o(i.infrared_PageEnterEvent2) for infrared_PageEnterEvent2
    main.o(i.fan2) refers to guifunc.o(i.guiJumpPage) for guiJumpPage
    main.o(i.fan2) refers to printf8.o(i.__0printf$8) for __2printf
    main.o(i.fan2) refers to main.o(i.en_count) for en_count
    main.o(i.fan2) refers to main.o(.data) for .data
    main.o(i.fan2) refers to demotest01.o(i.infrared_PageEnterEvent) for infrared_PageEnterEvent
    main.o(i.infrared_red) refers to guifunc.o(i.guiJumpPage) for guiJumpPage
    main.o(i.infrared_red) refers to uidiv.o(.text) for __aeabi_uidivmod
    main.o(i.infrared_red) refers to demotest01.o(i.infrared_PageEnterEvent) for infrared_PageEnterEvent
    main.o(i.infrared_red) refers to main.o(.data) for .data
    main.o(i.infrared_red) refers to demotest01.o(i.infrared_PageEnterEvent2) for infrared_PageEnterEvent2
    main.o(i.infrared_red2) refers to guifunc.o(i.guiJumpPage) for guiJumpPage
    main.o(i.infrared_red2) refers to printf8.o(i.__0printf$8) for __2printf
    main.o(i.infrared_red2) refers to main.o(.data) for .data
    main.o(i.infrared_red2) refers to demotest01.o(i.infrared_PageEnterEvent) for infrared_PageEnterEvent
    main.o(i.key_control) refers to main.o(i.Key_Scan) for Key_Scan
    main.o(i.key_control) refers to main.o(i.all_zero) for all_zero
    main.o(i.key_control) refers to guifunc.o(i.guiJumpPage) for guiJumpPage
    main.o(i.key_control) refers to printf8.o(i.__0printf$8) for __2printf
    main.o(i.key_control) refers to main.o(i.__ARM_common_switch8) for __ARM_common_switch8
    main.o(i.key_control) refers to main.o(i.page_init) for page_init
    main.o(i.key_control) refers to main.o(i.red_led) for red_led
    main.o(i.key_control) refers to main.o(i.infrared_red) for infrared_red
    main.o(i.key_control) refers to main.o(i.pump) for pump
    main.o(i.key_control) refers to main.o(i.fan) for fan
    main.o(i.key_control) refers to main.o(i.red_led2) for red_led2
    main.o(i.key_control) refers to main.o(i.red_led3) for red_led3
    main.o(i.key_control) refers to main.o(i.red_led4) for red_led4
    main.o(i.key_control) refers to main.o(i.infrared_red2) for infrared_red2
    main.o(i.key_control) refers to main.o(i.fan2) for fan2
    main.o(i.key_control) refers to main.o(i.red_light_group) for red_light_group
    main.o(i.key_control) refers to main.o(i.red_light_num) for red_light_num
    main.o(i.key_control) refers to main.o(i.red_light_on_off) for red_light_on_off
    main.o(i.key_control) refers to main.o(.data) for .data
    main.o(i.key_control) refers to demotest01.o(i.DemoMain_PageEnterEvent) for DemoMain_PageEnterEvent
    main.o(i.main) refers to printf8.o(i.__0printf$8) for __2printf
    main.o(i.main) refers to encoder.o(i.TIM4_EncoderInit) for TIM4_EncoderInit
    main.o(i.main) refers to key.o(i.Key_init) for Key_init
    main.o(i.main) refers to lcdinit.o(i.LCD_Init) for LCD_Init
    main.o(i.main) refers to guiinit.o(i.guiInit) for guiInit
    main.o(i.main) refers to guifunc.o(i.guiGetRefreshPicTime) for guiGetRefreshPicTime
    main.o(i.main) refers to demotest01.o(i.DemoTestPage_Init) for DemoTestPage_Init
    main.o(i.main) refers to y6_gpio.o(i.GPIO_SetPin) for GPIO_SetPin
    main.o(i.main) refers to guifunc.o(i.guiMainLoop) for guiMainLoop
    main.o(i.main) refers to y6_command.o(i.Y6_Communication_Loop) for Y6_Communication_Loop
    main.o(i.main) refers to encoder.o(i.encoder_getCounter) for encoder_getCounter
    main.o(i.main) refers to main.o(i.key_control) for key_control
    main.o(i.main) refers to main.o(i.rotary_control) for rotary_control
    main.o(i.main) refers to main.o(.data) for .data
    main.o(i.outclk_init) refers to y6_gpio.o(i.GPIO_SetPinMux) for GPIO_SetPinMux
    main.o(i.page_init) refers to printf8.o(i.__0printf$8) for __2printf
    main.o(i.page_init) refers to main.o(i.__ARM_common_switch8) for __ARM_common_switch8
    main.o(i.page_init) refers to guifunc.o(i.guiJumpPage) for guiJumpPage
    main.o(i.page_init) refers to main.o(i.en_count) for en_count
[...]
    0x0000a9f4   0x0000001c   Code   RO         7797    i.inputFuncOK_releaseEvent  Y6GUI.lib(numberfunckeyboard1.o)
    0x0000aa10   0x0000002c   Code   RO         7624    i.inputFuncSpace_releaseEvent  Y6GUI.lib(fullfunckeyboard.o)
    0x0000aa3c   0x0000001c   Code   RO         7625    i.inputFuncSymbol_releaseEvent  Y6GUI.lib(fullfunckeyboard.o)
    0x0000aa58   0x0000002c   Code   RO         7626    i.inputFuncascASCchina_releaseEvent  Y6GUI.lib(fullfunckeyboard.o)
    0x0000aa84   0x0000020c   Code   RO         4492    i.inputTouchMsgHandle  Y6GUI.lib(winputmsg.o)
    0x0000ac90   0x00000050   Code   RO         8627    i.internal_alloc    mc_p.l(mallocr.o)
    0x0000ace0   0x000000bc   Code   RO           11    i.key_control       main.o
    0x0000ad9c   0x000000cc   Code   RO         7883    i.leaveKeyBoard     Y6GUI.lib(guiprotect.o)
    0x0000ae68   0x00000084   Code   RO           12    i.main              main.o
    0x0000aeec   0x00000044   Code   RO         7627    i.matchGB2312IndexAndDisp  Y6GUI.lib(fullfunckeyboard.o)
    0x0000af30   0x00000020   Code   RO         4286    i.outs              Y6GUI.lib(guidebug.o)
    0x0000af50   0x000000a8   Code   RO           14    i.page_init         main.o
    0x0000aff8   0x00000010   Code   RO         2432    i.printChar         systemuart.o
    0x0000b008   0x00000020   Code   RO         2434    i.printString       systemuart.o
    0x0000b028   0x000000a0   Code   RO           15    i.pump              main.o
    0x0000b0c8   0x00000040   Code   RO         5157    i.putBitToPos       Y6GUI.lib(qr_encode.o)
    0x0000b108   0x00000298   Code   RO         5158    i.qr_encode         Y6GUI.lib(qr_encode.o)
    0x0000b3a0   0x00000074   Code   RO         8628    i.realloc           mc_p.l(mallocr.o)
    0x0000b414   0x00000078   Code   RO           16    i.red_led           main.o
    0x0000b48c   0x000000a8   Code   RO           17    i.red_led2          main.o
    0x0000b534   0x00000078   Code   RO           18    i.red_led3          main.o
    0x0000b5ac   0x000000a8   Code   RO           19    i.red_led4          main.o
    0x0000b654   0x00000048   Code   RO         3769    i.red_led_PageEnterEvent  demotest01.o
    0x0000b69c   0x00000078   Code   RO         3770    i.red_led_PageEnterEvent2  demotest01.o
    0x0000b714   0x00000040   Code   RO         3771    i.red_led_timeoutEvent  demotest01.o
    0x0000b754   0x00000084   Code   RO         3772    i.red_led_timeoutEvent2  demotest01.o
    0x0000b7d8   0x00000060   Code   RO           20    i.red_light_group   main.o
    0x0000b838   0x00000070   Code   RO           21    i.red_light_num     main.o
    0x0000b8a8   0x00000098   Code   RO           22    i.red_light_on_off  main.o
    0x0000b940   0x00000108   Code   RO           23    i.rotary_control    main.o
    0x0000ba48   0x0000000c   Code   RO         7628    i.switchAlterBackward_releaseEvent  Y6GUI.lib(fullfunckeyboard.o)
    0x0000ba54   0x0000000c   Code   RO         7629    i.switchAlterForward_releaseEvent  Y6GUI.lib(fullfunckeyboard.o)
    0x0000ba60   0x000000c0   Code   RO         7630    i.switchDispGB2312Index  Y6GUI.lib(fullfunckeyboard.o)
    0x0000bb20   0x00000120   Code   RO         4287    i.vsnprintf         Y6GUI.lib(guidebug.o)
    0x0000bc40   0x0000003c   Code   RO         4752    i.wAppendWidgetTextHandle  Y6GUI.lib(widgethandle.o)
    0x0000bc7c   0x00000044   Code   RO         7631    i.wCreateFullKeyBoard  Y6GUI.lib(fullfunckeyboard.o)
    0x0000bcc0   0x0000007c   Code   RO         4754    i.wCreateHadnle     Y6GUI.lib(widgethandle.o)
    0x0000bd3c   0x0000002c   Code   RO         7542    i.wCreateKeyBoard   Y6GUI.lib(keyboard.o)
    0x0000bd68   0x00000018   Code   RO         7798    i.wCreatenumberFuncKeyBoard1  Y6GUI.lib(numberfunckeyboard1.o)
    0x0000bd80   0x00000028   Code   RO         4755    i.wDeleteHandle     Y6GUI.lib(widgethandle.o)
    0x0000bda8   0x0000003c   Code   RO         4756    i.wDeleteWidgetTextHandle  Y6GUI.lib(widgethandle.o)
    0x0000bde4   0x00000144   Code   RO         4573    i.wDispAlphaImage   Y6GUI.lib(drawimage.o)
    0x0000bf28   0x00000064   Code   RO         7502    i.wDispCircle       Y6GUI.lib(drawfigure.o)
    0x0000bf8c   0x000000cc   Code   RO         7503    i.wDispCircle_Solid  Y6GUI.lib(drawfigure.o)
    0x0000c058   0x00000028   Code   RO         4757    i.wDispHandle       Y6GUI.lib(widgethandle.o)
    0x0000c080   0x000000c4   Code   RO         4574    i.wDispImage        Y6GUI.lib(drawimage.o)
    0x0000c144   0x000000f4   Code   RO         4575    i.wDispImageincenter  Y6GUI.lib(drawimage.o)
    0x0000c238   0x000000a0   Code   RO         7504    i.wDispLine         Y6GUI.lib(drawfigure.o)
    0x0000c2d8   0x000000dc   Code   RO         4576    i.wDispPartImage_AtLoc  Y6GUI.lib(drawimage.o)
    0x0000c3b4   0x00000040   Code   RO         7505    i.wDispRectangle    Y6GUI.lib(drawfigure.o)
    0x0000c3f4   0x00000010   Code   RO         7506    i.wDispRectangle_Solid  Y6GUI.lib(drawfigure.o)
    0x0000c404   0x00000054   Code   RO         5837    i.wDrawArc_AT       Y6GUI.lib(drawfigureaa.o)
    0x0000c458   0x00000040   Code   RO         5838    i.wDrawCircle_Solid_AT  Y6GUI.lib(drawfigureaa.o)
    0x0000c498   0x000000e4   Code   RO         4449    i.wGetResoureAddr   Y6GUI.lib(wexplorer.o)
    0x0000c57c   0x000000fc   Code   RO         4450    i.wGetResoureAddrEX  Y6GUI.lib(wexplorer.o)
    0x0000c678   0x00000008   Code   RO         4761    i.wGetWidgetList    Y6GUI.lib(widgethandle.o)
    0x0000c680   0x000000cc   Code   RO         5052    i.wGetWidgetNode_ByPos  Y6GUI.lib(widgetlookup.o)
    0x0000c74c   0x00000128   Code   RO         5053    i.wGetWidgetNode_ByTwoPos  Y6GUI.lib(widgetlookup.o)
    0x0000c874   0x0000002a   Code   RO         5054    i.wGetWidgetNode_ByType  Y6GUI.lib(widgetlookup.o)
    0x0000c89e   0x0000002a   Code   RO         5055    i.wGetWidgetNode_ByWID  Y6GUI.lib(widgetlookup.o)
    0x0000c8c8   0x0000003c   Code   RO         4766    i.wGetWidgetTextHandle  Y6GUI.lib(widgethandle.o)
    0x0000c904   0x00000090   Code   RO         4542    i.wGuiMsgHandleLoop  Y6GUI.lib(wguimsg.o)
    0x0000c994   0x00000044   Code   RO         4543    i.wGuiMsgInit       Y6GUI.lib(wguimsg.o)
    0x0000c9d8   0x000000d8   Code   RO         4451    i.wInitResource     Y6GUI.lib(wexplorer.o)
    0x0000cab0   0x00000028   Code   RO         4493    i.wInputMsgHandleLoop  Y6GUI.lib(winputmsg.o)
    0x0000cad8   0x00000084   Code   RO         4494    i.wInputMsgInit     Y6GUI.lib(winputmsg.o)
    0x0000cb5c   0x0000002c   Code   RO         4768    i.wPressEventHandle  Y6GUI.lib(widgethandle.o)
    0x0000cb88   0x0000000a   Code   RO         5109    i.wQueueClear       Y6GUI.lib(wqueue.o)
    0x0000cb92   0x00000002   PAD
    0x0000cb94   0x00000058   Code   RO         5110    i.wQueueIn          Y6GUI.lib(wqueue.o)
    0x0000cbec   0x00000038   Code   RO         5111    i.wQueueInit        Y6GUI.lib(wqueue.o)
    0x0000cc24   0x00000058   Code   RO         5112    i.wQueueOut         Y6GUI.lib(wqueue.o)
    0x0000cc7c   0x0000003c   Code   RO         4770    i.wRegisterEventHandle  Y6GUI.lib(widgethandle.o)
    0x0000ccb8   0x0000002c   Code   RO         4771    i.wReleaseEventHandle  Y6GUI.lib(widgethandle.o)
    0x0000cce4   0x00000150   Code   RO         4452    i.wResGetFontMsg    Y6GUI.lib(wexplorer.o)
    0x0000ce34   0x00000010   Code   RO         4544    i.wSendMsgGui       Y6GUI.lib(wguimsg.o)
    0x0000ce44   0x0000003c   Code   RO         4780    i.wSetWidgetPictureID  Y6GUI.lib(widgethandle.o)
    0x0000ce80   0x0000003c   Code   RO         4782    i.wSetWidgetTextHandle  Y6GUI.lib(widgethandle.o)
    0x0000cebc   0x0000002c   Code   RO         4784    i.wSlidEventHandle  Y6GUI.lib(widgethandle.o)
    0x0000cee8   0x0000002c   Code   RO         4785    i.wTimeOutEventHandle  Y6GUI.lib(widgethandle.o)
    0x0000cf14   0x0000002c   Code   RO         4786    i.wUpdateEventHandle  Y6GUI.lib(widgethandle.o)
    0x0000cf40   0x000000b8   Code   RO         4787    i.wWidgetLoad       Y6GUI.lib(widgethandle.o)
    0x0000cff8   0x00000060   Code   RO         4788    i.wWidgetTimeOutHandleLoop  Y6GUI.lib(widgethandle.o)
    0x0000d058   0x00000074   Code   RO         5990    i.w_AppendTextBinaryButton  Y6GUI.lib(binarybutton.o)
    0x0000d0cc   0x00000074   Code   RO         6077    i.w_AppendTextButton  Y6GUI.lib(button.o)
    0x0000d140   0x00000078   Code   RO         6398    i.w_AppendTextGvariate  Y6GUI.lib(gvariate.o)
    0x0000d1b8   0x00000008   Code   RO         5593    i.w_AppendTextNull  Y6GUI.lib(widgetindex.o)
    0x0000d1c0   0x00000078   Code   RO         4619    i.w_AppendTextQRcodeBox  Y6GUI.lib(qrcodebox.o)
    0x0000d238   0x0000007c   Code   RO         6980    i.w_AppendTextRollTextBox  Y6GUI.lib(rolltextbox.o)
    0x0000d2b4   0x00000088   Code   RO         7219    i.w_AppendTextTextBox  Y6GUI.lib(textbox.o)
    0x0000d33c   0x00000088   Code   RO         5991    i.w_DeleteTextBinaryButton  Y6GUI.lib(binarybutton.o)
    0x0000d3c4   0x00000088   Code   RO         6078    i.w_DeleteTextButton  Y6GUI.lib(button.o)
    0x0000d44c   0x00000088   Code   RO         6399    i.w_DeleteTextGvariate  Y6GUI.lib(gvariate.o)
    0x0000d4d4   0x00000008   Code   RO         5594    i.w_DeleteTextNull  Y6GUI.lib(widgetindex.o)
    0x0000d4dc   0x00000088   Code   RO         4620    i.w_DeleteTextQRcodeBox  Y6GUI.lib(qrcodebox.o)
    0x0000d564   0x0000008c   Code   RO         6981    i.w_DeleteTextRollTextBox  Y6GUI.lib(rolltextbox.o)
    0x0000d5f0   0x0000008c   Code   RO         7220    i.w_DeleteTextTextBox  Y6GUI.lib(textbox.o)
    0x0000d67c   0x0000009c   Code   RO         7469    i.w_GetStringNeedWH  Y6GUI.lib(drawchar.o)
    0x0000d718   0x00000028   Code   RO         5992    i.w_GetTextBinaryButton  Y6GUI.lib(binarybutton.o)
    0x0000d740   0x00000028   Code   RO         6079    i.w_GetTextButton   Y6GUI.lib(button.o)
    0x0000d768   0x00000028   Code   RO         6400    i.w_GetTextGvariate  Y6GUI.lib(gvariate.o)
    0x0000d790   0x00000008   Code   RO         5602    i.w_GetTextNull     Y6GUI.lib(widgetindex.o)
    0x0000d798   0x00000028   Code   RO         4624    i.w_GetTextQRcodeBox  Y6GUI.lib(qrcodebox.o)
    0x0000d7c0   0x0000002c   Code   RO         6987    i.w_GetTextRollTextBox  Y6GUI.lib(rolltextbox.o)
    0x0000d7ec   0x0000002c   Code   RO         7224    i.w_GetTextTextBox  Y6GUI.lib(textbox.o)
    0x0000d818   0x00000036   Code   RO         5994    i.w_PressEventBinaryButton  Y6GUI.lib(binarybutton.o)
    0x0000d84e   0x00000002   PAD
    0x0000d850   0x000001b4   Code   RO         6080    i.w_PressEventButton  Y6GUI.lib(button.o)
    0x0000da04   0x0000001c   Code   RO         6153    i.w_PressEventCutPicture  Y6GUI.lib(cutpicture.o)
    0x0000da20   0x0000001c   Code   RO         6219    i.w_PressEventFloatNumberBox  Y6GUI.lib(floatnumberbox.o)
    0x0000da3c   0x00000028   Code   RO         5286    i.w_PressEventGraph  Y6GUI.lib(graph.o)
    0x0000da64   0x00000002   Code   RO         5604    i.w_PressEventNULL  Y6GUI.lib(widgetindex.o)
    0x0000da66   0x0000001c   Code   RO         6465    i.w_PressEventNumberBox  Y6GUI.lib(numberbox.o)
    0x0000da82   0x00000032   Code   RO         6571    i.w_PressEventOptionBox  Y6GUI.lib(optionbox.o)
    0x0000dab4   0x0000001c   Code   RO         6657    i.w_PressEventPage  Y6GUI.lib(page.o)
    0x0000dad0   0x0000001c   Code   RO         5486    i.w_PressEventPicanimation  Y6GUI.lib(picanimation.o)
    0x0000daec   0x0000001c   Code   RO         6719    i.w_PressEventPictureBox  Y6GUI.lib(picturebox.o)
    0x0000db08   0x0000001c   Code   RO         6787    i.w_PressEventPointer  Y6GUI.lib(pointer.o)
    0x0000db24   0x0000001c   Code   RO         6896    i.w_PressEventProgressBar  Y6GUI.lib(progressbar.o)
    0x0000db40   0x00000034   Code   RO         4625    i.w_PressEventQRcodeBox  Y6GUI.lib(qrcodebox.o)
    0x0000db74   0x0000001c   Code   RO         6988    i.w_PressEventRollTextBox  Y6GUI.lib(rolltextbox.o)
    0x0000db90   0x0000001c   Code   RO         5389    i.w_PressEventRoundSlider  Y6GUI.lib(roundslider.o)
    0x0000dbac   0x0000001c   Code   RO         7130    i.w_PressEventSlider  Y6GUI.lib(slider.o)
    0x0000dbc8   0x0000001c   Code   RO         7225    i.w_PressEventTextBox  Y6GUI.lib(textbox.o)
    0x0000dbe4   0x0000001c   Code   RO         7330    i.w_PressEventTouchArea  Y6GUI.lib(toucharea.o)
    0x0000dc00   0x0000001c   Code   RO         7372    i.w_PressEventVirtualGif  Y6GUI.lib(virtualgif.o)
    0x0000dc1c   0x0000001c   Code   RO         5995    i.w_ReleaseEventBinaryButton  Y6GUI.lib(binarybutton.o)
    0x0000dc38   0x000001c0   Code   RO         6081    i.w_ReleaseEventButton  Y6GUI.lib(button.o)
    0x0000ddf8   0x0000001c   Code   RO         6154    i.w_ReleaseEventCutPicture  Y6GUI.lib(cutpicture.o)
    0x0000de14   0x00000104   Code   RO         6220    i.w_ReleaseEventFloatNumberBox  Y6GUI.lib(floatnumberbox.o)
    0x0000df18   0x00000028   Code   RO         5288    i.w_ReleaseEventGraph  Y6GUI.lib(graph.o)
    0x0000df40   0x00000002   Code   RO         5606    i.w_ReleaseEventNULL  Y6GUI.lib(widgetindex.o)
    0x0000df42   0x00000002   PAD
    0x0000df44   0x000000a0   Code   RO         6466    i.w_ReleaseEventNumberBox  Y6GUI.lib(numberbox.o)
    0x0000dfe4   0x0000001c   Code   RO         6572    i.w_ReleaseEventOptionBox  Y6GUI.lib(optionbox.o)
    0x0000e000   0x0000001c   Code   RO         6658    i.w_ReleaseEventPage  Y6GUI.lib(page.o)
    0x0000e01c   0x0000001c   Code   RO         5487    i.w_ReleaseEventPicanimation  Y6GUI.lib(picanimation.o)
    0x0000e038   0x0000001c   Code   RO         6720    i.w_ReleaseEventPictureBox  Y6GUI.lib(picturebox.o)
    0x0000e054   0x0000001c   Code   RO         6788    i.w_ReleaseEventPointer  Y6GUI.lib(pointer.o)
    0x0000e070   0x0000001c   Code   RO         6897    i.w_ReleaseEventProgressBar  Y6GUI.lib(progressbar.o)
    0x0000e08c   0x00000034   Code   RO         4626    i.w_ReleaseEventQRcodeBox  Y6GUI.lib(qrcodebox.o)
    0x0000e0c0   0x0000008c   Code   RO         6989    i.w_ReleaseEventRollTextBox  Y6GUI.lib(rolltextbox.o)
    0x0000e14c   0x0000001c   Code   RO         5390    i.w_ReleaseEventRoundSlider  Y6GUI.lib(roundslider.o)
    0x0000e168   0x0000001c   Code   RO         7131    i.w_ReleaseEventSlider  Y6GUI.lib(slider.o)
    0x0000e184   0x0000008c   Code   RO         7226    i.w_ReleaseEventTextBox  Y6GUI.lib(textbox.o)
    0x0000e210   0x0000001c   Code   RO         7331    i.w_ReleaseEventTouchArea  Y6GUI.lib(toucharea.o)
    0x0000e22c   0x0000001c   Code   RO         7373    i.w_ReleaseEventVirtualGif  Y6GUI.lib(virtualgif.o)
    0x0000e248   0x00000018   Code   RO         6155    i.w_SetPictureIDCutPicture  Y6GUI.lib(cutpicture.o)
    0x0000e260   0x00000018   Code   RO         6223    i.w_SetPictureIDFloatNumbertBox  Y6GUI.lib(floatnumberbox.o)
    0x0000e278   0x00000018   Code   RO         5290    i.w_SetPictureIDGraph  Y6GUI.lib(graph.o)
    0x0000e290   0x00000008   Code   RO         5613    i.w_SetPictureIDNull  Y6GUI.lib(widgetindex.o)
    0x0000e298   0x00000018   Code   RO         6469    i.w_SetPictureIDNumbertBox  Y6GUI.lib(numberbox.o)
    0x0000e2b0   0x00000030   Code   RO         5490    i.w_SetPictureIDPicanimation  Y6GUI.lib(picanimation.o)
    0x0000e2e0   0x00000018   Code   RO         6721    i.w_SetPictureIDPictureBox  Y6GUI.lib(picturebox.o)
    0x0000e2f8   0x00000018   Code   RO         6791    i.w_SetPictureIDPointer  Y6GUI.lib(pointer.o)
    0x0000e310   0x00000018   Code   RO         6994    i.w_SetPictureIDRollTextBox  Y6GUI.lib(rolltextbox.o)
    0x0000e328   0x00000018   Code   RO         7229    i.w_SetPictureIDTextBox  Y6GUI.lib(textbox.o)
    0x0000e340   0x00000064   Code   RO         5996    i.w_SetTextBinaryButton  Y6GUI.lib(binarybutton.o)
    0x0000e3a4   0x00000064   Code   RO         6082    i.w_SetTextButton   Y6GUI.lib(button.o)
    0x0000e408   0x0000016c   Code   RO         6224    i.w_SetTextFloatNumbertBox  Y6GUI.lib(floatnumberbox.o)
    0x0000e574   0x0000006c   Code   RO         6402    i.w_SetTextGvariate  Y6GUI.lib(gvariate.o)
    0x0000e5e0   0x00000008   Code   RO         5614    i.w_SetTextNull     Y6GUI.lib(widgetindex.o)
    0x0000e5e8   0x00000080   Code   RO         6470    i.w_SetTextNumbertBox  Y6GUI.lib(numberbox.o)
    0x0000e668   0x00000074   Code   RO         4630    i.w_SetTextQRcodeBox  Y6GUI.lib(qrcodebox.o)
    0x0000e6dc   0x00000094   Code   RO         6995    i.w_SetTextRollTextBox  Y6GUI.lib(rolltextbox.o)
    0x0000e770   0x0000006c   Code   RO         7230    i.w_SetTextTextBox  Y6GUI.lib(textbox.o)
    0x0000e7dc   0x00000002   Code   RO         5616    i.w_SlidEventNULL   Y6GUI.lib(widgetindex.o)
    0x0000e7de   0x00000028   Code   RO         5394    i.w_SlidEventRoundSlider  Y6GUI.lib(roundslider.o)
    0x0000e806   0x00000028   Code   RO         7134    i.w_SlidEventSlider  Y6GUI.lib(slider.o)
    0x0000e82e   0x0000001c   Code   RO         6339    i.w_TimeOutEventGtimer  Y6GUI.lib(gtimer.o)
    0x0000e84a   0x00000002   Code   RO         5617    i.w_TimeOutEventNULL  Y6GUI.lib(widgetindex.o)
    0x0000e84c   0x00000044   Code   RO         5492    i.w_TimeOutEventPicanimation  Y6GUI.lib(picanimation.o)
    0x0000e890   0x00000024   Code   RO         6996    i.w_TimeOutEventRollTextBox  Y6GUI.lib(rolltextbox.o)
    0x0000e8b4   0x00000056   Code   RO         7377    i.w_TimeOutEventVirtualGif  Y6GUI.lib(virtualgif.o)
    0x0000e90a   0x00000024   Code   RO         5998    i.w_UpdateEventBinaryButton  Y6GUI.lib(binarybutton.o)
    0x0000e92e   0x00000002   PAD
    0x0000e930   0x00000038   Code   RO         6083    i.w_UpdateEventButton  Y6GUI.lib(button.o)
    0x0000e968   0x0000005a   Code   RO         6156    i.w_UpdateEventCutPicture  Y6GUI.lib(cutpicture.o)
    0x0000e9c2   0x00000024   Code   RO         6226    i.w_UpdateEventFloatNumberBox  Y6GUI.lib(floatnumberbox.o)
    0x0000e9e6   0x00000002   PAD
    0x0000e9e8   0x00000034   Code   RO         5293    i.w_UpdateEventGraph  Y6GUI.lib(graph.o)
    0x0000ea1c   0x00000002   Code   RO         5618    i.w_UpdateEventNULL  Y6GUI.lib(widgetindex.o)
    0x0000ea1e   0x00000022   Code   RO         6472    i.w_UpdateEventNumberBox  Y6GUI.lib(numberbox.o)
    0x0000ea40   0x00000024   Code   RO         6576    i.w_UpdateEventOptionBox  Y6GUI.lib(optionbox.o)
    0x0000ea64   0x0000001c   Code   RO         6659    i.w_UpdateEventPage  Y6GUI.lib(page.o)
    0x0000ea80   0x0000001c   Code   RO         5493    i.w_UpdateEventPicanimation  Y6GUI.lib(picanimation.o)
    0x0000ea9c   0x00000024   Code   RO         6722    i.w_UpdateEventPictureBox  Y6GUI.lib(picturebox.o)
    0x0000eac0   0x00000040   Code   RO         6793    i.w_UpdateEventPointer  Y6GUI.lib(pointer.o)
    0x0000eb00   0x00000022   Code   RO         6901    i.w_UpdateEventProgressBar  Y6GUI.lib(progressbar.o)
    0x0000eb22   0x00000002   PAD
    0x0000eb24   0x00000040   Code   RO         4631    i.w_UpdateEventQRcodeBox  Y6GUI.lib(qrcodebox.o)
    0x0000eb64   0x0000001c   Code   RO         6997    i.w_UpdateEventRollTextBox  Y6GUI.lib(rolltextbox.o)
    0x0000eb80   0x00000164   Code   RO         5395    i.w_UpdateEventRoundSlider  Y6GUI.lib(roundslider.o)
    0x0000ece4   0x00000108   Code   RO         7135    i.w_UpdateEventSlider  Y6GUI.lib(slider.o)
    0x0000edec   0x00000022   Code   RO         7231    i.w_UpdateEventTextBox  Y6GUI.lib(textbox.o)
    0x0000ee0e   0x00000024   Code   RO         7378    i.w_UpdateEventVirtualGif  Y6GUI.lib(virtualgif.o)
    0x0000ee32   0x00000002   PAD
    0x0000ee34   0x0000026c   Code   RO         5396    i.w_UpdateRoundSliderValue  Y6GUI.lib(roundslider.o)
    0x0000f0a0   0x00000084   Code   RO         7136    i.w_UpdateSliderValue  Y6GUI.lib(slider.o)
    0x0000f124   0x00000200   Code   RO         5999    i.w_createBinaryButton  Y6GUI.lib(binarybutton.o)
    0x0000f324   0x000001f4   Code   RO         6084    i.w_createButton    Y6GUI.lib(button.o)
    0x0000f518   0x0000013c   Code   RO         6157    i.w_createCutPicture  Y6GUI.lib(cutpicture.o)
    0x0000f654   0x00000164   Code   RO         6227    i.w_createFloatNumberBox  Y6GUI.lib(floatnumberbox.o)
    0x0000f7b8   0x0000018c   Code   RO         5294    i.w_createGraph     Y6GUI.lib(graph.o)
    0x0000f944   0x00000078   Code   RO         6340    i.w_createGtimer    Y6GUI.lib(gtimer.o)
    0x0000f9bc   0x000000fc   Code   RO         6404    i.w_createGvariate  Y6GUI.lib(gvariate.o)
    0x0000fab8   0x0000000c   Code   RO         5619    i.w_createNULL      Y6GUI.lib(widgetindex.o)
    0x0000fac4   0x00000150   Code   RO         6473    i.w_createNumberBox  Y6GUI.lib(numberbox.o)
    0x0000fc14   0x00000110   Code   RO         6577    i.w_createOptionBox  Y6GUI.lib(optionbox.o)
    0x0000fd24   0x00000094   Code   RO         6660    i.w_createPage      Y6GUI.lib(page.o)
    0x0000fdb8   0x00000134   Code   RO         5494    i.w_createPicanimation  Y6GUI.lib(picanimation.o)
    0x0000feec   0x00000108   Code   RO         6723    i.w_createPictureBox  Y6GUI.lib(picturebox.o)
    0x0000fff4   0x00000164   Code   RO         6794    i.w_createPointer   Y6GUI.lib(pointer.o)
    0x00010158   0x00000148   Code   RO         6902    i.w_createProgressBar  Y6GUI.lib(progressbar.o)
    0x000102a0   0x000001ac   Code   RO         4632    i.w_createQRcodeBox  Y6GUI.lib(qrcodebox.o)
    0x0001044c   0x000002bc   Code   RO         6998    i.w_createRollTextBox  Y6GUI.lib(rolltextbox.o)
    0x00010708   0x0000019c   Code   RO         5397    i.w_createRoundSlider  Y6GUI.lib(roundslider.o)
    0x000108a4   0x00000168   Code   RO         7137    i.w_createSlider    Y6GUI.lib(slider.o)
    0x00010a0c   0x00000204   Code   RO         7232    i.w_createTextBox   Y6GUI.lib(textbox.o)
    0x00010c10   0x00000080   Code   RO         7332    i.w_createTouchArea  Y6GUI.lib(toucharea.o)
    0x00010c90   0x00000130   Code   RO         7379    i.w_createVirtualGif  Y6GUI.lib(virtualgif.o)
    0x00010dc0   0x00000038   Code   RO         6000    i.w_deleteBinaryButton  Y6GUI.lib(binarybutton.o)
    0x00010df8   0x00000038   Code   RO         6085    i.w_deleteButton    Y6GUI.lib(button.o)
    0x00010e30   0x00000018   Code   RO         6158    i.w_deleteCutPicture  Y6GUI.lib(cutpicture.o)
    0x00010e48   0x00000018   Code   RO         6228    i.w_deleteFloatNumberBox  Y6GUI.lib(floatnumberbox.o)
    0x00010e60   0x000000a0   Code   RO         5295    i.w_deleteGraph     Y6GUI.lib(graph.o)
    0x00010f00   0x00000018   Code   RO         6341    i.w_deleteGtimer    Y6GUI.lib(gtimer.o)
    0x00010f18   0x00000038   Code   RO         6405    i.w_deleteGvariate  Y6GUI.lib(gvariate.o)
    0x00010f50   0x00000002   Code   RO         5620    i.w_deleteNULL      Y6GUI.lib(widgetindex.o)
    0x00010f52   0x00000002   PAD
    0x00010f54   0x00000018   Code   RO         6474    i.w_deleteNumberBox  Y6GUI.lib(numberbox.o)
    0x00010f6c   0x00000018   Code   RO         6578    i.w_deleteOptionBox  Y6GUI.lib(optionbox.o)
    0x00010f84   0x00000018   Code   RO         6661    i.w_deletePage      Y6GUI.lib(page.o)
    0x00010f9c   0x00000018   Code   RO         5495    i.w_deletePicanimation  Y6GUI.lib(picanimation.o)
    0x00010fb4   0x00000018   Code   RO         6724    i.w_deletePictureBox  Y6GUI.lib(picturebox.o)
    0x00010fcc   0x0000001c   Code   RO         6795    i.w_deletePointer   Y6GUI.lib(pointer.o)
    0x00010fe8   0x00000018   Code   RO         6903    i.w_deleteProgressBar  Y6GUI.lib(progressbar.o)
    0x00011000   0x00000050   Code   RO         4633    i.w_deleteQRcodeBox  Y6GUI.lib(qrcodebox.o)
    0x00011050   0x00000038   Code   RO         6999    i.w_deleteRollTextBox  Y6GUI.lib(rolltextbox.o)
    0x00011088   0x00000018   Code   RO         5398    i.w_deleteRoundSlider  Y6GUI.lib(roundslider.o)
    0x000110a0   0x00000018   Code   RO         7138    i.w_deleteSlider    Y6GUI.lib(slider.o)
    0x000110b8   0x00000038   Code   RO         7233    i.w_deleteTextBox   Y6GUI.lib(textbox.o)
    0x000110f0   0x00000018   Code   RO         7333    i.w_deleteTouchArea  Y6GUI.lib(toucharea.o)
    0x00011108   0x00000018   Code   RO         7380    i.w_deleteVirtualGif  Y6GUI.lib(virtualgif.o)
    0x00011120   0x000002dc   Code   RO         6001    i.w_dispBinaryButton  Y6GUI.lib(binarybutton.o)
    0x000113fc   0x0000025c   Code   RO         6086    i.w_dispButton      Y6GUI.lib(button.o)
    0x00011658   0x00000364   Code   RO         7470    i.w_dispCharUseExFont  Y6GUI.lib(drawchar.o)
    0x000119bc   0x00000042   Code   RO         6159    i.w_dispCutPicture  Y6GUI.lib(cutpicture.o)
    0x000119fe   0x00000002   PAD
    0x00011a00   0x00000410   Code   RO         6229    i.w_dispFloatNumberBox  Y6GUI.lib(floatnumberbox.o)
    0x00011e10   0x00000080   Code   RO         5296    i.w_dispGraph       Y6GUI.lib(graph.o)
    0x00011e90   0x00000002   Code   RO         5621    i.w_dispNULL        Y6GUI.lib(widgetindex.o)
    0x00011e92   0x00000002   PAD
    0x00011e94   0x0000039c   Code   RO         6475    i.w_dispNumberBox   Y6GUI.lib(numberbox.o)
    0x00012230   0x00000238   Code   RO         6579    i.w_dispOptionBox   Y6GUI.lib(optionbox.o)
    0x00012468   0x0000007c   Code   RO         6662    i.w_dispPage        Y6GUI.lib(page.o)
    0x000124e4   0x00000f32   Code   RO         5496    i.w_dispPicanimation  Y6GUI.lib(picanimation.o)
    0x00013416   0x00000026   Code   RO         6725    i.w_dispPictureBox  Y6GUI.lib(picturebox.o)
    0x0001343c   0x00000120   Code   RO         6796    i.w_dispPointer     Y6GUI.lib(pointer.o)
    0x0001355c   0x0000018c   Code   RO         6904    i.w_dispProgressBar  Y6GUI.lib(progressbar.o)
    0x000136e8   0x00000278   Code   RO         4634    i.w_dispQRcodeBox   Y6GUI.lib(qrcodebox.o)
    0x00013960   0x000004b8   Code   RO         7000    i.w_dispRollTextBox  Y6GUI.lib(rolltextbox.o)
    0x00013e18   0x000000f4   Code   RO         5399    i.w_dispRoundSlider  Y6GUI.lib(roundslider.o)
    0x00013f0c   0x000000d0   Code   RO         7139    i.w_dispSlider      Y6GUI.lib(slider.o)
    0x00013fdc   0x000002b0   Code   RO         7234    i.w_dispTextBox     Y6GUI.lib(textbox.o)
    0x0001428c   0x00000026   Code   RO         7381    i.w_dispVirtualGif  Y6GUI.lib(virtualgif.o)
    0x000142b2   0x00000002   PAD
    0x000142b4   0x00000048   Code   RO         6002    i.w_registerBinaryButtonEvent  Y6GUI.lib(binarybutton.o)
    0x000142fc   0x00000048   Code   RO         6087    i.w_registerButtonEvent  Y6GUI.lib(button.o)
    0x00014344   0x00000048   Code   RO         6160    i.w_registerCutPictureEvent  Y6GUI.lib(cutpicture.o)
    0x0001438c   0x00000048   Code   RO         6230    i.w_registerFloatNumberBoxEvent  Y6GUI.lib(floatnumberbox.o)
    0x000143d4   0x00000048   Code   RO         5297    i.w_registerGraphEvent  Y6GUI.lib(graph.o)
    0x0001441c   0x00000034   Code   RO         6342    i.w_registerGtimerEvent  Y6GUI.lib(gtimer.o)
    0x00014450   0x00000020   Code   RO         6406    i.w_registerGvariateEvent  Y6GUI.lib(gvariate.o)
    0x00014470   0x00000008   Code   RO         5622    i.w_registerNullEvent  Y6GUI.lib(widgetindex.o)
    0x00014478   0x00000048   Code   RO         6476    i.w_registerNumberBoxEvent  Y6GUI.lib(numberbox.o)
    0x000144c0   0x00000048   Code   RO         6580    i.w_registerOptionBoxEvent  Y6GUI.lib(optionbox.o)
    0x00014508   0x00000060   Code   RO         6663    i.w_registerPageEvent  Y6GUI.lib(page.o)
    0x00014568   0x00000050   Code   RO         5497    i.w_registerPicanimationEvent  Y6GUI.lib(picanimation.o)
    0x000145b8   0x00000048   Code   RO         6726    i.w_registerPictureBoxEvent  Y6GUI.lib(picturebox.o)
    0x00014600   0x00000048   Code   RO         6797    i.w_registerPointerEvent  Y6GUI.lib(pointer.o)
    0x00014648   0x00000048   Code   RO         6905    i.w_registerProgressBarEvent  Y6GUI.lib(progressbar.o)
    0x00014690   0x00000048   Code   RO         4635    i.w_registerQRcodeBoxEvent  Y6GUI.lib(qrcodebox.o)
    0x000146d8   0x00000050   Code   RO         7001    i.w_registerRollTextBoxEvent  Y6GUI.lib(rolltextbox.o)
    0x00014728   0x00000048   Code   RO         5400    i.w_registerRoundSliderEvent  Y6GUI.lib(roundslider.o)
    0x00014770   0x00000048   Code   RO         7140    i.w_registerSliderEvent  Y6GUI.lib(slider.o)
    0x000147b8   0x00000048   Code   RO         7235    i.w_registerTextBoxEvent  Y6GUI.lib(textbox.o)
    0x00014800   0x00000048   Code   RO         7334    i.w_registerTouchAreaEvent  Y6GUI.lib(toucharea.o)
    0x00014848   0x00000050   Code   RO         7382    i.w_registerVirtualGifEvent  Y6GUI.lib(virtualgif.o)
    0x00014898   0x00000054   Code   RO         6343    i.widget_TimeoutAdjustGtimer  Y6GUI.lib(gtimer.o)
    0x000148ec   0x00000008   Code   RO         5623    i.widget_TimeoutAdjustNULL  Y6GUI.lib(widgetindex.o)
    0x000148f4   0x00000054   Code   RO         5498    i.widget_TimeoutAdjustPicanimation  Y6GUI.lib(picanimation.o)
    0x00014948   0x00000058   Code   RO         7002    i.widget_TimeoutAdjustRollTextBox  Y6GUI.lib(rolltextbox.o)
    0x000149a0   0x00000054   Code   RO         7383    i.widget_TimeoutAdjustVirtualGif  Y6GUI.lib(virtualgif.o)
    0x000149f4   0x00000008   Data   RO         2436    .constdata          systemuart.o
    0x000149fc   0x00000014   Data   RO         2626    .constdata          memoryinterface.o
    0x00014a10   0x0000000c   Data   RO         2643    .constdata          flashinterface.o
    0x00014a1c   0x00000006   Data   RO         3334    .constdata          decrypt.o
    0x00014a22   0x00000001   Data   RO         3395    .constdata          guiconfig.o
    0x00014a23   0x00000001   PAD
    0x00014a24   0x00000004   Data   RO         3396    .constdata          guiconfig.o
    0x00014a28   0x00000001   Data   RO         3397    .constdata          guiconfig.o
    0x00014a29   0x00000001   Data   RO         3398    .constdata          guiconfig.o
    0x00014a2a   0x00000002   PAD
    0x00014a2c   0x00000004   Data   RO         3399    .constdata          guiconfig.o
    0x00014a30   0x00000004   Data   RO         3400    .constdata          guiconfig.o
    0x00014a34   0x00000004   Data   RO         3401    .constdata          guiconfig.o
    0x00014a38   0x00000004   Data   RO         3402    .constdata          guiconfig.o
    0x00014a3c   0x00000002   Data   RO         3403    .constdata          guiconfig.o
    0x00014a3e   0x00000004   Data   RO         3410    .constdata          guiconfig.o
    0x00014a42   0x00000002   Data   RO         3411    .constdata          guiconfig.o
    0x00014a44   0x00000002   Data   RO         3412    .constdata          guiconfig.o
    0x00014a46   0x00000002   Data   RO         3413    .constdata          guiconfig.o
    0x00014a48   0x00000002   Data   RO         3414    .constdata          guiconfig.o
    0x00014a4a   0x00000002   Data   RO         3415    .constdata          guiconfig.o
    0x00014a4c   0x00000002   Data   RO         3416    .constdata          guiconfig.o
    0x00014a4e   0x00000002   PAD
    0x00014a50   0x00001388   Data   RO         3504    .constdata          y6_command.o
    0x00015dd8   0x00001000   Data   RO         3737    .constdata          y6_systemfontlib.o
    0x00016dd8   0x0000048e   Data   RO         3773    .constdata          demotest01.o
    0x00017266   0x00000002   PAD
    0x00017268   0x00000408   Data   RO         5160    .constdata          Y6GUI.lib(qr_encode.o)
    0x00017670   0x00000007   Data   RO         5161    .constdata          Y6GUI.lib(qr_encode.o)
    0x00017677   0x0000000a   Data   RO         5162    .constdata          Y6GUI.lib(qr_encode.o)
    0x00017681   0x0000000d   Data   RO         5163    .constdata          Y6GUI.lib(qr_encode.o)
    0x0001768e   0x0000000f   Data   RO         5164    .constdata          Y6GUI.lib(qr_encode.o)
    0x0001769d   0x00000010   Data   RO         5165    .constdata          Y6GUI.lib(qr_encode.o)
    0x000176ad   0x00000011   Data   RO         5166    .constdata          Y6GUI.lib(qr_encode.o)
    0x000176be   0x00000012   Data   RO         5167    .constdata          Y6GUI.lib(qr_encode.o)
    0x000176d0   0x00000014   Data   RO         5168    .constdata          Y6GUI.lib(qr_encode.o)
    0x000176e4   0x00000016   Data   RO         5169    .constdata          Y6GUI.lib(qr_encode.o)
    0x000176fa   0x00000018   Data   RO         5170    .constdata          Y6GUI.lib(qr_encode.o)
    0x00017712   0x0000001a   Data   RO         5171    .constdata          Y6GUI.lib(qr_encode.o)
    0x0001772c   0x0000001c   Data   RO         5172    .constdata          Y6GUI.lib(qr_encode.o)
    0x00017748   0x0000001e   Data   RO         5173    .constdata          Y6GUI.lib(qr_encode.o)
    0x00017766   0x00000020   Data   RO         5174    .constdata          Y6GUI.lib(qr_encode.o)
    0x00017786   0x00000022   Data   RO         5175    .constdata          Y6GUI.lib(qr_encode.o)
    0x000177a8   0x00000024   Data   RO         5176    .constdata          Y6GUI.lib(qr_encode.o)
    0x000177cc   0x00000026   Data   RO         5177    .constdata          Y6GUI.lib(qr_encode.o)
    0x000177f2   0x00000028   Data   RO         5178    .constdata          Y6GUI.lib(qr_encode.o)
    0x0001781a   0x0000002a   Data   RO         5179    .constdata          Y6GUI.lib(qr_encode.o)
    0x00017844   0x0000002c   Data   RO         5180    .constdata          Y6GUI.lib(qr_encode.o)
    0x00017870   0x0000002e   Data   RO         5181    .constdata          Y6GUI.lib(qr_encode.o)
    0x0001789e   0x00000030   Data   RO         5182    .constdata          Y6GUI.lib(qr_encode.o)
    0x000178ce   0x00000032   Data   RO         5183    .constdata          Y6GUI.lib(qr_encode.o)
    0x00017900   0x00000034   Data   RO         5184    .constdata          Y6GUI.lib(qr_encode.o)
    0x00017934   0x00000036   Data   RO         5185    .constdata          Y6GUI.lib(qr_encode.o)
    0x0001796a   0x00000038   Data   RO         5186    .constdata          Y6GUI.lib(qr_encode.o)
    0x000179a2   0x0000003a   Data   RO         5187    .constdata          Y6GUI.lib(qr_encode.o)
    0x000179dc   0x0000003c   Data   RO         5188    .constdata          Y6GUI.lib(qr_encode.o)
    0x00017a18   0x0000003e   Data   RO         5189    .constdata          Y6GUI.lib(qr_encode.o)
    0x00017a56   0x00000040   Data   RO         5190    .constdata          Y6GUI.lib(qr_encode.o)
    0x00017a96   0x00000042   Data   RO         5191    .constdata          Y6GUI.lib(qr_encode.o)
    0x00017ad8   0x00000044   Data   RO         5192    .constdata          Y6GUI.lib(qr_encode.o)
    0x00017b1c   0x00000058   Data   RO         5624    .constdata          Y6GUI.lib(widgetindex.o)
    0x00017b74   0x00000058   Data   RO         5625    .constdata          Y6GUI.lib(widgetindex.o)
    0x00017bcc   0x00000058   Data   RO         5626    .constdata          Y6GUI.lib(widgetindex.o)
    0x00017c24   0x00000058   Data   RO         5627    .constdata          Y6GUI.lib(widgetindex.o)
    0x00017c7c   0x00000058   Data   RO         5628    .constdata          Y6GUI.lib(widgetindex.o)
    0x00017cd4   0x00000058   Data   RO         5629    .constdata          Y6GUI.lib(widgetindex.o)
    0x00017d2c   0x00000058   Data   RO         5630    .constdata          Y6GUI.lib(widgetindex.o)
    0x00017d84   0x00000058   Data   RO         5631    .constdata          Y6GUI.lib(widgetindex.o)
    0x00017ddc   0x00000058   Data   RO         5632    .constdata          Y6GUI.lib(widgetindex.o)
    0x00017e34   0x00000058   Data   RO         5633    .constdata          Y6GUI.lib(widgetindex.o)
    0x00017e8c   0x00000058   Data   RO         5634    .constdata          Y6GUI.lib(widgetindex.o)
    0x00017ee4   0x00000058   Data   RO         5635    .constdata          Y6GUI.lib(widgetindex.o)
    0x00017f3c   0x00000058   Data   RO         5636    .constdata          Y6GUI.lib(widgetindex.o)
    0x00017f94   0x00000058   Data   RO         5637    .constdata          Y6GUI.lib(widgetindex.o)
    0x00017fec   0x00000058   Data   RO         5650    .constdata          Y6GUI.lib(widgetindex.o)
    0x00018044   0x000005a4   Data   RO         5981    .constdata          Y6GUI.lib(trigtable.o)
    0x000185e8   0x000005a4   Data   RO         5982    .constdata          Y6GUI.lib(trigtable.o)
    0x00018b8c   0x00000b40   Data   RO         6798    .constdata          Y6GUI.lib(pointer.o)
    0x000196cc   0x0000056a   Data   RO         7633    .constdata          Y6GUI.lib(fullfunckeyboard.o)
    0x00019c36   0x00000330   Data   RO         7800    .constdata          Y6GUI.lib(numberfunckeyboard1.o)
    0x00019f66   0x00000001   Data   RO         7904    .constdata          Y6GUI.lib(gb2312tab.o)
    0x00019f67   0x00000011   Data   RO         7905    .constdata          Y6GUI.lib(gb2312tab.o)
    0x00019f78   0x0000002d   Data   RO         7906    .constdata          Y6GUI.lib(gb2312tab.o)
    0x00019fa5   0x00000025   Data   RO         7907    .constdata          Y6GUI.lib(gb2312tab.o)
    0x00019fca   0x00000007   Data   RO         7908    .constdata          Y6GUI.lib(gb2312tab.o)
    0x00019fd1   0x0000002f   Data   RO         7909    .constdata          Y6GUI.lib(gb2312tab.o)
    0x0001a000   0x00000035   Data   RO         7910    .constdata          Y6GUI.lib(gb2312tab.o)
    0x0001a035   0x00000017   Data   RO         7911    .constdata          Y6GUI.lib(gb2312tab.o)
    0x0001a04c   0x0000002d   Data   RO         7912    .constdata          Y6GUI.lib(gb2312tab.o)
    0x0001a079   0x0000001d   Data   RO         7913    .constdata          Y6GUI.lib(gb2312tab.o)
    0x0001a096   0x00000037   Data   RO         7914    .constdata          Y6GUI.lib(gb2312tab.o)
    0x0001a0cd   0x0000003b   Data   RO         7915    .constdata          Y6GUI.lib(gb2312tab.o)
    0x0001a108   0x00000011   Data   RO         7916    .constdata          Y6GUI.lib(gb2312tab.o)
    0x0001a119   0x00000015   Data   RO         7917    .constdata          Y6GUI.lib(gb2312tab.o)
    0x0001a12e   0x00000075   Data   RO         7918    .constdata          Y6GUI.lib(gb2312tab.o)
    0x0001a1a3   0x00000035   Data   RO         7919    .constdata          Y6GUI.lib(gb2312tab.o)
    0x0001a1d8   0x00000021   Data   RO         7920    .constdata          Y6GUI.lib(gb2312tab.o)
    0x0001a1f9   0x0000000b   Data   RO         7921    .constdata          Y6GUI.lib(gb2312tab.o)
    0x0001a204   0x00000021   Data   RO         7922    .constdata          Y6GUI.lib(gb2312tab.o)
    0x0001a225   0x0000001f   Data   RO         7923    .constdata          Y6GUI.lib(gb2312tab.o)
    0x0001a244   0x0000004d   Data   RO         7924    .constdata          Y6GUI.lib(gb2312tab.o)
    0x0001a291   0x00000029   Data   RO         7925    .constdata          Y6GUI.lib(gb2312tab.o)
    0x0001a2ba   0x00000007   Data   RO         7926    .constdata          Y6GUI.lib(gb2312tab.o)
    0x0001a2c1   0x00000017   Data   RO         7927    .constdata          Y6GUI.lib(gb2312tab.o)
    0x0001a2d8   0x00000019   Data   RO         7928    .constdata          Y6GUI.lib(gb2312tab.o)
    0x0001a2f1   0x0000000d   Data   RO         7929    .constdata          Y6GUI.lib(gb2312tab.o)
    0x0001a2fe   0x00000015   Data   RO         7930    .constdata          Y6GUI.lib(gb2312tab.o)
    0x0001a313   0x0000000d   Data   RO         7931    .constdata          Y6GUI.lib(gb2312tab.o)
    0x0001a320   0x00000007   Data   RO         7932    .constdata          Y6GUI.lib(gb2312tab.o)
    0x0001a327   0x00000009   Data   RO         7933    .constdata          Y6GUI.lib(gb2312tab.o)
    0x0001a330   0x00000033   Data   RO         7934    .constdata          Y6GUI.lib(gb2312tab.o)
    0x0001a363   0x00000013   Data   RO         7935    .constdata          Y6GUI.lib(gb2312tab.o)
    0x0001a376   0x00000035   Data   RO         7936    .constdata          Y6GUI.lib(gb2312tab.o)
    0x0001a3ab   0x00000035   Data   RO         7937    .constdata          Y6GUI.lib(gb2312tab.o)
    0x0001a3e0   0x0000001d   Data   RO         7938    .constdata          Y6GUI.lib(gb2312tab.o)
    0x0001a3fd   0x00000013   Data   RO         7939    .constdata          Y6GUI.lib(gb2312tab.o)
    0x0001a410   0x00000029   Data   RO         7940    .constdata          Y6GUI.lib(gb2312tab.o)
    0x0001a439   0x0000003b   Data   RO         7941    .constdata          Y6GUI.lib(gb2312tab.o)
    0x0001a474   0x0000004f   Data   RO         7942    .constdata          Y6GUI.lib(gb2312tab.o)
    0x0001a4c3   0x0000001d   Data   RO         7943    .constdata          Y6GUI.lib(gb2312tab.o)
    0x0001a4e0   0x00000023   Data   RO         7944    .constdata          Y6GUI.lib(gb2312tab.o)
    0x0001a503   0x0000003b   Data   RO         7945    .constdata          Y6GUI.lib(gb2312tab.o)
    0x0001a53e   0x0000000b   Data   RO         7946    .constdata          Y6GUI.lib(gb2312tab.o)
    0x0001a549   0x0000001b   Data   RO         7947    .constdata          Y6GUI.lib(gb2312tab.o)
    0x0001a564   0x00000011   Data   RO         7948    .constdata          Y6GUI.lib(gb2312tab.o)
    0x0001a575   0x00000011   Data   RO         7949    .constdata          Y6GUI.lib(gb2312tab.o)
    0x0001a586   0x00000015   Data   RO         7950    .constdata          Y6GUI.lib(gb2312tab.o)
    0x0001a59b   0x0000000f   Data   RO         7951    .constdata          Y6GUI.lib(gb2312tab.o)
    0x0001a5aa   0x0000002b   Data   RO         7952    .constdata          Y6GUI.lib(gb2312tab.o)
    0x0001a5d5   0x00000019   Data   RO         7953    .constdata          Y6GUI.lib(gb2312tab.o)
    0x0001a5ee   0x00000009   Data   RO         7954    .constdata          Y6GUI.lib(gb2312tab.o)
    0x0001a5f7   0x00000017   Data   RO         7955    .constdata          Y6GUI.lib(gb2312tab.o)
    0x0001a60e   0x00000011   Data   RO         7956    .constdata          Y6GUI.lib(gb2312tab.o)
    0x0001a61f   0x0000001f   Data   RO         7957    .constdata          Y6GUI.lib(gb2312tab.o)
    0x0001a63e   0x0000000b   Data   RO         7958    .constdata          Y6GUI.lib(gb2312tab.o)
    0x0001a649   0x00000021   Data   RO         7959    .constdata          Y6GUI.lib(gb2312tab.o)
    0x0001a66a   0x00000023   Data   RO         7960    .constdata          Y6GUI.lib(gb2312tab.o)
    0x0001a68d   0x0000002d   Data   RO         7961    .constdata          Y6GUI.lib(gb2312tab.o)
    0x0001a6ba   0x00000039   Data   RO         7962    .constdata          Y6GUI.lib(gb2312tab.o)
    0x0001a6f3   0x00000019   Data   RO         7963    .constdata          Y6GUI.lib(gb2312tab.o)
    0x0001a70c   0x00000027   Data   RO         7964    .constdata          Y6GUI.lib(gb2312tab.o)
    0x0001a733   0x0000000b   Data   RO         7965    .constdata          Y6GUI.lib(gb2312tab.o)
    0x0001a73e   0x00000003   Data   RO         7966    .constdata          Y6GUI.lib(gb2312tab.o)
    0x0001a741   0x0000001d   Data   RO         7967    .constdata          Y6GUI.lib(gb2312tab.o)
    0x0001a75e   0x0000004f   Data   RO         7968    .constdata          Y6GUI.lib(gb2312tab.o)
    0x0001a7ad   0x00000003   Data   RO         7969    .constdata          Y6GUI.lib(gb2312tab.o)
    0x0001a7b0   0x00000033   Data   RO         7970    .constdata          Y6GUI.lib(gb2312tab.o)
    0x0001a7e3   0x0000001b   Data   RO         7971    .constdata          Y6GUI.lib(gb2312tab.o)
    0x0001a7fe   0x00000021   Data   RO         7972    .constdata          Y6GUI.lib(gb2312tab.o)
    0x0001a81f   0x00000027   Data   RO         7973    .constdata          Y6GUI.lib(gb2312tab.o)
    0x0001a846   0x00000005   Data   RO         7974    .constdata          Y6GUI.lib(gb2312tab.o)
    0x0001a84b   0x00000025   Data   RO         7975    .constdata          Y6GUI.lib(gb2312tab.o)
    0x0001a870   0x00000019   Data   RO         7976    .constdata          Y6GUI.lib(gb2312tab.o)
    0x0001a889   0x00000031   Data   RO         7977    .constdata          Y6GUI.lib(gb2312tab.o)
    0x0001a8ba   0x00000013   Data   RO         7978    .constdata          Y6GUI.lib(gb2312tab.o)
    0x0001a8cd   0x0000000f   Data   RO         7979    .constdata          Y6GUI.lib(gb2312tab.o)
    0x0001a8dc   0x00000021   Data   RO         7980    .constdata          Y6GUI.lib(gb2312tab.o)
    0x0001a8fd   0x0000002b   Data   RO         7981    .constdata          Y6GUI.lib(gb2312tab.o)
    0x0001a928   0x00000041   Data   RO         7982    .constdata          Y6GUI.lib(gb2312tab.o)
    0x0001a969   0x00000003   Data   RO         7983    .constdata          Y6GUI.lib(gb2312tab.o)
    0x0001a96c   0x00000007   Data   RO         7984    .constdata          Y6GUI.lib(gb2312tab.o)
    0x0001a973   0x0000001b   Data   RO         7985    .constdata          Y6GUI.lib(gb2312tab.o)
    0x0001a98e   0x00000015   Data   RO         7986    .constdata          Y6GUI.lib(gb2312tab.o)
    0x0001a9a3   0x00000031   Data   RO         7987    .constdata          Y6GUI.lib(gb2312tab.o)
    0x0001a9d4   0x00000023   Data   RO         7988    .constdata          Y6GUI.lib(gb2312tab.o)
    0x0001a9f7   0x0000003f   Data   RO         7989    .constdata          Y6GUI.lib(gb2312tab.o)
    0x0001aa36   0x0000002d   Data   RO         7990    .constdata          Y6GUI.lib(gb2312tab.o)
    0x0001aa63   0x0000002b   Data   RO         7991    .constdata          Y6GUI.lib(gb2312tab.o)
    0x0001aa8e   0x00000003   Data   RO         7992    .constdata          Y6GUI.lib(gb2312tab.o)
    0x0001aa91   0x00000005   Data   RO         7993    .constdata          Y6GUI.lib(gb2312tab.o)
    0x0001aa96   0x000000a9   Data   RO         7994    .constdata          Y6GUI.lib(gb2312tab.o)
    0x0001ab3f   0x00000015   Data   RO         7995    .constdata          Y6GUI.lib(gb2312tab.o)
    0x0001ab54   0x0000001b   Data   RO         7996    .constdata          Y6GUI.lib(gb2312tab.o)
    0x0001ab6f   0x00000031   Data   RO         7997    .constdata          Y6GUI.lib(gb2312tab.o)
    0x0001aba0   0x0000001b   Data   RO         7998    .constdata          Y6GUI.lib(gb2312tab.o)
    0x0001abbb   0x00000027   Data   RO         7999    .constdata          Y6GUI.lib(gb2312tab.o)
    0x0001abe2   0x00000047   Data   RO         8000    .constdata          Y6GUI.lib(gb2312tab.o)
    0x0001ac29   0x00000003   Data   RO         8001    .constdata          Y6GUI.lib(gb2312tab.o)
    0x0001ac2c   0x0000000d   Data   RO         8002    .constdata          Y6GUI.lib(gb2312tab.o)
    0x0001ac39   0x00000019   Data   RO         8003    .constdata          Y6GUI.lib(gb2312tab.o)
    0x0001ac52   0x00000029   Data   RO         8004    .constdata          Y6GUI.lib(gb2312tab.o)
    0x0001ac7b   0x0000002b   Data   RO         8005    .constdata          Y6GUI.lib(gb2312tab.o)
    0x0001aca6   0x00000055   Data   RO         8006    .constdata          Y6GUI.lib(gb2312tab.o)
    0x0001acfb   0x00000019   Data   RO         8007    .constdata          Y6GUI.lib(gb2312tab.o)
    0x0001ad14   0x00000009   Data   RO         8008    .constdata          Y6GUI.lib(gb2312tab.o)
    0x0001ad1d   0x00000027   Data   RO         8009    .constdata          Y6GUI.lib(gb2312tab.o)
    0x0001ad44   0x0000000f   Data   RO         8010    .constdata          Y6GUI.lib(gb2312tab.o)
    0x0001ad53   0x0000003b   Data   RO         8011    .constdata          Y6GUI.lib(gb2312tab.o)
    0x0001ad8e   0x0000000f   Data   RO         8012    .constdata          Y6GUI.lib(gb2312tab.o)
    0x0001ad9d   0x00000029   Data   RO         8013    .constdata          Y6GUI.lib(gb2312tab.o)
    0x0001adc6   0x00000007   Data   RO         8014    .constdata          Y6GUI.lib(gb2312tab.o)
    0x0001adcd   0x00000019   Data   RO         8015    .constdata          Y6GUI.lib(gb2312tab.o)
    0x0001ade6   0x0000003b   Data   RO         8016    .constdata          Y6GUI.lib(gb2312tab.o)
    0x0001ae21   0x00000013   Data   RO         8017    .constdata          Y6GUI.lib(gb2312tab.o)
    0x0001ae34   0x0000002b   Data   RO         8018    .constdata          Y6GUI.lib(gb2312tab.o)
    0x0001ae5f   0x0000003d   Data   RO         8019    .constdata          Y6GUI.lib(gb2312tab.o)
    0x0001ae9c   0x00000005   Data   RO         8020    .constdata          Y6GUI.lib(gb2312tab.o)
    0x0001aea1   0x00000009   Data   RO         8021    .constdata          Y6GUI.lib(gb2312tab.o)
    0x0001aeaa   0x00000011   Data   RO         8022    .constdata          Y6GUI.lib(gb2312tab.o)
    0x0001aebb   0x00000023   Data   RO         8023    .constdata          Y6GUI.lib(gb2312tab.o)
    0x0001aede   0x0000001f   Data   RO         8024    .constdata          Y6GUI.lib(gb2312tab.o)
    0x0001aefd   0x0000005d   Data   RO         8025    .constdata          Y6GUI.lib(gb2312tab.o)
    0x0001af5a   0x0000001b   Data   RO         8026    .constdata          Y6GUI.lib(gb2312tab.o)
    0x0001af75   0x0000000d   Data   RO         8027    .constdata          Y6GUI.lib(gb2312tab.o)
    0x0001af82   0x0000003d   Data   RO         8028    .constdata          Y6GUI.lib(gb2312tab.o)
    0x0001afbf   0x00000033   Data   RO         8029    .constdata          Y6GUI.lib(gb2312tab.o)
    0x0001aff2   0x00000051   Data   RO         8030    .constdata          Y6GUI.lib(gb2312tab.o)
    0x0001b043   0x00000017   Data   RO         8031    .constdata          Y6GUI.lib(gb2312tab.o)
    0x0001b05a   0x0000002b   Data   RO         8032    .constdata          Y6GUI.lib(gb2312tab.o)
    0x0001b085   0x000000d7   Data   RO         8033    .constdata          Y6GUI.lib(gb2312tab.o)
    0x0001b15c   0x0000004f   Data   RO         8034    .constdata          Y6GUI.lib(gb2312tab.o)
    0x0001b1ab   0x0000008d   Data   RO         8035    .constdata          Y6GUI.lib(gb2312tab.o)
    0x0001b238   0x00000031   Data   RO         8036    .constdata          Y6GUI.lib(gb2312tab.o)
    0x0001b269   0x0000005d   Data   RO         8037    .constdata          Y6GUI.lib(gb2312tab.o)
    0x0001b2c6   0x0000005b   Data   RO         8038    .constdata          Y6GUI.lib(gb2312tab.o)
    0x0001b321   0x00000047   Data   RO         8039    .constdata          Y6GUI.lib(gb2312tab.o)
    0x0001b368   0x00000055   Data   RO         8040    .constdata          Y6GUI.lib(gb2312tab.o)
    0x0001b3bd   0x0000000b   Data   RO         8041    .constdata          Y6GUI.lib(gb2312tab.o)
    0x0001b3c8   0x00000035   Data   RO         8042    .constdata          Y6GUI.lib(gb2312tab.o)
    0x0001b3fd   0x0000006d   Data   RO         8043    .constdata          Y6GUI.lib(gb2312tab.o)
    0x0001b46a   0x00000021   Data   RO         8044    .constdata          Y6GUI.lib(gb2312tab.o)
    0x0001b48b   0x0000003d   Data   RO         8045    .constdata          Y6GUI.lib(gb2312tab.o)
    0x0001b4c8   0x00000021   Data   RO         8046    .constdata          Y6GUI.lib(gb2312tab.o)
    0x0001b4e9   0x0000000f   Data   RO         8047    .constdata          Y6GUI.lib(gb2312tab.o)
    0x0001b4f8   0x0000001b   Data   RO         8048    .constdata          Y6GUI.lib(gb2312tab.o)
    0x0001b513   0x0000001d   Data   RO         8049    .constdata          Y6GUI.lib(gb2312tab.o)
    0x0001b530   0x00000015   Data   RO         8050    .constdata          Y6GUI.lib(gb2312tab.o)
    0x0001b545   0x00000011   Data   RO         8051    .constdata          Y6GUI.lib(gb2312tab.o)
    0x0001b556   0x00000049   Data   RO         8052    .constdata          Y6GUI.lib(gb2312tab.o)
    0x0001b59f   0x0000000b   Data   RO         8053    .constdata          Y6GUI.lib(gb2312tab.o)
    0x0001b5aa   0x0000000b   Data   RO         8054    .constdata          Y6GUI.lib(gb2312tab.o)
    0x0001b5b5   0x0000000f   Data   RO         8055    .constdata          Y6GUI.lib(gb2312tab.o)
    0x0001b5c4   0x00000013   Data   RO         8056    .constdata          Y6GUI.lib(gb2312tab.o)
    0x0001b5d7   0x00000019   Data   RO         8057    .constdata          Y6GUI.lib(gb2312tab.o)
    0x0001b5f0   0x0000000f   Data   RO         8058    .constdata          Y6GUI.lib(gb2312tab.o)
    0x0001b5ff   0x00000015   Data   RO         8059    .constdata          Y6GUI.lib(gb2312tab.o)
    0x0001b614   0x00000007   Data   RO         8060    .constdata          Y6GUI.lib(gb2312tab.o)
    0x0001b61b   0x00000021   Data   RO         8061    .constdata          Y6GUI.lib(gb2312tab.o)
    0x0001b63c   0x00000039   Data   RO         8062    .constdata          Y6GUI.lib(gb2312tab.o)
    0x0001b675   0x00000017   Data   RO         8063    .constdata          Y6GUI.lib(gb2312tab.o)
    0x0001b68c   0x0000000b   Data   RO         8064    .constdata          Y6GUI.lib(gb2312tab.o)
    0x0001b697   0x0000001b   Data   RO         8065    .constdata          Y6GUI.lib(gb2312tab.o)
    0x0001b6b2   0x00000019   Data   RO         8066    .constdata          Y6GUI.lib(gb2312tab.o)
    0x0001b6cb   0x0000002d   Data   RO         8067    .constdata          Y6GUI.lib(gb2312tab.o)
    0x0001b6f8   0x0000001d   Data   RO         8068    .constdata          Y6GUI.lib(gb2312tab.o)
    0x0001b715   0x00000027   Data   RO         8069    .constdata          Y6GUI.lib(gb2312tab.o)
    0x0001b73c   0x0000000f   Data   RO         8070    .constdata          Y6GUI.lib(gb2312tab.o)
    0x0001b74b   0x00000029   Data   RO         8071    .constdata          Y6GUI.lib(gb2312tab.o)
    0x0001b774   0x0000000b   Data   RO         8072    .constdata          Y6GUI.lib(gb2312tab.o)
    0x0001b77f   0x0000009d   Data   RO         8073    .constdata          Y6GUI.lib(gb2312tab.o)
    0x0001b81c   0x00000003   Data   RO         8074    .constdata          Y6GUI.lib(gb2312tab.o)
    0x0001b81f   0x00000035   Data   RO         8075    .constdata          Y6GUI.lib(gb2312tab.o)
    0x0001b854   0x00000023   Data   RO         8076    .constdata          Y6GUI.lib(gb2312tab.o)
    0x0001b877   0x0000002b   Data   RO         8077    .constdata          Y6GUI.lib(gb2312tab.o)
    0x0001b8a2   0x0000001b   Data   RO         8078    .constdata          Y6GUI.lib(gb2312tab.o)
    0x0001b8bd   0x00000033   Data   RO         8079    .constdata          Y6GUI.lib(gb2312tab.o)
    0x0001b8f0   0x00000039   Data   RO         8080    .constdata          Y6GUI.lib(gb2312tab.o)
    0x0001b929   0x0000002f   Data   RO         8081    .constdata          Y6GUI.lib(gb2312tab.o)
    0x0001b958   0x00000003   Data   RO         8082    .constdata          Y6GUI.lib(gb2312tab.o)
    0x0001b95b   0x00000025   Data   RO         8083    .constdata          Y6GUI.lib(gb2312tab.o)
    0x0001b980   0x00000021   Data   RO         8084    .constdata          Y6GUI.lib(gb2312tab.o)
    0x0001b9a1   0x00000059   Data   RO         8085    .constdata          Y6GUI.lib(gb2312tab.o)
    0x0001b9fa   0x0000002b   Data   RO         8086    .constdata          Y6GUI.lib(gb2312tab.o)
    0x0001ba25   0x0000000d   Data   RO         8087    .constdata          Y6GUI.lib(gb2312tab.o)
    0x0001ba32   0x00000007   Data   RO         8088    .constdata          Y6GUI.lib(gb2312tab.o)
    0x0001ba39   0x00000011   Data   RO         8089    .constdata          Y6GUI.lib(gb2312tab.o)
    0x0001ba4a   0x0000003d   Data   RO         8090    .constdata          Y6GUI.lib(gb2312tab.o)
    0x0001ba87   0x00000003   Data   RO         8091    .constdata          Y6GUI.lib(gb2312tab.o)
    0x0001ba8a   0x00000021   Data   RO         8092    .constdata          Y6GUI.lib(gb2312tab.o)
    0x0001baab   0x00000027   Data   RO         8093    .constdata          Y6GUI.lib(gb2312tab.o)
    0x0001bad2   0x00000013   Data   RO         8094    .constdata          Y6GUI.lib(gb2312tab.o)
    0x0001bae5   0x00000015   Data   RO         8095    .constdata          Y6GUI.lib(gb2312tab.o)
    0x0001bafa   0x00000035   Data   RO         8096    .constdata          Y6GUI.lib(gb2312tab.o)
    0x0001bb2f   0x00000003   Data   RO         8097    .constdata          Y6GUI.lib(gb2312tab.o)
    0x0001bb32   0x00000035   Data   RO         8098    .constdata          Y6GUI.lib(gb2312tab.o)
    0x0001bb67   0x0000000f   Data   RO         8099    .constdata          Y6GUI.lib(gb2312tab.o)
    0x0001bb76   0x00000027   Data   RO         8100    .constdata          Y6GUI.lib(gb2312tab.o)
    0x0001bb9d   0x0000003f   Data   RO         8101    .constdata          Y6GUI.lib(gb2312tab.o)
    0x0001bbdc   0x0000001f   Data   RO         8102    .constdata          Y6GUI.lib(gb2312tab.o)
    0x0001bbfb   0x00000021   Data   RO         8103    .constdata          Y6GUI.lib(gb2312tab.o)
    0x0001bc1c   0x0000000d   Data   RO         8104    .constdata          Y6GUI.lib(gb2312tab.o)
    0x0001bc29   0x00000021   Data   RO         8105    .constdata          Y6GUI.lib(gb2312tab.o)
    0x0001bc4a   0x00000019   Data   RO         8106    .constdata          Y6GUI.lib(gb2312tab.o)
    0x0001bc63   0x00000005   Data   RO         8107    .constdata          Y6GUI.lib(gb2312tab.o)
    0x0001bc68   0x00000043   Data   RO         8108    .constdata          Y6GUI.lib(gb2312tab.o)
    0x0001bcab   0x00000013   Data   RO         8109    .constdata          Y6GUI.lib(gb2312tab.o)
    0x0001bcbe   0x0000002f   Data   RO         8110    .constdata          Y6GUI.lib(gb2312tab.o)
    0x0001bced   0x00000017   Data   RO         8111    .constdata          Y6GUI.lib(gb2312tab.o)
    0x0001bd04   0x00000015   Data   RO         8112    .constdata          Y6GUI.lib(gb2312tab.o)
    0x0001bd19   0x00000013   Data   RO         8113    .constdata          Y6GUI.lib(gb2312tab.o)
    0x0001bd2c   0x0000000b   Data   RO         8114    .constdata          Y6GUI.lib(gb2312tab.o)
    0x0001bd37   0x0000001b   Data   RO         8115    .constdata          Y6GUI.lib(gb2312tab.o)
    0x0001bd52   0x00000007   Data   RO         8116    .constdata          Y6GUI.lib(gb2312tab.o)
    0x0001bd59   0x00000005   Data   RO         8117    .constdata          Y6GUI.lib(gb2312tab.o)
    0x0001bd5e   0x00000005   Data   RO         8118    .constdata          Y6GUI.lib(gb2312tab.o)
    0x0001bd63   0x00000003   Data   RO         8119    .constdata          Y6GUI.lib(gb2312tab.o)
    0x0001bd66   0x00000003   Data   RO         8120    .constdata          Y6GUI.lib(gb2312tab.o)
    0x0001bd69   0x0000002f   Data   RO         8121    .constdata          Y6GUI.lib(gb2312tab.o)
    0x0001bd98   0x0000001b   Data   RO         8122    .constdata          Y6GUI.lib(gb2312tab.o)
    0x0001bdb3   0x00000005   Data   RO         8123    .constdata          Y6GUI.lib(gb2312tab.o)
    0x0001bdb8   0x0000000d   Data   RO         8124    .constdata          Y6GUI.lib(gb2312tab.o)
    0x0001bdc5   0x0000001d   Data   RO         8125    .constdata          Y6GUI.lib(gb2312tab.o)
    0x0001bde2   0x00000003   Data   RO         8126    .constdata          Y6GUI.lib(gb2312tab.o)
    0x0001bde5   0x00000015   Data   RO         8127    .constdata          Y6GUI.lib(gb2312tab.o)
    0x0001bdfa   0x00000011   Data   RO         8128    .constdata          Y6GUI.lib(gb2312tab.o)
    0x0001be0b   0x0000000d   Data   RO         8129    .constdata          Y6GUI.lib(gb2312tab.o)
    0x0001be18   0x00000003   Data   RO         8130    .constdata          Y6GUI.lib(gb2312tab.o)
    0x0001be1b   0x0000000f   Data   RO         8131    .constdata          Y6GUI.lib(gb2312tab.o)
    0x0001be2a   0x00000003   Data   RO         8132    .constdata          Y6GUI.lib(gb2312tab.o)
    0x0001be2d   0x00000005   Data   RO         8133    .constdata          Y6GUI.lib(gb2312tab.o)
    0x0001be32   0x00000013   Data   RO         8134    .constdata          Y6GUI.lib(gb2312tab.o)
    0x0001be45   0x00000009   Data   RO         8135    .constdata          Y6GUI.lib(gb2312tab.o)
    0x0001be4e   0x00000007   Data   RO         8136    .constdata          Y6GUI.lib(gb2312tab.o)
    0x0001be55   0x00000019   Data   RO         8137    .constdata          Y6GUI.lib(gb2312tab.o)
    0x0001be6e   0x00000017   Data   RO         8138    .constdata          Y6GUI.lib(gb2312tab.o)
    0x0001be85   0x00000015   Data   RO         8139    .constdata          Y6GUI.lib(gb2312tab.o)
    0x0001be9a   0x00000027   Data   RO         8140    .constdata          Y6GUI.lib(gb2312tab.o)
    0x0001bec1   0x00000019   Data   RO         8141    .constdata          Y6GUI.lib(gb2312tab.o)
    0x0001beda   0x00000019   Data   RO         8142    .constdata          Y6GUI.lib(gb2312tab.o)
    0x0001bef3   0x0000001f   Data   RO         8143    .constdata          Y6GUI.lib(gb2312tab.o)
    0x0001bf12   0x00000007   Data   RO         8144    .constdata          Y6GUI.lib(gb2312tab.o)
    0x0001bf19   0x00000025   Data   RO         8145    .constdata          Y6GUI.lib(gb2312tab.o)
    0x0001bf3e   0x0000005d   Data   RO         8146    .constdata          Y6GUI.lib(gb2312tab.o)
    0x0001bf9b   0x0000001b   Data   RO         8147    .constdata          Y6GUI.lib(gb2312tab.o)
    0x0001bfb6   0x0000001b   Data   RO         8148    .constdata          Y6GUI.lib(gb2312tab.o)
    0x0001bfd1   0x0000000b   Data   RO         8149    .constdata          Y6GUI.lib(gb2312tab.o)
    0x0001bfdc   0x00000015   Data   RO         8150    .constdata          Y6GUI.lib(gb2312tab.o)
    0x0001bff1   0x0000001d   Data   RO         8151    .constdata          Y6GUI.lib(gb2312tab.o)
    0x0001c00e   0x0000002b   Data   RO         8152    .constdata          Y6GUI.lib(gb2312tab.o)
    0x0001c039   0x00000007   Data   RO         8153    .constdata          Y6GUI.lib(gb2312tab.o)
    0x0001c040   0x00000037   Data   RO         8154    .constdata          Y6GUI.lib(gb2312tab.o)
    0x0001c077   0x00000093   Data   RO         8155    .constdata          Y6GUI.lib(gb2312tab.o)
    0x0001c10a   0x0000000f   Data   RO         8156    .constdata          Y6GUI.lib(gb2312tab.o)
    0x0001c119   0x0000005d   Data   RO         8157    .constdata          Y6GUI.lib(gb2312tab.o)
    0x0001c176   0x00000029   Data   RO         8158    .constdata          Y6GUI.lib(gb2312tab.o)
    0x0001c19f   0x0000003d   Data   RO         8159    .constdata          Y6GUI.lib(gb2312tab.o)
    0x0001c1dc   0x0000001d   Data   RO         8160    .constdata          Y6GUI.lib(gb2312tab.o)
    0x0001c1f9   0x0000002f   Data   RO         8161    .constdata          Y6GUI.lib(gb2312tab.o)
    0x0001c228   0x00000035   Data   RO         8162    .constdata          Y6GUI.lib(gb2312tab.o)
    0x0001c25d   0x00000013   Data   RO         8163    .constdata          Y6GUI.lib(gb2312tab.o)
    0x0001c270   0x00000031   Data   RO         8164    .constdata          Y6GUI.lib(gb2312tab.o)
    0x0001c2a1   0x00000049   Data   RO         8165    .constdata          Y6GUI.lib(gb2312tab.o)
    0x0001c2ea   0x0000002d   Data   RO         8166    .constdata          Y6GUI.lib(gb2312tab.o)
    0x0001c317   0x00000017   Data   RO         8167    .constdata          Y6GUI.lib(gb2312tab.o)
    0x0001c32e   0x00000003   Data   RO         8168    .constdata          Y6GUI.lib(gb2312tab.o)
    0x0001c331   0x00000009   Data   RO         8169    .constdata          Y6GUI.lib(gb2312tab.o)
    0x0001c33a   0x0000000f   Data   RO         8170    .constdata          Y6GUI.lib(gb2312tab.o)
    0x0001c349   0x0000000f   Data   RO         8171    .constdata          Y6GUI.lib(gb2312tab.o)
    0x0001c358   0x0000000d   Data   RO         8172    .constdata          Y6GUI.lib(gb2312tab.o)
    0x0001c365   0x00000007   Data   RO         8173    .constdata          Y6GUI.lib(gb2312tab.o)
    0x0001c36c   0x00000025   Data   RO         8174    .constdata          Y6GUI.lib(gb2312tab.o)
    0x0001c391   0x00000005   Data   RO         8175    .constdata          Y6GUI.lib(gb2312tab.o)
    0x0001c396   0x00000003   Data   RO         8176    .constdata          Y6GUI.lib(gb2312tab.o)
    0x0001c399   0x0000001f   Data   RO         8177    .constdata          Y6GUI.lib(gb2312tab.o)
    0x0001c3b8   0x0000000d   Data   RO         8178    .constdata          Y6GUI.lib(gb2312tab.o)
    0x0001c3c5   0x00000029   Data   RO         8179    .constdata          Y6GUI.lib(gb2312tab.o)
    0x0001c3ee   0x00000007   Data   RO         8180    .constdata          Y6GUI.lib(gb2312tab.o)
    0x0001c3f5   0x00000011   Data   RO         8181    .constdata          Y6GUI.lib(gb2312tab.o)
    0x0001c406   0x00000005   Data   RO         8182    .constdata          Y6GUI.lib(gb2312tab.o)
    0x0001c40b   0x00000009   Data   RO         8183    .constdata          Y6GUI.lib(gb2312tab.o)
    0x0001c414   0x0000000f   Data   RO         8184    .constdata          Y6GUI.lib(gb2312tab.o)
    0x0001c423   0x0000000b   Data   RO         8185    .constdata          Y6GUI.lib(gb2312tab.o)
    0x0001c42e   0x0000000f   Data   RO         8186    .constdata          Y6GUI.lib(gb2312tab.o)
    0x0001c43d   0x0000000d   Data   RO         8187    .constdata          Y6GUI.lib(gb2312tab.o)
    0x0001c44a   0x00000013   Data   RO         8188    .constdata          Y6GUI.lib(gb2312tab.o)
    0x0001c45d   0x0000000f   Data   RO         8189    .constdata          Y6GUI.lib(gb2312tab.o)
    0x0001c46c   0x00000003   Data   RO         8190    .constdata          Y6GUI.lib(gb2312tab.o)
    0x0001c46f   0x00000003   Data   RO         8191    .constdata          Y6GUI.lib(gb2312tab.o)
    0x0001c472   0x00000025   Data   RO         8192    .constdata          Y6GUI.lib(gb2312tab.o)
    0x0001c497   0x00000007   Data   RO         8193    .constdata          Y6GUI.lib(gb2312tab.o)
    0x0001c49e   0x0000004d   Data   RO         8194    .constdata          Y6GUI.lib(gb2312tab.o)
    0x0001c4eb   0x0000001b   Data   RO         8195    .constdata          Y6GUI.lib(gb2312tab.o)
    0x0001c506   0x00000027   Data   RO         8196    .constdata          Y6GUI.lib(gb2312tab.o)
    0x0001c52d   0x0000002d   Data   RO         8197    .constdata          Y6GUI.lib(gb2312tab.o)
    0x0001c55a   0x00000003   Data   RO         8198    .constdata          Y6GUI.lib(gb2312tab.o)
    0x0001c55d   0x00000039   Data   RO         8199    .constdata          Y6GUI.lib(gb2312tab.o)
    0x0001c596   0x00000023   Data   RO         8200    .constdata          Y6GUI.lib(gb2312tab.o)
    0x0001c5b9   0x0000008d   Data   RO         8201    .constdata          Y6GUI.lib(gb2312tab.o)
    0x0001c646   0x0000001d   Data   RO         8202    .constdata          Y6GUI.lib(gb2312tab.o)
    0x0001c663   0x00000061   Data   RO         8203    .constdata          Y6GUI.lib(gb2312tab.o)
    0x0001c6c4   0x00000007   Data   RO         8204    .constdata          Y6GUI.lib(gb2312tab.o)
    0x0001c6cb   0x0000000d   Data   RO         8205    .constdata          Y6GUI.lib(gb2312tab.o)
    0x0001c6d8   0x00000009   Data   RO         8206    .constdata          Y6GUI.lib(gb2312tab.o)
    0x0001c6e1   0x0000000b   Data   RO         8207    .constdata          Y6GUI.lib(gb2312tab.o)
    0x0001c6ec   0x0000000b   Data   RO         8208    .constdata          Y6GUI.lib(gb2312tab.o)
    0x0001c6f7   0x00000009   Data   RO         8209    .constdata          Y6GUI.lib(gb2312tab.o)
    0x0001c700   0x00000015   Data   RO         8210    .constdata          Y6GUI.lib(gb2312tab.o)
    0x0001c715   0x00000045   Data   RO         8211    .constdata          Y6GUI.lib(gb2312tab.o)
    0x0001c75a   0x00000021   Data   RO         8212    .constdata          Y6GUI.lib(gb2312tab.o)
    0x0001c77b   0x0000001d   Data   RO         8213    .constdata          Y6GUI.lib(gb2312tab.o)
    0x0001c798   0x0000002d   Data   RO         8214    .constdata          Y6GUI.lib(gb2312tab.o)
    0x0001c7c5   0x00000009   Data   RO         8215    .constdata          Y6GUI.lib(gb2312tab.o)
    0x0001c7ce   0x00000017   Data   RO         8216    .constdata          Y6GUI.lib(gb2312tab.o)
    0x0001c7e5   0x00000007   Data   RO         8217    .constdata          Y6GUI.lib(gb2312tab.o)
    0x0001c7ec   0x00000023   Data   RO         8218    .constdata          Y6GUI.lib(gb2312tab.o)
    0x0001c80f   0x00000027   Data   RO         8219    .constdata          Y6GUI.lib(gb2312tab.o)
    0x0001c836   0x00000023   Data   RO         8220    .constdata          Y6GUI.lib(gb2312tab.o)
    0x0001c859   0x00000039   Data   RO         8221    .constdata          Y6GUI.lib(gb2312tab.o)
    0x0001c892   0x00000037   Data   RO         8222    .constdata          Y6GUI.lib(gb2312tab.o)
    0x0001c8c9   0x00000025   Data   RO         8223    .constdata          Y6GUI.lib(gb2312tab.o)
    0x0001c8ee   0x00000009   Data   RO         8224    .constdata          Y6GUI.lib(gb2312tab.o)
    0x0001c8f7   0x0000000b   Data   RO         8225    .constdata          Y6GUI.lib(gb2312tab.o)
    0x0001c902   0x00000031   Data   RO         8226    .constdata          Y6GUI.lib(gb2312tab.o)
    0x0001c933   0x0000001f   Data   RO         8227    .constdata          Y6GUI.lib(gb2312tab.o)
    0x0001c952   0x00000023   Data   RO         8228    .constdata          Y6GUI.lib(gb2312tab.o)
    0x0001c975   0x0000000d   Data   RO         8229    .constdata          Y6GUI.lib(gb2312tab.o)
    0x0001c982   0x00000023   Data   RO         8230    .constdata          Y6GUI.lib(gb2312tab.o)
    0x0001c9a5   0x0000002d   Data   RO         8231    .constdata          Y6GUI.lib(gb2312tab.o)
    0x0001c9d2   0x0000000f   Data   RO         8232    .constdata          Y6GUI.lib(gb2312tab.o)
    0x0001c9e1   0x00000021   Data   RO         8233    .constdata          Y6GUI.lib(gb2312tab.o)
    0x0001ca02   0x0000000b   Data   RO         8234    .constdata          Y6GUI.lib(gb2312tab.o)
    0x0001ca0d   0x0000000f   Data   RO         8235    .constdata          Y6GUI.lib(gb2312tab.o)
    0x0001ca1c   0x00000013   Data   RO         8236    .constdata          Y6GUI.lib(gb2312tab.o)
    0x0001ca2f   0x00000035   Data   RO         8237    .constdata          Y6GUI.lib(gb2312tab.o)
    0x0001ca64   0x00000015   Data   RO         8238    .constdata          Y6GUI.lib(gb2312tab.o)
    0x0001ca79   0x00000007   Data   RO         8239    .constdata          Y6GUI.lib(gb2312tab.o)
    0x0001ca80   0x0000003b   Data   RO         8240    .constdata          Y6GUI.lib(gb2312tab.o)
    0x0001cabb   0x0000001f   Data   RO         8241    .constdata          Y6GUI.lib(gb2312tab.o)
    0x0001cada   0x0000007b   Data   RO         8242    .constdata          Y6GUI.lib(gb2312tab.o)
    0x0001cb55   0x00000021   Data   RO         8243    .constdata          Y6GUI.lib(gb2312tab.o)
    0x0001cb76   0x0000000b   Data   RO         8244    .constdata          Y6GUI.lib(gb2312tab.o)
    0x0001cb81   0x00000023   Data   RO         8245    .constdata          Y6GUI.lib(gb2312tab.o)
    0x0001cba4   0x00000071   Data   RO         8246    .constdata          Y6GUI.lib(gb2312tab.o)
    0x0001cc15   0x00000099   Data   RO         8247    .constdata          Y6GUI.lib(gb2312tab.o)
    0x0001ccae   0x0000002b   Data   RO         8248    .constdata          Y6GUI.lib(gb2312tab.o)
    0x0001ccd9   0x00000063   Data   RO         8249    .constdata          Y6GUI.lib(gb2312tab.o)
    0x0001cd3c   0x0000003d   Data   RO         8250    .constdata          Y6GUI.lib(gb2312tab.o)
    0x0001cd79   0x0000003b   Data   RO         8251    .constdata          Y6GUI.lib(gb2312tab.o)
    0x0001cdb4   0x00000057   Data   RO         8252    .constdata          Y6GUI.lib(gb2312tab.o)
    0x0001ce0b   0x00000025   Data   RO         8253    .constdata          Y6GUI.lib(gb2312tab.o)
    0x0001ce30   0x0000002f   Data   RO         8254    .constdata          Y6GUI.lib(gb2312tab.o)
    0x0001ce5f   0x00000011   Data   RO         8255    .constdata          Y6GUI.lib(gb2312tab.o)
    0x0001ce70   0x00000027   Data   RO         8256    .constdata          Y6GUI.lib(gb2312tab.o)
    0x0001ce97   0x00000045   Data   RO         8257    .constdata          Y6GUI.lib(gb2312tab.o)
    0x0001cedc   0x00000035   Data   RO         8258    .constdata          Y6GUI.lib(gb2312tab.o)
    0x0001cf11   0x00000019   Data   RO         8259    .constdata          Y6GUI.lib(gb2312tab.o)
    0x0001cf2a   0x00000041   Data   RO         8260    .constdata          Y6GUI.lib(gb2312tab.o)
    0x0001cf6b   0x0000003d   Data   RO         8261    .constdata          Y6GUI.lib(gb2312tab.o)
    0x0001cfa8   0x0000008b   Data   RO         8262    .constdata          Y6GUI.lib(gb2312tab.o)
    0x0001d033   0x00000033   Data   RO         8263    .constdata          Y6GUI.lib(gb2312tab.o)
    0x0001d066   0x00000049   Data   RO         8264    .constdata          Y6GUI.lib(gb2312tab.o)
    0x0001d0af   0x00000035   Data   RO         8265    .constdata          Y6GUI.lib(gb2312tab.o)
    0x0001d0e4   0x000000d9   Data   RO         8266    .constdata          Y6GUI.lib(gb2312tab.o)
    0x0001d1bd   0x00000047   Data   RO         8267    .constdata          Y6GUI.lib(gb2312tab.o)
    0x0001d204   0x0000004f   Data   RO         8268    .constdata          Y6GUI.lib(gb2312tab.o)
    0x0001d253   0x00000007   Data   RO         8269    .constdata          Y6GUI.lib(gb2312tab.o)
    0x0001d25a   0x00000033   Data   RO         8270    .constdata          Y6GUI.lib(gb2312tab.o)
    0x0001d28d   0x00000057   Data   RO         8271    .constdata          Y6GUI.lib(gb2312tab.o)
    0x0001d2e4   0x000000bd   Data   RO         8272    .constdata          Y6GUI.lib(gb2312tab.o)
    0x0001d3a1   0x00000045   Data   RO         8273    .constdata          Y6GUI.lib(gb2312tab.o)
    0x0001d3e6   0x00000027   Data   RO         8274    .constdata          Y6GUI.lib(gb2312tab.o)
    0x0001d40d   0x00000033   Data   RO         8275    .constdata          Y6GUI.lib(gb2312tab.o)
    0x0001d440   0x0000000f   Data   RO         8276    .constdata          Y6GUI.lib(gb2312tab.o)
    0x0001d44f   0x00000013   Data   RO         8277    .constdata          Y6GUI.lib(gb2312tab.o)
    0x0001d462   0x00000017   Data   RO         8278    .constdata          Y6GUI.lib(gb2312tab.o)
    0x0001d479   0x0000000d   Data   RO         8279    .constdata          Y6GUI.lib(gb2312tab.o)
    0x0001d486   0x0000001f   Data   RO         8280    .constdata          Y6GUI.lib(gb2312tab.o)
    0x0001d4a5   0x0000001d   Data   RO         8281    .constdata          Y6GUI.lib(gb2312tab.o)
    0x0001d4c2   0x00000003   Data   RO         8282    .constdata          Y6GUI.lib(gb2312tab.o)
    0x0001d4c5   0x00000005   Data   RO         8283    .constdata          Y6GUI.lib(gb2312tab.o)
    0x0001d4ca   0x00000011   Data   RO         8284    .constdata          Y6GUI.lib(gb2312tab.o)
    0x0001d4db   0x00000037   Data   RO         8285    .constdata          Y6GUI.lib(gb2312tab.o)
    0x0001d512   0x00000015   Data   RO         8286    .constdata          Y6GUI.lib(gb2312tab.o)
    0x0001d527   0x0000002d   Data   RO         8287    .constdata          Y6GUI.lib(gb2312tab.o)
    0x0001d554   0x00000031   Data   RO         8288    .constdata          Y6GUI.lib(gb2312tab.o)
    0x0001d585   0x00000025   Data   RO         8289    .constdata          Y6GUI.lib(gb2312tab.o)
    0x0001d5aa   0x00000029   Data   RO         8290    .constdata          Y6GUI.lib(gb2312tab.o)
    0x0001d5d3   0x00000045   Data   RO         8291    .constdata          Y6GUI.lib(gb2312tab.o)
    0x0001d618   0x0000002b   Data   RO         8292    .constdata          Y6GUI.lib(gb2312tab.o)
    0x0001d643   0x000000a1   Data   RO         8293    .constdata          Y6GUI.lib(gb2312tab.o)
    0x0001d6e4   0x00000023   Data   RO         8294    .constdata          Y6GUI.lib(gb2312tab.o)
    0x0001d707   0x00000031   Data   RO         8295    .constdata          Y6GUI.lib(gb2312tab.o)
    0x0001d738   0x00000067   Data   RO         8296    .constdata          Y6GUI.lib(gb2312tab.o)
    0x0001d79f   0x00000007   Data   RO         8297    .constdata          Y6GUI.lib(gb2312tab.o)
    0x0001d7a6   0x00000005   Data   RO         8298    .constdata          Y6GUI.lib(gb2312tab.o)
    0x0001d7ab   0x00000017   Data   RO         8299    .constdata          Y6GUI.lib(gb2312tab.o)
    0x0001d7c2   0x00000015   Data   RO         8300    .constdata          Y6GUI.lib(gb2312tab.o)
    0x0001d7d7   0x00000015   Data   RO         8301    .constdata          Y6GUI.lib(gb2312tab.o)
    0x0001d7ec   0x0000000b   Data   RO         8302    .constdata          Y6GUI.lib(gb2312tab.o)
    0x0001d7f7   0x0000002b   Data   RO         8303    .constdata          Y6GUI.lib(gb2312tab.o)
    0x0001d822   0x0000004d   Data   RO         8304    .constdata          Y6GUI.lib(gb2312tab.o)
    0x0001d86f   0x00000017   Data   RO         8305    .constdata          Y6GUI.lib(gb2312tab.o)
    0x0001d886   0x00000013   Data   RO         8306    .constdata          Y6GUI.lib(gb2312tab.o)
    0x0001d899   0x00000017   Data   RO         8307    .constdata          Y6GUI.lib(gb2312tab.o)
    0x0001d8b0   0x0000000b   Data   RO         8308    .constdata          Y6GUI.lib(gb2312tab.o)
    0x0001d8bb   0x0000000d   Data   RO         8309    .constdata          Y6GUI.lib(gb2312tab.o)
    0x0001d8c8   0x0000000b   Data   RO         8310    .constdata          Y6GUI.lib(gb2312tab.o)
    0x0001d8d3   0x00000025   Data   RO         8311    .constdata          Y6GUI.lib(gb2312tab.o)
    0x0001d8f8   0x00001320   Data   RO         8312    .constdata          Y6GUI.lib(gb2312tab.o)
    0x0001ec18   0x0000009a   Data   RO         3994    .conststring        Y6GUI.lib(guiinit.o)
    0x0001ecb2   0x00000002   PAD
    0x0001ecb4   0x00000046   Data   RO         4453    .conststring        Y6GUI.lib(wexplorer.o)
    0x0001ecfa   0x00000002   PAD
    0x0001ecfc   0x00000044   Data   RO         4577    .conststring        Y6GUI.lib(drawimage.o)
    0x0001ed40   0x00000d7d   Data   RO         8313    .conststring        Y6GUI.lib(gb2312tab.o)


    Execution Region RW_IRAM1 (Base: 0x20000000, Size: 0x00007e98, Max: 0x00008000, ABSOLUTE, COMPRESSED[0x000000c4])

    Base Addr    Size         Type   Attr      Idx    E Section Name        Object

    0x20000000   0x0000002a   Data   RW           24    .data               main.o
    0x2000002a   0x00000002   PAD
    0x2000002c   0x00000008   Data   RW          298    .data               y6_it.o
    0x20000034   0x00000014   Data   RW         2076    .data               lcddriver.o
    0x20000048   0x00000010   Data   RW         2267    .data               y6_xip_write.o
    0x20000058   0x00000004   Data   RW         2389    .data               systemheart.o
    0x2000005c   0x00000008   Data   RW         2501    .data               qspidma.o
    0x20000064   0x00000008   Data   RW         2749    .data               cominterface.o
    0x2000006c   0x00000010   Data   RW         3335    .data               decrypt.o
    0x2000007c   0x00000001   Data   RW         3441    .data               pwm.o
    0x2000007d   0x00000001   Data   RW         3505    .data               y6_command.o
    0x2000007e   0x00000002   Data   RW         3506    .data               y6_command.o
    0x20000080   0x00000005   Data   RW         3541    .data               y6_comparacommand.o
    0x20000085   0x00000001   PAD
    0x20000086   0x00000024   Data   RW         3774    .data               demotest01.o
    0x200000aa   0x00000002   PAD
    0x200000ac   0x00000004   Data   RW         3957    .data               Y6GUI.lib(wtick.o)
    0x200000b0   0x00000004   Data   RW         4288    .data               Y6GUI.lib(guidebug.o)
    0x200000b4   0x00000014   Data   RW         4454    .data               Y6GUI.lib(wexplorer.o)
    0x200000c8   0x00000004   Data   RW         4636    .data               Y6GUI.lib(qrcodebox.o)
    0x200000cc   0x00000008   Data   RW         4789    .data               Y6GUI.lib(widgethandle.o)
    0x200000d4   0x00000134   Data   RW         5193    .data               Y6GUI.lib(qr_encode.o)
    0x20000208   0x00000004   Data   RW         5401    .data               Y6GUI.lib(roundslider.o)
    0x2000020c   0x0000002c   Data   RW         5847    .data               Y6GUI.lib(drawfigureaa.o)
    0x20000238   0x00000008   Data   RW         7568    .data               Y6GUI.lib(drawfont.o)
    0x20000240   0x0000000c   Data   RW         7634    .data               Y6GUI.lib(fullfunckeyboard.o)
    0x2000024c   0x00000002   Data   RW         7801    .data               Y6GUI.lib(numberfunckeyboard1.o)
    0x2000024e   0x00000002   PAD
    0x20000250   0x00000008   Data   RW         7884    .data               Y6GUI.lib(guiprotect.o)
    0x20000258   0x00000004   Data   RW         8699    .data               mc_p.l(stdout.o)
    0x2000025c   0x00000004   Data   RW         8708    .data               mc_p.l(mvars.o)
    0x20000260   0x00000004   Data   RW         8709    .data               mc_p.l(mvars.o)
    0x20000264   0x00000010   Zero   RW          495    .bss                y6_dma.o
    0x20000274   0x00000fa8   Zero   RW         2074    .bss                lcddriver.o
    0x2000121c   0x00000fa8   Zero   RW         2558    .bss                lcdinterface.o
    0x200021c4   0x0000013f   Zero   RW         2747    .bss                cominterface.o
    0x20002303   0x00000001   PAD
    0x20002304   0x00000038   Zero   RW         3058    .bss                encryption.o
    0x2000233c   0x00000320   Zero   RW         3503    .bss                y6_command.o
    0x2000265c   0x00000038   Zero   RW         4342    .bss                Y6GUI.lib(encipher.o)
    0x20002694   0x00000051   Zero   RW         4495    .bss                Y6GUI.lib(winputmsg.o)
    0x200026e5   0x00000003   PAD
    0x200026e8   0x00000010   Zero   RW         4545    .bss                Y6GUI.lib(wguimsg.o)
    0x200026f8   0x00001226   Zero   RW         5159    .bss                Y6GUI.lib(qr_encode.o)
    0x2000391e   0x00000020   Zero   RW         6231    .bss                Y6GUI.lib(floatnumberbox.o)
    0x2000393e   0x00000020   Zero   RW         6477    .bss                Y6GUI.lib(numberbox.o)
    0x2000395e   0x00000020   Zero   RW         7567    .bss                Y6GUI.lib(drawfont.o)
    0x2000397e   0x0000008c   Zero   RW         7632    .bss                Y6GUI.lib(fullfunckeyboard.o)
    0x20003a0a   0x0000008c   Zero   RW         7799    .bss                Y6GUI.lib(numberfunckeyboard1.o)
    0x20003a96   0x00000002   PAD
    0x20003a98   0x00004000   Zero   RW          447    HEAP                startup_y6.o
    0x20007a98   0x00000400   Zero   RW          446    STACK               startup_y6.o


==============================================================================

Image component sizes


      Code (inc. data)   RO Data    RW Data    ZI Data      Debug   Object Name

       180         54         52          8        319       6552   cominterface.o
       956        204          6         16          0      11378   decrypt.o
       792        174       1166         36          0       9877   demotest01.o
       188         18          0          0          0       1132   encoder.o
       436         76          0          0         56      68201   encryption.o
         0          0         12          0          0       1068   flashinterface.o
         0          0         41          0          0      11673   guiconfig.o
        44          4          0          0          0        407   key.o
      1166          8          0          0          0       2826   lcd_spi_init.o
       430         52         36         20       4008      15865   lcddriver.o
       220         30          0          0          0       1539   lcdinit.o
      1252        112         32          0       4008       7920   lcdinterface.o
        44          6          0          0          0        419   led.o
      2850        614          0         42          0     125216   main.o
         0          0         20          0          0       1197   memoryinterface.o
       144         52          0          0          0        924   misc.o
       188         16          0          1          0       1332   pwm.o
       640         88          0          8          0       4473   qspidma.o
        28          8        176          0      17408        672   startup_y6.o
        92         16          0          0          0        573   system_y6.o
       104          4          0          4          0       1313   systemheart.o
       388         26          8          0          0       4407   systemuart.o
       186         24       5000          3        800       2876   y6_command.o
       276         52          0          5          0      10601   y6_comparacommand.o
       312        114          0          0         16       2623   y6_dma.o
       212         22          0          0          0       8750   y6_drawchar.o
       374          6          0          0          0       2898   y6_drawfigure.o
      1296        382          0          0          0       5065   y6_gpio.o
        32          0          0          0          0       1148   y6_init.o
       242         60          0          8          0       7238   y6_it.o
        36         10          0          0          0       4193   y6_otp.o
       784        262          0          0          0       6835   y6_qspi.o
       572        116          0          0          0       4393   y6_rcc.o
         0          0       4096          0          0        547   y6_systemfontlib.o
      4084       1442          0          0          0      16311   y6_tim.o
       966        254          0          0          0       3946   y6_usart.o
      1192         50          0         16          0       9874   y6_xip_write.o

    ----------------------------------------------------------------------
     20732       4356      10684        172      26616     366262   Object Totals
         0          0         32          0          0          0   (incl. Generated)
        26          0          7          5          1          0   (incl. Padding)

    ----------------------------------------------------------------------

      Code (inc. data)   RO Data    RW Data    ZI Data      Debug   Library Member Name

      1882        190          0          0          0       9583   binarybutton.o
      2564        228          0          0          0       9661   button.o
       648        152          0          0          0       5846   cutpicture.o
      1024         60          0          0          0       4670   drawchar.o
       684         34          0          0          0       4722   drawfigure.o
      2018        134          0         44          0      11015   drawfigureaa.o
      1190         38          0          8         32       6928   drawfont.o
       984        200         68          0          0      12911   drawimage.o
       220         24          0          0         56       1917   encipher.o
      2204        226          0          0         32       9886   floatnumberbox.o
      7224       1316       1386         12        140      23862   fullfunckeyboard.o
       152          8      23087          0          0      14907   gb2312tab.o
      1564        128          0          0          0       8279   graph.o
       308         36          0          0          0       4070   gtimer.o
       748         58          0          4          0       7284   guidebug.o
       666         98          0          0          0       8155   guifunc.o
       488        288        154          0          0      12066   guiinit.o
       292         16          0          8          0       1880   guiprotect.o
       744         46          0          0          0       6302   gvariate.o
        44          6          0          0          0        686   keyboard.o
        50         16          0          0          0       1290   mcudriver.o
      1730        234          0          0         32       8117   numberbox.o
      2740        372        816          2        140      12377   numberfunckeyboard1.o
      1050         86          0          0          0       5832   optionbox.o
       476         34          0          0          0       5057   page.o
      4586        118          0          0          0      10114   picanimation.o
       514         88          0          0          0       5898   picturebox.o
      1360        168       2880          0          0       7813   pointer.o
       910        138          0          0          0       5926   progressbar.o
      5114        216       2228        308       4646      19416   qr_encode.o
      1800        170          0          4          0      14694   qrcodebox.o
      2844        310          0          0          0      12526   rolltextbox.o
      2216        170          0          4          0       9302   roundslider.o
      1396        156          0          0          0       7485   slider.o
      1986        266          0          0          0      10128   textbox.o
       280         26          0          0          0       4001   toucharea.o
         0          0       2888          0          0        433   trigtable.o
       708         88          0          0          0       6863   virtualgif.o
      1032        216         70         20          0       5903   wexplorer.o
       244         64          0          0         16       2665   wguimsg.o
      1072        288          0          8          0      11795   widgethandle.o
        82         32       1320          0          0      11982   widgetindex.o
       584          8          0          0          0       3220   widgetlookup.o
       696         62          0          0         81       4818   winputmsg.o
       174         12          0          0          0       3182   wlist.o
       242         26          0          0          0       3198   wqueue.o
        40         12          0          4          0       2444   wtick.o
        86          0          0          0          0          0   __dczerorl2.o
         0          0          0          0          0          0   entry.o
         0          0          0          0          0          0   entry10a.o
         0          0          0          0          0          0   entry11a.o
         8          4          0          0          0          0   entry2.o
         4          0          0          0          0          0   entry5.o
         0          0          0          0          0          0   entry7b.o
         0          0          0          0          0          0   entry8b.o
         8          4          0          0          0          0   entry9a.o
        30          0          0          0          0          0   handlers.o
        40          0          0          0          0         72   idiv.o
        36          8          0          0          0         68   init.o
         0          0          0          0          0          0   iusefp.o
        32          0          0          0          0         68   llshl.o
        38          0          0          0          0         68   llsshr.o
        34          0          0          0          0         68   llushr.o
       368         36          0          0          0        308   mallocr.o
        66          0          0          0          0         68   memmove.o
        36          0          0          0          0        100   memseta.o
         0          0          0          8          0          0   mvars.o
      1222         56          0          0          0        468   printf8.o
         0          0          0          4          0          0   stdout.o
        14          0          0          0          0         60   strlen.o
        44          0          0          0          0         72   uidiv.o
        96          0          0          0          0         84   uldiv.o
        20          0          0          0          0         60   uread4.o
        18          0          0          0          0         60   uwrite4.o
        20          0          0          0          0         68   cfcmple.o
        20          0          0          0          0         68   cfrcmple.o
        56          0          0          0          0         68   d2f.o
       356          4          0          0          0        140   dadd.o
       236          0          0          0          0        216   depilogue.o
        72         10          0          0          0         72   dfixi.o
        40          6          0          0          0         68   dflti.o
        28          4          0          0          0         68   dfltui.o
        44          0          0          0          0         72   dscalb.o
        40          0          0          0          0         60   f2d.o
       178          0          0          0          0        108   fadd.o
       124          0          0          0          0         72   fdiv.o
       130          0          0          0          0        144   fepilogue.o
        50          0          0          0          0         60   ffixi.o
        40          0          0          0          0         60   ffixui.o
        22          0          0          0          0         68   fflti.o
        14          0          0          0          0         68   ffltui.o
       122          0          0          0          0         72   fmul.o

    ----------------------------------------------------------------------
     63408       6794      34904        440       5180     364285   Library Totals
        42          0          7          2          5          0   (incl. Padding)

    ----------------------------------------------------------------------

      Code (inc. data)   RO Data    RW Data    ZI Data      Debug   Library Name

     59574       6662      34897        426       5175     361109   Y6GUI.lib
      2200        108          0         12          0       1624   mc_p.l
      1592         24          0          0          0       1552   mf_p.l

    ----------------------------------------------------------------------
     63408       6794      34904        440       5180     364285   Library Totals

    ----------------------------------------------------------------------

==============================================================================


      Code (inc. data)   RO Data    RW Data    ZI Data      Debug   

     84140      11150      45588        612      31796     704443   Grand Totals
     84140      11150      45588        196      31796     704443   ELF Image Totals (compressed)
     84140      11150      45588        196          0          0   ROM Totals

==============================================================================

    Total RO  Size (Code + RO Data)               129728 ( 126.69kB)
    Total RW  Size (RW Data + ZI Data)             32408 (  31.65kB)
    Total ROM Size (Code + RO Data + RW Data)     129924 ( 126.88kB)

==============================================================================

