Component: ARM Compiler 5.05 update 2 (build 169) Tool: armlink [4d0f33]

==============================================================================

Section Cross References

    main.o(i.assert_failed) refers to printf8.o(i.__0printf$8) for __2printf
    main.o(i.main) refers to systemheart.o(i.SystemHeart_Init) for SystemHeart_Init
    main.o(i.main) refers to systemuart.o(i.SystemUart_Init) for SystemUart_Init
    main.o(i.main) refers to systemuart.o(i.SystemUart2_Init) for SystemUart2_Init
    main.o(i.main) refers to printf8.o(i.__0printf$8) for __2printf
    main.o(i.main) refers to led.o(i.Led_init) for Led_init
    main.o(i.main) refers to lcdinit.o(i.LCD_Init) for LCD_Init
    main.o(i.main) refers to guiinit.o(i.guiInit) for guiInit
    main.o(i.main) refers to start_app.o(i.guiMainPageInit) for guiMainPageInit
    main.o(i.main) refers to guifunc.o(i.guiMainLoop) for guiMainLoop
    main.o(i.outclk_init) refers to Y6_gpio.o(i.GPIO_SetPinMux) for GPIO_SetPinMux
    Y6_it.o(i.HardFault_Handler) refers to printf8.o(i.__0printf$8) for __2printf
    Y6_it.o(i.TIM16_IRQHandler) refers to wtick.o(i.guiTickHandle) for guiTickHandle
    Y6_it.o(i.UART2_IRQHandler) refers to cominterface.o(.constdata) for Com_Des
    system_Y6.o(i.SystemInit) refers to Y6_it.o(i.commonDelay) for commonDelay
    startup_Y6.o(RESET) refers to startup_Y6.o(STACK) for __initial_sp
    startup_Y6.o(RESET) refers to startup_Y6.o(.text) for Reset_Handler
    startup_Y6.o(RESET) refers to Y6_it.o(i.HardFault_Handler) for HardFault_Handler
    startup_Y6.o(RESET) refers to Y6_it.o(i.SVC_Handler) for SVC_Handler
    startup_Y6.o(RESET) refers to Y6_it.o(i.PendSV_Handler) for PendSV_Handler
    startup_Y6.o(RESET) refers to Y6_it.o(i.SysTick_Handler) for SysTick_Handler
    startup_Y6.o(RESET) refers to Y6_it.o(i.TIM16_IRQHandler) for TIM16_IRQHandler
    startup_Y6.o(RESET) refers to Y6_it.o(i.UART1_IRQHandler) for UART1_IRQHandler
    startup_Y6.o(RESET) refers to Y6_it.o(i.UART2_IRQHandler) for UART2_IRQHandler
    startup_Y6.o(RESET) refers to Y6_dma.o(i.DMA_IRQHandler) for DMA_IRQHandler
    startup_Y6.o(.text) refers to system_Y6.o(i.SystemInit) for SystemInit
    startup_Y6.o(.text) refers to entry.o(.ARM.Collect$$$$00000000) for __main
    Y6_dma.o(i.DMA_IRQHandler) refers to Y6_dma.o(i.DmaChannelInterruptStatusBit) for DmaChannelInterruptStatusBit
    Y6_dma.o(i.DMA_IRQHandler) refers to Y6_dma.o(i.DmaChannelClearInterruptStatus) for DmaChannelClearInterruptStatus
    Y6_dma.o(i.DMA_IRQHandler) refers to Y6_dma.o(.bss) for .bss
    Y6_dma.o(i.DmaChannelCFGset) refers to main.o(i.assert_failed) for assert_failed
    Y6_dma.o(i.DmaChannelClearInterruptStatus) refers to main.o(i.assert_failed) for assert_failed
    Y6_dma.o(i.DmaChannelInterrupt) refers to main.o(i.assert_failed) for assert_failed
    Y6_dma.o(i.DmaChannelInterruptStatusBit) refers to main.o(i.assert_failed) for assert_failed
    Y6_dma.o(i.DmaFreeChannel) refers to Y6_dma.o(.data) for .data
    Y6_dma.o(i.DmaFreeChannel) refers to Y6_dma.o(.bss) for .bss
    Y6_dma.o(i.DmaInit) refers to main.o(i.assert_failed) for assert_failed
    Y6_dma.o(i.DmaInit) refers to Y6_dma.o(i.DmaIsBusy) for DmaIsBusy
    Y6_dma.o(i.DmaInit) refers to Y6_rcc.o(i.RCC_ResetAHBCLK) for RCC_ResetAHBCLK
    Y6_dma.o(i.DmaInit) refers to Y6_dma.o(i.DmaStop) for DmaStop
    Y6_dma.o(i.DmaIsBusy) refers to main.o(i.assert_failed) for assert_failed
    Y6_dma.o(i.DmaRequestChannel) refers to Y6_dma.o(.data) for .data
    Y6_dma.o(i.DmaRequestChannel) refers to Y6_dma.o(.bss) for .bss
    Y6_dma.o(i.DmaStartRoutine) refers to main.o(i.assert_failed) for assert_failed
    Y6_dma.o(i.DmaStartRoutine) refers to Y6_dma.o(i.DmaIsBusy) for DmaIsBusy
    Y6_dma.o(i.DmaStartRoutine) refers to Y6_dma.o(i.DmaChannelClearInterruptStatus) for i.DmaChannelClearInterruptStatus
    Y6_dma.o(i.DmaStop) refers to main.o(i.assert_failed) for assert_failed
    Y6_dma.o(i.DmaStop) refers to Y6_dma.o(i.DmaChannelInterrupt) for DmaChannelInterrupt
    Y6_dma.o(i.DmaStop) refers to Y6_dma.o(i.DmaChannelClearInterruptStatus) for DmaChannelClearInterruptStatus
    Y6_dma.o(i.DmaStop) refers to Y6_dma.o(i.DmaIsBusy) for DmaIsBusy
    Y6_gpio.o(i.GPIO_ClearPin) refers to main.o(i.assert_failed) for assert_failed
    Y6_gpio.o(i.GPIO_EdgeITClear) refers to main.o(i.assert_failed) for assert_failed
    Y6_gpio.o(i.GPIO_EdgeITEnable) refers to main.o(i.assert_failed) for assert_failed
    Y6_gpio.o(i.GPIO_GetMaskITStatus) refers to main.o(i.assert_failed) for assert_failed
    Y6_gpio.o(i.GPIO_GetOriginalITStatus) refers to main.o(i.assert_failed) for assert_failed
    Y6_gpio.o(i.GPIO_Init) refers to main.o(i.assert_failed) for assert_failed
    Y6_gpio.o(i.GPIO_LevelITEnable) refers to main.o(i.assert_failed) for assert_failed
    Y6_gpio.o(i.GPIO_MaskIT) refers to main.o(i.assert_failed) for assert_failed
    Y6_gpio.o(i.GPIO_PinMask) refers to main.o(i.assert_failed) for assert_failed
[...]
    0x00009368   0x0000000c   Code   RO         6325    i.switchAlterForward_releaseEvent  TDOGUIV1_0.lib(fullfunckeyboard.o)
    0x00009374   0x000000c0   Code   RO         6326    i.switchDispGB2312Index  TDOGUIV1_0.lib(fullfunckeyboard.o)
    0x00009434   0x00000120   Code   RO         2983    i.vsnprintf         TDOGUIV1_0.lib(guidebug.o)
    0x00009554   0x0000003c   Code   RO         3448    i.wAppendWidgetTextHandle  TDOGUIV1_0.lib(widgethandle.o)
    0x00009590   0x00000044   Code   RO         6327    i.wCreateFullKeyBoard  TDOGUIV1_0.lib(fullfunckeyboard.o)
    0x000095d4   0x0000007c   Code   RO         3450    i.wCreateHadnle     TDOGUIV1_0.lib(widgethandle.o)
    0x00009650   0x0000002c   Code   RO         6238    i.wCreateKeyBoard   TDOGUIV1_0.lib(keyboard.o)
    0x0000967c   0x00000018   Code   RO         6494    i.wCreatenumberFuncKeyBoard1  TDOGUIV1_0.lib(numberfunckeyboard1.o)
    0x00009694   0x00000028   Code   RO         3451    i.wDeleteHandle     TDOGUIV1_0.lib(widgethandle.o)
    0x000096bc   0x0000003c   Code   RO         3452    i.wDeleteWidgetTextHandle  TDOGUIV1_0.lib(widgethandle.o)
    0x000096f8   0x00000144   Code   RO         3269    i.wDispAlphaImage   TDOGUIV1_0.lib(drawimage.o)
    0x0000983c   0x00000064   Code   RO         6198    i.wDispCircle       TDOGUIV1_0.lib(drawfigure.o)
    0x000098a0   0x000000cc   Code   RO         6199    i.wDispCircle_Solid  TDOGUIV1_0.lib(drawfigure.o)
    0x0000996c   0x00000028   Code   RO         3453    i.wDispHandle       TDOGUIV1_0.lib(widgethandle.o)
    0x00009994   0x000000c4   Code   RO         3270    i.wDispImage        TDOGUIV1_0.lib(drawimage.o)
    0x00009a58   0x000000f4   Code   RO         3271    i.wDispImageincenter  TDOGUIV1_0.lib(drawimage.o)
    0x00009b4c   0x000000a0   Code   RO         6200    i.wDispLine         TDOGUIV1_0.lib(drawfigure.o)
    0x00009bec   0x000000dc   Code   RO         3272    i.wDispPartImage_AtLoc  TDOGUIV1_0.lib(drawimage.o)
    0x00009cc8   0x00000040   Code   RO         6201    i.wDispRectangle    TDOGUIV1_0.lib(drawfigure.o)
    0x00009d08   0x00000010   Code   RO         6202    i.wDispRectangle_Solid  TDOGUIV1_0.lib(drawfigure.o)
    0x00009d18   0x00000054   Code   RO         4533    i.wDrawArc_AT       TDOGUIV1_0.lib(drawfigureaa.o)
    0x00009d6c   0x00000040   Code   RO         4534    i.wDrawCircle_Solid_AT  TDOGUIV1_0.lib(drawfigureaa.o)
    0x00009dac   0x000000e4   Code   RO         3145    i.wGetResoureAddr   TDOGUIV1_0.lib(wexplorer.o)
    0x00009e90   0x000000fc   Code   RO         3146    i.wGetResoureAddrEX  TDOGUIV1_0.lib(wexplorer.o)
    0x00009f8c   0x00000008   Code   RO         3457    i.wGetWidgetList    TDOGUIV1_0.lib(widgethandle.o)
    0x00009f94   0x000000cc   Code   RO         3748    i.wGetWidgetNode_ByPos  TDOGUIV1_0.lib(widgetlookup.o)
    0x0000a060   0x00000128   Code   RO         3749    i.wGetWidgetNode_ByTwoPos  TDOGUIV1_0.lib(widgetlookup.o)
    0x0000a188   0x0000002a   Code   RO         3750    i.wGetWidgetNode_ByType  TDOGUIV1_0.lib(widgetlookup.o)
    0x0000a1b2   0x0000002a   Code   RO         3751    i.wGetWidgetNode_ByWID  TDOGUIV1_0.lib(widgetlookup.o)
    0x0000a1dc   0x0000003c   Code   RO         3462    i.wGetWidgetTextHandle  TDOGUIV1_0.lib(widgethandle.o)
    0x0000a218   0x00000090   Code   RO         3238    i.wGuiMsgHandleLoop  TDOGUIV1_0.lib(wguimsg.o)
    0x0000a2a8   0x00000044   Code   RO         3239    i.wGuiMsgInit       TDOGUIV1_0.lib(wguimsg.o)
    0x0000a2ec   0x000000d8   Code   RO         3147    i.wInitResource     TDOGUIV1_0.lib(wexplorer.o)
    0x0000a3c4   0x00000028   Code   RO         3189    i.wInputMsgHandleLoop  TDOGUIV1_0.lib(winputmsg.o)
    0x0000a3ec   0x00000084   Code   RO         3190    i.wInputMsgInit     TDOGUIV1_0.lib(winputmsg.o)
    0x0000a470   0x0000002c   Code   RO         3464    i.wPressEventHandle  TDOGUIV1_0.lib(widgethandle.o)
    0x0000a49c   0x0000000a   Code   RO         3805    i.wQueueClear       TDOGUIV1_0.lib(wqueue.o)
    0x0000a4a6   0x00000002   PAD
    0x0000a4a8   0x00000058   Code   RO         3806    i.wQueueIn          TDOGUIV1_0.lib(wqueue.o)
    0x0000a500   0x00000038   Code   RO         3807    i.wQueueInit        TDOGUIV1_0.lib(wqueue.o)
    0x0000a538   0x00000058   Code   RO         3808    i.wQueueOut         TDOGUIV1_0.lib(wqueue.o)
    0x0000a590   0x0000003c   Code   RO         3466    i.wRegisterEventHandle  TDOGUIV1_0.lib(widgethandle.o)
    0x0000a5cc   0x0000002c   Code   RO         3467    i.wReleaseEventHandle  TDOGUIV1_0.lib(widgethandle.o)
    0x0000a5f8   0x00000150   Code   RO         3148    i.wResGetFontMsg    TDOGUIV1_0.lib(wexplorer.o)
    0x0000a748   0x00000010   Code   RO         3240    i.wSendMsgGui       TDOGUIV1_0.lib(wguimsg.o)
    0x0000a758   0x0000003c   Code   RO         3476    i.wSetWidgetPictureID  TDOGUIV1_0.lib(widgethandle.o)
    0x0000a794   0x0000003c   Code   RO         3478    i.wSetWidgetTextHandle  TDOGUIV1_0.lib(widgethandle.o)
    0x0000a7d0   0x0000002c   Code   RO         3480    i.wSlidEventHandle  TDOGUIV1_0.lib(widgethandle.o)
    0x0000a7fc   0x0000002c   Code   RO         3481    i.wTimeOutEventHandle  TDOGUIV1_0.lib(widgethandle.o)
    0x0000a828   0x0000002c   Code   RO         3482    i.wUpdateEventHandle  TDOGUIV1_0.lib(widgethandle.o)
    0x0000a854   0x000000b8   Code   RO         3483    i.wWidgetLoad       TDOGUIV1_0.lib(widgethandle.o)
    0x0000a90c   0x00000060   Code   RO         3484    i.wWidgetTimeOutHandleLoop  TDOGUIV1_0.lib(widgethandle.o)
    0x0000a96c   0x00000074   Code   RO         4686    i.w_AppendTextBinaryButton  TDOGUIV1_0.lib(binarybutton.o)
    0x0000a9e0   0x00000074   Code   RO         4773    i.w_AppendTextButton  TDOGUIV1_0.lib(button.o)
    0x0000aa54   0x00000078   Code   RO         5094    i.w_AppendTextGvariate  TDOGUIV1_0.lib(gvariate.o)
    0x0000aacc   0x00000008   Code   RO         4289    i.w_AppendTextNull  TDOGUIV1_0.lib(widgetindex.o)
    0x0000aad4   0x00000078   Code   RO         3315    i.w_AppendTextQRcodeBox  TDOGUIV1_0.lib(qrcodebox.o)
    0x0000ab4c   0x0000007c   Code   RO         5676    i.w_AppendTextRollTextBox  TDOGUIV1_0.lib(rolltextbox.o)
    0x0000abc8   0x00000088   Code   RO         5915    i.w_AppendTextTextBox  TDOGUIV1_0.lib(textbox.o)
    0x0000ac50   0x00000088   Code   RO         4687    i.w_DeleteTextBinaryButton  TDOGUIV1_0.lib(binarybutton.o)
    0x0000acd8   0x00000088   Code   RO         4774    i.w_DeleteTextButton  TDOGUIV1_0.lib(button.o)
    0x0000ad60   0x00000088   Code   RO         5095    i.w_DeleteTextGvariate  TDOGUIV1_0.lib(gvariate.o)
    0x0000ade8   0x00000008   Code   RO         4290    i.w_DeleteTextNull  TDOGUIV1_0.lib(widgetindex.o)
    0x0000adf0   0x00000088   Code   RO         3316    i.w_DeleteTextQRcodeBox  TDOGUIV1_0.lib(qrcodebox.o)
    0x0000ae78   0x0000008c   Code   RO         5677    i.w_DeleteTextRollTextBox  TDOGUIV1_0.lib(rolltextbox.o)
    0x0000af04   0x0000008c   Code   RO         5916    i.w_DeleteTextTextBox  TDOGUIV1_0.lib(textbox.o)
    0x0000af90   0x0000009c   Code   RO         6165    i.w_GetStringNeedWH  TDOGUIV1_0.lib(drawchar.o)
    0x0000b02c   0x00000028   Code   RO         4688    i.w_GetTextBinaryButton  TDOGUIV1_0.lib(binarybutton.o)
    0x0000b054   0x00000028   Code   RO         4775    i.w_GetTextButton   TDOGUIV1_0.lib(button.o)
    0x0000b07c   0x00000028   Code   RO         5096    i.w_GetTextGvariate  TDOGUIV1_0.lib(gvariate.o)
    0x0000b0a4   0x00000008   Code   RO         4298    i.w_GetTextNull     TDOGUIV1_0.lib(widgetindex.o)
    0x0000b0ac   0x00000028   Code   RO         3320    i.w_GetTextQRcodeBox  TDOGUIV1_0.lib(qrcodebox.o)
    0x0000b0d4   0x0000002c   Code   RO         5683    i.w_GetTextRollTextBox  TDOGUIV1_0.lib(rolltextbox.o)
    0x0000b100   0x0000002c   Code   RO         5920    i.w_GetTextTextBox  TDOGUIV1_0.lib(textbox.o)
    0x0000b12c   0x00000036   Code   RO         4690    i.w_PressEventBinaryButton  TDOGUIV1_0.lib(binarybutton.o)
    0x0000b162   0x00000002   PAD
    0x0000b164   0x000001b4   Code   RO         4776    i.w_PressEventButton  TDOGUIV1_0.lib(button.o)
    0x0000b318   0x0000001c   Code   RO         4849    i.w_PressEventCutPicture  TDOGUIV1_0.lib(cutpicture.o)
    0x0000b334   0x0000001c   Code   RO         4915    i.w_PressEventFloatNumberBox  TDOGUIV1_0.lib(floatnumberbox.o)
    0x0000b350   0x00000028   Code   RO         3982    i.w_PressEventGraph  TDOGUIV1_0.lib(graph.o)
    0x0000b378   0x00000002   Code   RO         4300    i.w_PressEventNULL  TDOGUIV1_0.lib(widgetindex.o)
    0x0000b37a   0x0000001c   Code   RO         5161    i.w_PressEventNumberBox  TDOGUIV1_0.lib(numberbox.o)
    0x0000b396   0x00000032   Code   RO         5267    i.w_PressEventOptionBox  TDOGUIV1_0.lib(optionbox.o)
    0x0000b3c8   0x0000001c   Code   RO         5353    i.w_PressEventPage  TDOGUIV1_0.lib(page.o)
    0x0000b3e4   0x0000001c   Code   RO         4182    i.w_PressEventPicanimation  TDOGUIV1_0.lib(picanimation.o)
    0x0000b400   0x0000001c   Code   RO         5415    i.w_PressEventPictureBox  TDOGUIV1_0.lib(picturebox.o)
    0x0000b41c   0x0000001c   Code   RO         5483    i.w_PressEventPointer  TDOGUIV1_0.lib(pointer.o)
    0x0000b438   0x0000001c   Code   RO         5592    i.w_PressEventProgressBar  TDOGUIV1_0.lib(progressbar.o)
    0x0000b454   0x00000034   Code   RO         3321    i.w_PressEventQRcodeBox  TDOGUIV1_0.lib(qrcodebox.o)
    0x0000b488   0x0000001c   Code   RO         5684    i.w_PressEventRollTextBox  TDOGUIV1_0.lib(rolltextbox.o)
    0x0000b4a4   0x0000001c   Code   RO         4085    i.w_PressEventRoundSlider  TDOGUIV1_0.lib(roundslider.o)
    0x0000b4c0   0x0000001c   Code   RO         5826    i.w_PressEventSlider  TDOGUIV1_0.lib(slider.o)
    0x0000b4dc   0x0000001c   Code   RO         5921    i.w_PressEventTextBox  TDOGUIV1_0.lib(textbox.o)
    0x0000b4f8   0x0000001c   Code   RO         6026    i.w_PressEventTouchArea  TDOGUIV1_0.lib(toucharea.o)
    0x0000b514   0x0000001c   Code   RO         6068    i.w_PressEventVirtualGif  TDOGUIV1_0.lib(virtualgif.o)
    0x0000b530   0x0000001c   Code   RO         4691    i.w_ReleaseEventBinaryButton  TDOGUIV1_0.lib(binarybutton.o)
    0x0000b54c   0x000001c0   Code   RO         4777    i.w_ReleaseEventButton  TDOGUIV1_0.lib(button.o)
    0x0000b70c   0x0000001c   Code   RO         4850    i.w_ReleaseEventCutPicture  TDOGUIV1_0.lib(cutpicture.o)
    0x0000b728   0x00000104   Code   RO         4916    i.w_ReleaseEventFloatNumberBox  TDOGUIV1_0.lib(floatnumberbox.o)
    0x0000b82c   0x00000028   Code   RO         3984    i.w_ReleaseEventGraph  TDOGUIV1_0.lib(graph.o)
    0x0000b854   0x00000002   Code   RO         4302    i.w_ReleaseEventNULL  TDOGUIV1_0.lib(widgetindex.o)
    0x0000b856   0x00000002   PAD
    0x0000b858   0x000000a0   Code   RO         5162    i.w_ReleaseEventNumberBox  TDOGUIV1_0.lib(numberbox.o)
    0x0000b8f8   0x0000001c   Code   RO         5268    i.w_ReleaseEventOptionBox  TDOGUIV1_0.lib(optionbox.o)
    0x0000b914   0x0000001c   Code   RO         5354    i.w_ReleaseEventPage  TDOGUIV1_0.lib(page.o)
    0x0000b930   0x0000001c   Code   RO         4183    i.w_ReleaseEventPicanimation  TDOGUIV1_0.lib(picanimation.o)
    0x0000b94c   0x0000001c   Code   RO         5416    i.w_ReleaseEventPictureBox  TDOGUIV1_0.lib(picturebox.o)
    0x0000b968   0x0000001c   Code   RO         5484    i.w_ReleaseEventPointer  TDOGUIV1_0.lib(pointer.o)
    0x0000b984   0x0000001c   Code   RO         5593    i.w_ReleaseEventProgressBar  TDOGUIV1_0.lib(progressbar.o)
    0x0000b9a0   0x00000034   Code   RO         3322    i.w_ReleaseEventQRcodeBox  TDOGUIV1_0.lib(qrcodebox.o)
    0x0000b9d4   0x0000008c   Code   RO         5685    i.w_ReleaseEventRollTextBox  TDOGUIV1_0.lib(rolltextbox.o)
    0x0000ba60   0x0000001c   Code   RO         4086    i.w_ReleaseEventRoundSlider  TDOGUIV1_0.lib(roundslider.o)
    0x0000ba7c   0x0000001c   Code   RO         5827    i.w_ReleaseEventSlider  TDOGUIV1_0.lib(slider.o)
    0x0000ba98   0x0000008c   Code   RO         5922    i.w_ReleaseEventTextBox  TDOGUIV1_0.lib(textbox.o)
    0x0000bb24   0x0000001c   Code   RO         6027    i.w_ReleaseEventTouchArea  TDOGUIV1_0.lib(toucharea.o)
    0x0000bb40   0x0000001c   Code   RO         6069    i.w_ReleaseEventVirtualGif  TDOGUIV1_0.lib(virtualgif.o)
    0x0000bb5c   0x00000018   Code   RO         4851    i.w_SetPictureIDCutPicture  TDOGUIV1_0.lib(cutpicture.o)
    0x0000bb74   0x00000018   Code   RO         4919    i.w_SetPictureIDFloatNumbertBox  TDOGUIV1_0.lib(floatnumberbox.o)
    0x0000bb8c   0x00000018   Code   RO         3986    i.w_SetPictureIDGraph  TDOGUIV1_0.lib(graph.o)
    0x0000bba4   0x00000008   Code   RO         4309    i.w_SetPictureIDNull  TDOGUIV1_0.lib(widgetindex.o)
    0x0000bbac   0x00000018   Code   RO         5165    i.w_SetPictureIDNumbertBox  TDOGUIV1_0.lib(numberbox.o)
    0x0000bbc4   0x00000030   Code   RO         4186    i.w_SetPictureIDPicanimation  TDOGUIV1_0.lib(picanimation.o)
    0x0000bbf4   0x00000018   Code   RO         5417    i.w_SetPictureIDPictureBox  TDOGUIV1_0.lib(picturebox.o)
    0x0000bc0c   0x00000018   Code   RO         5487    i.w_SetPictureIDPointer  TDOGUIV1_0.lib(pointer.o)
    0x0000bc24   0x00000018   Code   RO         5690    i.w_SetPictureIDRollTextBox  TDOGUIV1_0.lib(rolltextbox.o)
    0x0000bc3c   0x00000018   Code   RO         5925    i.w_SetPictureIDTextBox  TDOGUIV1_0.lib(textbox.o)
    0x0000bc54   0x00000064   Code   RO         4692    i.w_SetTextBinaryButton  TDOGUIV1_0.lib(binarybutton.o)
    0x0000bcb8   0x00000064   Code   RO         4778    i.w_SetTextButton   TDOGUIV1_0.lib(button.o)
    0x0000bd1c   0x0000016c   Code   RO         4920    i.w_SetTextFloatNumbertBox  TDOGUIV1_0.lib(floatnumberbox.o)
    0x0000be88   0x0000006c   Code   RO         5098    i.w_SetTextGvariate  TDOGUIV1_0.lib(gvariate.o)
    0x0000bef4   0x00000008   Code   RO         4310    i.w_SetTextNull     TDOGUIV1_0.lib(widgetindex.o)
    0x0000befc   0x00000080   Code   RO         5166    i.w_SetTextNumbertBox  TDOGUIV1_0.lib(numberbox.o)
    0x0000bf7c   0x00000074   Code   RO         3326    i.w_SetTextQRcodeBox  TDOGUIV1_0.lib(qrcodebox.o)
    0x0000bff0   0x00000094   Code   RO         5691    i.w_SetTextRollTextBox  TDOGUIV1_0.lib(rolltextbox.o)
    0x0000c084   0x0000006c   Code   RO         5926    i.w_SetTextTextBox  TDOGUIV1_0.lib(textbox.o)
    0x0000c0f0   0x00000002   Code   RO         4312    i.w_SlidEventNULL   TDOGUIV1_0.lib(widgetindex.o)
    0x0000c0f2   0x00000028   Code   RO         4090    i.w_SlidEventRoundSlider  TDOGUIV1_0.lib(roundslider.o)
    0x0000c11a   0x00000028   Code   RO         5830    i.w_SlidEventSlider  TDOGUIV1_0.lib(slider.o)
    0x0000c142   0x0000001c   Code   RO         5035    i.w_TimeOutEventGtimer  TDOGUIV1_0.lib(gtimer.o)
    0x0000c15e   0x00000002   Code   RO         4313    i.w_TimeOutEventNULL  TDOGUIV1_0.lib(widgetindex.o)
    0x0000c160   0x00000044   Code   RO         4188    i.w_TimeOutEventPicanimation  TDOGUIV1_0.lib(picanimation.o)
    0x0000c1a4   0x00000024   Code   RO         5692    i.w_TimeOutEventRollTextBox  TDOGUIV1_0.lib(rolltextbox.o)
    0x0000c1c8   0x00000056   Code   RO         6073    i.w_TimeOutEventVirtualGif  TDOGUIV1_0.lib(virtualgif.o)
    0x0000c21e   0x00000024   Code   RO         4694    i.w_UpdateEventBinaryButton  TDOGUIV1_0.lib(binarybutton.o)
    0x0000c242   0x00000002   PAD
    0x0000c244   0x00000038   Code   RO         4779    i.w_UpdateEventButton  TDOGUIV1_0.lib(button.o)
    0x0000c27c   0x0000005a   Code   RO         4852    i.w_UpdateEventCutPicture  TDOGUIV1_0.lib(cutpicture.o)
    0x0000c2d6   0x00000024   Code   RO         4922    i.w_UpdateEventFloatNumberBox  TDOGUIV1_0.lib(floatnumberbox.o)
    0x0000c2fa   0x00000002   PAD
    0x0000c2fc   0x00000034   Code   RO         3989    i.w_UpdateEventGraph  TDOGUIV1_0.lib(graph.o)
    0x0000c330   0x00000002   Code   RO         4314    i.w_UpdateEventNULL  TDOGUIV1_0.lib(widgetindex.o)
    0x0000c332   0x00000022   Code   RO         5168    i.w_UpdateEventNumberBox  TDOGUIV1_0.lib(numberbox.o)
    0x0000c354   0x00000024   Code   RO         5272    i.w_UpdateEventOptionBox  TDOGUIV1_0.lib(optionbox.o)
    0x0000c378   0x0000001c   Code   RO         5355    i.w_UpdateEventPage  TDOGUIV1_0.lib(page.o)
    0x0000c394   0x0000001c   Code   RO         4189    i.w_UpdateEventPicanimation  TDOGUIV1_0.lib(picanimation.o)
    0x0000c3b0   0x00000024   Code   RO         5418    i.w_UpdateEventPictureBox  TDOGUIV1_0.lib(picturebox.o)
    0x0000c3d4   0x00000040   Code   RO         5489    i.w_UpdateEventPointer  TDOGUIV1_0.lib(pointer.o)
    0x0000c414   0x00000022   Code   RO         5597    i.w_UpdateEventProgressBar  TDOGUIV1_0.lib(progressbar.o)
    0x0000c436   0x00000002   PAD
    0x0000c438   0x00000040   Code   RO         3327    i.w_UpdateEventQRcodeBox  TDOGUIV1_0.lib(qrcodebox.o)
    0x0000c478   0x0000001c   Code   RO         5693    i.w_UpdateEventRollTextBox  TDOGUIV1_0.lib(rolltextbox.o)
    0x0000c494   0x00000164   Code   RO         4091    i.w_UpdateEventRoundSlider  TDOGUIV1_0.lib(roundslider.o)
    0x0000c5f8   0x00000108   Code   RO         5831    i.w_UpdateEventSlider  TDOGUIV1_0.lib(slider.o)
    0x0000c700   0x00000022   Code   RO         5927    i.w_UpdateEventTextBox  TDOGUIV1_0.lib(textbox.o)
    0x0000c722   0x00000024   Code   RO         6074    i.w_UpdateEventVirtualGif  TDOGUIV1_0.lib(virtualgif.o)
    0x0000c746   0x00000002   PAD
    0x0000c748   0x0000026c   Code   RO         4092    i.w_UpdateRoundSliderValue  TDOGUIV1_0.lib(roundslider.o)
    0x0000c9b4   0x00000084   Code   RO         5832    i.w_UpdateSliderValue  TDOGUIV1_0.lib(slider.o)
    0x0000ca38   0x00000200   Code   RO         4695    i.w_createBinaryButton  TDOGUIV1_0.lib(binarybutton.o)
    0x0000cc38   0x000001f4   Code   RO         4780    i.w_createButton    TDOGUIV1_0.lib(button.o)
    0x0000ce2c   0x0000013c   Code   RO         4853    i.w_createCutPicture  TDOGUIV1_0.lib(cutpicture.o)
    0x0000cf68   0x00000164   Code   RO         4923    i.w_createFloatNumberBox  TDOGUIV1_0.lib(floatnumberbox.o)
    0x0000d0cc   0x0000018c   Code   RO         3990    i.w_createGraph     TDOGUIV1_0.lib(graph.o)
    0x0000d258   0x00000078   Code   RO         5036    i.w_createGtimer    TDOGUIV1_0.lib(gtimer.o)
    0x0000d2d0   0x000000fc   Code   RO         5100    i.w_createGvariate  TDOGUIV1_0.lib(gvariate.o)
    0x0000d3cc   0x0000000c   Code   RO         4315    i.w_createNULL      TDOGUIV1_0.lib(widgetindex.o)
    0x0000d3d8   0x00000150   Code   RO         5169    i.w_createNumberBox  TDOGUIV1_0.lib(numberbox.o)
    0x0000d528   0x00000110   Code   RO         5273    i.w_createOptionBox  TDOGUIV1_0.lib(optionbox.o)
    0x0000d638   0x00000094   Code   RO         5356    i.w_createPage      TDOGUIV1_0.lib(page.o)
    0x0000d6cc   0x00000134   Code   RO         4190    i.w_createPicanimation  TDOGUIV1_0.lib(picanimation.o)
    0x0000d800   0x00000108   Code   RO         5419    i.w_createPictureBox  TDOGUIV1_0.lib(picturebox.o)
    0x0000d908   0x00000164   Code   RO         5490    i.w_createPointer   TDOGUIV1_0.lib(pointer.o)
    0x0000da6c   0x00000148   Code   RO         5598    i.w_createProgressBar  TDOGUIV1_0.lib(progressbar.o)
    0x0000dbb4   0x000001ac   Code   RO         3328    i.w_createQRcodeBox  TDOGUIV1_0.lib(qrcodebox.o)
    0x0000dd60   0x000002bc   Code   RO         5694    i.w_createRollTextBox  TDOGUIV1_0.lib(rolltextbox.o)
    0x0000e01c   0x0000019c   Code   RO         4093    i.w_createRoundSlider  TDOGUIV1_0.lib(roundslider.o)
    0x0000e1b8   0x00000168   Code   RO         5833    i.w_createSlider    TDOGUIV1_0.lib(slider.o)
    0x0000e320   0x00000204   Code   RO         5928    i.w_createTextBox   TDOGUIV1_0.lib(textbox.o)
    0x0000e524   0x00000080   Code   RO         6028    i.w_createTouchArea  TDOGUIV1_0.lib(toucharea.o)
    0x0000e5a4   0x00000130   Code   RO         6075    i.w_createVirtualGif  TDOGUIV1_0.lib(virtualgif.o)
    0x0000e6d4   0x00000038   Code   RO         4696    i.w_deleteBinaryButton  TDOGUIV1_0.lib(binarybutton.o)
    0x0000e70c   0x00000038   Code   RO         4781    i.w_deleteButton    TDOGUIV1_0.lib(button.o)
    0x0000e744   0x00000018   Code   RO         4854    i.w_deleteCutPicture  TDOGUIV1_0.lib(cutpicture.o)
    0x0000e75c   0x00000018   Code   RO         4924    i.w_deleteFloatNumberBox  TDOGUIV1_0.lib(floatnumberbox.o)
    0x0000e774   0x000000a0   Code   RO         3991    i.w_deleteGraph     TDOGUIV1_0.lib(graph.o)
    0x0000e814   0x00000018   Code   RO         5037    i.w_deleteGtimer    TDOGUIV1_0.lib(gtimer.o)
    0x0000e82c   0x00000038   Code   RO         5101    i.w_deleteGvariate  TDOGUIV1_0.lib(gvariate.o)
    0x0000e864   0x00000002   Code   RO         4316    i.w_deleteNULL      TDOGUIV1_0.lib(widgetindex.o)
    0x0000e866   0x00000002   PAD
    0x0000e868   0x00000018   Code   RO         5170    i.w_deleteNumberBox  TDOGUIV1_0.lib(numberbox.o)
    0x0000e880   0x00000018   Code   RO         5274    i.w_deleteOptionBox  TDOGUIV1_0.lib(optionbox.o)
    0x0000e898   0x00000018   Code   RO         5357    i.w_deletePage      TDOGUIV1_0.lib(page.o)
    0x0000e8b0   0x00000018   Code   RO         4191    i.w_deletePicanimation  TDOGUIV1_0.lib(picanimation.o)
    0x0000e8c8   0x00000018   Code   RO         5420    i.w_deletePictureBox  TDOGUIV1_0.lib(picturebox.o)
    0x0000e8e0   0x0000001c   Code   RO         5491    i.w_deletePointer   TDOGUIV1_0.lib(pointer.o)
    0x0000e8fc   0x00000018   Code   RO         5599    i.w_deleteProgressBar  TDOGUIV1_0.lib(progressbar.o)
    0x0000e914   0x00000050   Code   RO         3329    i.w_deleteQRcodeBox  TDOGUIV1_0.lib(qrcodebox.o)
    0x0000e964   0x00000038   Code   RO         5695    i.w_deleteRollTextBox  TDOGUIV1_0.lib(rolltextbox.o)
    0x0000e99c   0x00000018   Code   RO         4094    i.w_deleteRoundSlider  TDOGUIV1_0.lib(roundslider.o)
    0x0000e9b4   0x00000018   Code   RO         5834    i.w_deleteSlider    TDOGUIV1_0.lib(slider.o)
    0x0000e9cc   0x00000038   Code   RO         5929    i.w_deleteTextBox   TDOGUIV1_0.lib(textbox.o)
    0x0000ea04   0x00000018   Code   RO         6029    i.w_deleteTouchArea  TDOGUIV1_0.lib(toucharea.o)
    0x0000ea1c   0x00000018   Code   RO         6076    i.w_deleteVirtualGif  TDOGUIV1_0.lib(virtualgif.o)
    0x0000ea34   0x000002dc   Code   RO         4697    i.w_dispBinaryButton  TDOGUIV1_0.lib(binarybutton.o)
    0x0000ed10   0x0000025c   Code   RO         4782    i.w_dispButton      TDOGUIV1_0.lib(button.o)
    0x0000ef6c   0x00000364   Code   RO         6166    i.w_dispCharUseExFont  TDOGUIV1_0.lib(drawchar.o)
    0x0000f2d0   0x00000042   Code   RO         4855    i.w_dispCutPicture  TDOGUIV1_0.lib(cutpicture.o)
    0x0000f312   0x00000002   PAD
    0x0000f314   0x00000410   Code   RO         4925    i.w_dispFloatNumberBox  TDOGUIV1_0.lib(floatnumberbox.o)
    0x0000f724   0x00000080   Code   RO         3992    i.w_dispGraph       TDOGUIV1_0.lib(graph.o)
    0x0000f7a4   0x00000002   Code   RO         4317    i.w_dispNULL        TDOGUIV1_0.lib(widgetindex.o)
    0x0000f7a6   0x00000002   PAD
    0x0000f7a8   0x0000039c   Code   RO         5171    i.w_dispNumberBox   TDOGUIV1_0.lib(numberbox.o)
    0x0000fb44   0x00000238   Code   RO         5275    i.w_dispOptionBox   TDOGUIV1_0.lib(optionbox.o)
    0x0000fd7c   0x0000007c   Code   RO         5358    i.w_dispPage        TDOGUIV1_0.lib(page.o)
    0x0000fdf8   0x00000f32   Code   RO         4192    i.w_dispPicanimation  TDOGUIV1_0.lib(picanimation.o)
    0x00010d2a   0x00000026   Code   RO         5421    i.w_dispPictureBox  TDOGUIV1_0.lib(picturebox.o)
    0x00010d50   0x00000120   Code   RO         5492    i.w_dispPointer     TDOGUIV1_0.lib(pointer.o)
    0x00010e70   0x0000018c   Code   RO         5600    i.w_dispProgressBar  TDOGUIV1_0.lib(progressbar.o)
    0x00010ffc   0x00000278   Code   RO         3330    i.w_dispQRcodeBox   TDOGUIV1_0.lib(qrcodebox.o)
    0x00011274   0x000004b8   Code   RO         5696    i.w_dispRollTextBox  TDOGUIV1_0.lib(rolltextbox.o)
    0x0001172c   0x000000f4   Code   RO         4095    i.w_dispRoundSlider  TDOGUIV1_0.lib(roundslider.o)
    0x00011820   0x000000d0   Code   RO         5835    i.w_dispSlider      TDOGUIV1_0.lib(slider.o)
    0x000118f0   0x000002b0   Code   RO         5930    i.w_dispTextBox     TDOGUIV1_0.lib(textbox.o)
    0x00011ba0   0x00000026   Code   RO         6077    i.w_dispVirtualGif  TDOGUIV1_0.lib(virtualgif.o)
    0x00011bc6   0x00000002   PAD
    0x00011bc8   0x00000048   Code   RO         4698    i.w_registerBinaryButtonEvent  TDOGUIV1_0.lib(binarybutton.o)
    0x00011c10   0x00000048   Code   RO         4783    i.w_registerButtonEvent  TDOGUIV1_0.lib(button.o)
    0x00011c58   0x00000048   Code   RO         4856    i.w_registerCutPictureEvent  TDOGUIV1_0.lib(cutpicture.o)
    0x00011ca0   0x00000048   Code   RO         4926    i.w_registerFloatNumberBoxEvent  TDOGUIV1_0.lib(floatnumberbox.o)
    0x00011ce8   0x00000048   Code   RO         3993    i.w_registerGraphEvent  TDOGUIV1_0.lib(graph.o)
    0x00011d30   0x00000034   Code   RO         5038    i.w_registerGtimerEvent  TDOGUIV1_0.lib(gtimer.o)
    0x00011d64   0x00000020   Code   RO         5102    i.w_registerGvariateEvent  TDOGUIV1_0.lib(gvariate.o)
    0x00011d84   0x00000008   Code   RO         4318    i.w_registerNullEvent  TDOGUIV1_0.lib(widgetindex.o)
    0x00011d8c   0x00000048   Code   RO         5172    i.w_registerNumberBoxEvent  TDOGUIV1_0.lib(numberbox.o)
    0x00011dd4   0x00000048   Code   RO         5276    i.w_registerOptionBoxEvent  TDOGUIV1_0.lib(optionbox.o)
    0x00011e1c   0x00000060   Code   RO         5359    i.w_registerPageEvent  TDOGUIV1_0.lib(page.o)
    0x00011e7c   0x00000050   Code   RO         4193    i.w_registerPicanimationEvent  TDOGUIV1_0.lib(picanimation.o)
    0x00011ecc   0x00000048   Code   RO         5422    i.w_registerPictureBoxEvent  TDOGUIV1_0.lib(picturebox.o)
    0x00011f14   0x00000048   Code   RO         5493    i.w_registerPointerEvent  TDOGUIV1_0.lib(pointer.o)
    0x00011f5c   0x00000048   Code   RO         5601    i.w_registerProgressBarEvent  TDOGUIV1_0.lib(progressbar.o)
    0x00011fa4   0x00000048   Code   RO         3331    i.w_registerQRcodeBoxEvent  TDOGUIV1_0.lib(qrcodebox.o)
    0x00011fec   0x00000050   Code   RO         5697    i.w_registerRollTextBoxEvent  TDOGUIV1_0.lib(rolltextbox.o)
    0x0001203c   0x00000048   Code   RO         4096    i.w_registerRoundSliderEvent  TDOGUIV1_0.lib(roundslider.o)
    0x00012084   0x00000048   Code   RO         5836    i.w_registerSliderEvent  TDOGUIV1_0.lib(slider.o)
    0x000120cc   0x00000048   Code   RO         5931    i.w_registerTextBoxEvent  TDOGUIV1_0.lib(textbox.o)
    0x00012114   0x00000048   Code   RO         6030    i.w_registerTouchAreaEvent  TDOGUIV1_0.lib(toucharea.o)
    0x0001215c   0x00000050   Code   RO         6078    i.w_registerVirtualGifEvent  TDOGUIV1_0.lib(virtualgif.o)
    0x000121ac   0x00000054   Code   RO         5039    i.widget_TimeoutAdjustGtimer  TDOGUIV1_0.lib(gtimer.o)
    0x00012200   0x00000008   Code   RO         4319    i.widget_TimeoutAdjustNULL  TDOGUIV1_0.lib(widgetindex.o)
    0x00012208   0x00000054   Code   RO         4194    i.widget_TimeoutAdjustPicanimation  TDOGUIV1_0.lib(picanimation.o)
    0x0001225c   0x00000058   Code   RO         5698    i.widget_TimeoutAdjustRollTextBox  TDOGUIV1_0.lib(rolltextbox.o)
    0x000122b4   0x00000054   Code   RO         6079    i.widget_TimeoutAdjustVirtualGif  TDOGUIV1_0.lib(virtualgif.o)
    0x00012308   0x00000086   Code   RO         1953    i.xipRX             Y6_xip_write.o
    0x0001238e   0x0000009c   Code   RO         1954    i.xipTX             Y6_xip_write.o
    0x0001242a   0x0000004e   Code   RO         1955    i.xip_DataConfig    Y6_xip_write.o
    0x00012478   0x0000000a   Code   RO         1956    i.xip_GetFlagStatus  Y6_xip_write.o
    0x00012482   0x0000002c   Code   RO         1957    i.xip_flash_erase_block_4k  Y6_xip_write.o
    0x000124ae   0x00000034   Code   RO         1959    i.xip_flash_global_unprotect  Y6_xip_write.o
    0x000124e2   0x00000002   PAD
    0x000124e4   0x00000038   Code   RO         1961    i.xip_flash_read_status1  Y6_xip_write.o
    0x0001251c   0x00000038   Code   RO         1962    i.xip_flash_read_status2  Y6_xip_write.o
    0x00012554   0x00000020   Code   RO         1963    i.xip_flash_send_cmd_addr  Y6_xip_write.o
    0x00012574   0x00000046   Code   RO         1964    i.xip_flash_write   Y6_xip_write.o
    0x000125ba   0x00000002   PAD
    0x000125bc   0x00000028   Code   RO         1965    i.xip_flash_write_enable  Y6_xip_write.o
    0x000125e4   0x0000003c   Code   RO         1966    i.xip_flash_write_status  Y6_xip_write.o
    0x00012620   0x0000002e   Code   RO         1967    i.xip_wait          Y6_xip_write.o
    0x0001264e   0x00000002   PAD
    0x00012650   0x00000008   Data   RO         2126    .constdata          systemuart.o
    0x00012658   0x00000014   Data   RO         2299    .constdata          memoryinterface.o
    0x0001266c   0x0000000c   Data   RO         2319    .constdata          flashinterface.o
    0x00012678   0x00000001   Data   RO         2492    .constdata          guiconfig.o
    0x00012679   0x00000003   PAD
    0x0001267c   0x00000004   Data   RO         2493    .constdata          guiconfig.o
    0x00012680   0x00000001   Data   RO         2494    .constdata          guiconfig.o
    0x00012681   0x00000001   Data   RO         2495    .constdata          guiconfig.o
    0x00012682   0x00000002   PAD
    0x00012684   0x00000004   Data   RO         2496    .constdata          guiconfig.o
    0x00012688   0x00000004   Data   RO         2497    .constdata          guiconfig.o
    0x0001268c   0x00000004   Data   RO         2498    .constdata          guiconfig.o
    0x00012690   0x00000004   Data   RO         2499    .constdata          guiconfig.o
    0x00012694   0x00000002   Data   RO         2500    .constdata          guiconfig.o
    0x00012696   0x00000004   Data   RO         2507    .constdata          guiconfig.o
    0x0001269a   0x00000002   Data   RO         2508    .constdata          guiconfig.o
    0x0001269c   0x00000002   Data   RO         2509    .constdata          guiconfig.o
    0x0001269e   0x00000002   Data   RO         2510    .constdata          guiconfig.o
    0x000126a0   0x00000002   Data   RO         2511    .constdata          guiconfig.o
    0x000126a2   0x00000002   Data   RO         2512    .constdata          guiconfig.o
    0x000126a4   0x00000002   Data   RO         2513    .constdata          guiconfig.o
    0x000126a6   0x0000017a   Data   RO         2615    .constdata          start_app.o
    0x00012820   0x00000408   Data   RO         3856    .constdata          TDOGUIV1_0.lib(qr_encode.o)
    0x00012c28   0x00000007   Data   RO         3857    .constdata          TDOGUIV1_0.lib(qr_encode.o)
    0x00012c2f   0x0000000a   Data   RO         3858    .constdata          TDOGUIV1_0.lib(qr_encode.o)
    0x00012c39   0x0000000d   Data   RO         3859    .constdata          TDOGUIV1_0.lib(qr_encode.o)
    0x00012c46   0x0000000f   Data   RO         3860    .constdata          TDOGUIV1_0.lib(qr_encode.o)
    0x00012c55   0x00000010   Data   RO         3861    .constdata          TDOGUIV1_0.lib(qr_encode.o)
    0x00012c65   0x00000011   Data   RO         3862    .constdata          TDOGUIV1_0.lib(qr_encode.o)
    0x00012c76   0x00000012   Data   RO         3863    .constdata          TDOGUIV1_0.lib(qr_encode.o)
    0x00012c88   0x00000014   Data   RO         3864    .constdata          TDOGUIV1_0.lib(qr_encode.o)
    0x00012c9c   0x00000016   Data   RO         3865    .constdata          TDOGUIV1_0.lib(qr_encode.o)
    0x00012cb2   0x00000018   Data   RO         3866    .constdata          TDOGUIV1_0.lib(qr_encode.o)
    0x00012cca   0x0000001a   Data   RO         3867    .constdata          TDOGUIV1_0.lib(qr_encode.o)
    0x00012ce4   0x0000001c   Data   RO         3868    .constdata          TDOGUIV1_0.lib(qr_encode.o)
    0x00012d00   0x0000001e   Data   RO         3869    .constdata          TDOGUIV1_0.lib(qr_encode.o)
    0x00012d1e   0x00000020   Data   RO         3870    .constdata          TDOGUIV1_0.lib(qr_encode.o)
    0x00012d3e   0x00000022   Data   RO         3871    .constdata          TDOGUIV1_0.lib(qr_encode.o)
    0x00012d60   0x00000024   Data   RO         3872    .constdata          TDOGUIV1_0.lib(qr_encode.o)
    0x00012d84   0x00000026   Data   RO         3873    .constdata          TDOGUIV1_0.lib(qr_encode.o)
    0x00012daa   0x00000028   Data   RO         3874    .constdata          TDOGUIV1_0.lib(qr_encode.o)
    0x00012dd2   0x0000002a   Data   RO         3875    .constdata          TDOGUIV1_0.lib(qr_encode.o)
    0x00012dfc   0x0000002c   Data   RO         3876    .constdata          TDOGUIV1_0.lib(qr_encode.o)
    0x00012e28   0x0000002e   Data   RO         3877    .constdata          TDOGUIV1_0.lib(qr_encode.o)
    0x00012e56   0x00000030   Data   RO         3878    .constdata          TDOGUIV1_0.lib(qr_encode.o)
    0x00012e86   0x00000032   Data   RO         3879    .constdata          TDOGUIV1_0.lib(qr_encode.o)
    0x00012eb8   0x00000034   Data   RO         3880    .constdata          TDOGUIV1_0.lib(qr_encode.o)
    0x00012eec   0x00000036   Data   RO         3881    .constdata          TDOGUIV1_0.lib(qr_encode.o)
    0x00012f22   0x00000038   Data   RO         3882    .constdata          TDOGUIV1_0.lib(qr_encode.o)
    0x00012f5a   0x0000003a   Data   RO         3883    .constdata          TDOGUIV1_0.lib(qr_encode.o)
    0x00012f94   0x0000003c   Data   RO         3884    .constdata          TDOGUIV1_0.lib(qr_encode.o)
    0x00012fd0   0x0000003e   Data   RO         3885    .constdata          TDOGUIV1_0.lib(qr_encode.o)
    0x0001300e   0x00000040   Data   RO         3886    .constdata          TDOGUIV1_0.lib(qr_encode.o)
    0x0001304e   0x00000042   Data   RO         3887    .constdata          TDOGUIV1_0.lib(qr_encode.o)
    0x00013090   0x00000044   Data   RO         3888    .constdata          TDOGUIV1_0.lib(qr_encode.o)
    0x000130d4   0x00000058   Data   RO         4320    .constdata          TDOGUIV1_0.lib(widgetindex.o)
    0x0001312c   0x00000058   Data   RO         4321    .constdata          TDOGUIV1_0.lib(widgetindex.o)
    0x00013184   0x00000058   Data   RO         4322    .constdata          TDOGUIV1_0.lib(widgetindex.o)
    0x000131dc   0x00000058   Data   RO         4323    .constdata          TDOGUIV1_0.lib(widgetindex.o)
    0x00013234   0x00000058   Data   RO         4324    .constdata          TDOGUIV1_0.lib(widgetindex.o)
    0x0001328c   0x00000058   Data   RO         4325    .constdata          TDOGUIV1_0.lib(widgetindex.o)
    0x000132e4   0x00000058   Data   RO         4326    .constdata          TDOGUIV1_0.lib(widgetindex.o)
    0x0001333c   0x00000058   Data   RO         4327    .constdata          TDOGUIV1_0.lib(widgetindex.o)
    0x00013394   0x00000058   Data   RO         4328    .constdata          TDOGUIV1_0.lib(widgetindex.o)
    0x000133ec   0x00000058   Data   RO         4329    .constdata          TDOGUIV1_0.lib(widgetindex.o)
    0x00013444   0x00000058   Data   RO         4330    .constdata          TDOGUIV1_0.lib(widgetindex.o)
    0x0001349c   0x00000058   Data   RO         4331    .constdata          TDOGUIV1_0.lib(widgetindex.o)
    0x000134f4   0x00000058   Data   RO         4332    .constdata          TDOGUIV1_0.lib(widgetindex.o)
    0x0001354c   0x00000058   Data   RO         4333    .constdata          TDOGUIV1_0.lib(widgetindex.o)
    0x000135a4   0x00000058   Data   RO         4346    .constdata          TDOGUIV1_0.lib(widgetindex.o)
    0x000135fc   0x000005a4   Data   RO         4677    .constdata          TDOGUIV1_0.lib(trigtable.o)
    0x00013ba0   0x000005a4   Data   RO         4678    .constdata          TDOGUIV1_0.lib(trigtable.o)
    0x00014144   0x00000b40   Data   RO         5494    .constdata          TDOGUIV1_0.lib(pointer.o)
    0x00014c84   0x0000056a   Data   RO         6329    .constdata          TDOGUIV1_0.lib(fullfunckeyboard.o)
    0x000151ee   0x00000330   Data   RO         6496    .constdata          TDOGUIV1_0.lib(numberfunckeyboard1.o)
    0x0001551e   0x00000001   Data   RO         6600    .constdata          TDOGUIV1_0.lib(gb2312tab.o)
    0x0001551f   0x00000011   Data   RO         6601    .constdata          TDOGUIV1_0.lib(gb2312tab.o)
    0x00015530   0x0000002d   Data   RO         6602    .constdata          TDOGUIV1_0.lib(gb2312tab.o)
    0x0001555d   0x00000025   Data   RO         6603    .constdata          TDOGUIV1_0.lib(gb2312tab.o)
    0x00015582   0x00000007   Data   RO         6604    .constdata          TDOGUIV1_0.lib(gb2312tab.o)
    0x00015589   0x0000002f   Data   RO         6605    .constdata          TDOGUIV1_0.lib(gb2312tab.o)
    0x000155b8   0x00000035   Data   RO         6606    .constdata          TDOGUIV1_0.lib(gb2312tab.o)
    0x000155ed   0x00000017   Data   RO         6607    .constdata          TDOGUIV1_0.lib(gb2312tab.o)
    0x00015604   0x0000002d   Data   RO         6608    .constdata          TDOGUIV1_0.lib(gb2312tab.o)
    0x00015631   0x0000001d   Data   RO         6609    .constdata          TDOGUIV1_0.lib(gb2312tab.o)
    0x0001564e   0x00000037   Data   RO         6610    .constdata          TDOGUIV1_0.lib(gb2312tab.o)
    0x00015685   0x0000003b   Data   RO         6611    .constdata          TDOGUIV1_0.lib(gb2312tab.o)
    0x000156c0   0x00000011   Data   RO         6612    .constdata          TDOGUIV1_0.lib(gb2312tab.o)
    0x000156d1   0x00000015   Data   RO         6613    .constdata          TDOGUIV1_0.lib(gb2312tab.o)
    0x000156e6   0x00000075   Data   RO         6614    .constdata          TDOGUIV1_0.lib(gb2312tab.o)
    0x0001575b   0x00000035   Data   RO         6615    .constdata          TDOGUIV1_0.lib(gb2312tab.o)
    0x00015790   0x00000021   Data   RO         6616    .constdata          TDOGUIV1_0.lib(gb2312tab.o)
    0x000157b1   0x0000000b   Data   RO         6617    .constdata          TDOGUIV1_0.lib(gb2312tab.o)
    0x000157bc   0x00000021   Data   RO         6618    .constdata          TDOGUIV1_0.lib(gb2312tab.o)
    0x000157dd   0x0000001f   Data   RO         6619    .constdata          TDOGUIV1_0.lib(gb2312tab.o)
    0x000157fc   0x0000004d   Data   RO         6620    .constdata          TDOGUIV1_0.lib(gb2312tab.o)
    0x00015849   0x00000029   Data   RO         6621    .constdata          TDOGUIV1_0.lib(gb2312tab.o)
    0x00015872   0x00000007   Data   RO         6622    .constdata          TDOGUIV1_0.lib(gb2312tab.o)
    0x00015879   0x00000017   Data   RO         6623    .constdata          TDOGUIV1_0.lib(gb2312tab.o)
    0x00015890   0x00000019   Data   RO         6624    .constdata          TDOGUIV1_0.lib(gb2312tab.o)
    0x000158a9   0x0000000d   Data   RO         6625    .constdata          TDOGUIV1_0.lib(gb2312tab.o)
    0x000158b6   0x00000015   Data   RO         6626    .constdata          TDOGUIV1_0.lib(gb2312tab.o)
    0x000158cb   0x0000000d   Data   RO         6627    .constdata          TDOGUIV1_0.lib(gb2312tab.o)
    0x000158d8   0x00000007   Data   RO         6628    .constdata          TDOGUIV1_0.lib(gb2312tab.o)
    0x000158df   0x00000009   Data   RO         6629    .constdata          TDOGUIV1_0.lib(gb2312tab.o)
    0x000158e8   0x00000033   Data   RO         6630    .constdata          TDOGUIV1_0.lib(gb2312tab.o)
    0x0001591b   0x00000013   Data   RO         6631    .constdata          TDOGUIV1_0.lib(gb2312tab.o)
    0x0001592e   0x00000035   Data   RO         6632    .constdata          TDOGUIV1_0.lib(gb2312tab.o)
    0x00015963   0x00000035   Data   RO         6633    .constdata          TDOGUIV1_0.lib(gb2312tab.o)
    0x00015998   0x0000001d   Data   RO         6634    .constdata          TDOGUIV1_0.lib(gb2312tab.o)
    0x000159b5   0x00000013   Data   RO         6635    .constdata          TDOGUIV1_0.lib(gb2312tab.o)
    0x000159c8   0x00000029   Data   RO         6636    .constdata          TDOGUIV1_0.lib(gb2312tab.o)
    0x000159f1   0x0000003b   Data   RO         6637    .constdata          TDOGUIV1_0.lib(gb2312tab.o)
    0x00015a2c   0x0000004f   Data   RO         6638    .constdata          TDOGUIV1_0.lib(gb2312tab.o)
    0x00015a7b   0x0000001d   Data   RO         6639    .constdata          TDOGUIV1_0.lib(gb2312tab.o)
    0x00015a98   0x00000023   Data   RO         6640    .constdata          TDOGUIV1_0.lib(gb2312tab.o)
    0x00015abb   0x0000003b   Data   RO         6641    .constdata          TDOGUIV1_0.lib(gb2312tab.o)
    0x00015af6   0x0000000b   Data   RO         6642    .constdata          TDOGUIV1_0.lib(gb2312tab.o)
    0x00015b01   0x0000001b   Data   RO         6643    .constdata          TDOGUIV1_0.lib(gb2312tab.o)
    0x00015b1c   0x00000011   Data   RO         6644    .constdata          TDOGUIV1_0.lib(gb2312tab.o)
    0x00015b2d   0x00000011   Data   RO         6645    .constdata          TDOGUIV1_0.lib(gb2312tab.o)
    0x00015b3e   0x00000015   Data   RO         6646    .constdata          TDOGUIV1_0.lib(gb2312tab.o)
    0x00015b53   0x0000000f   Data   RO         6647    .constdata          TDOGUIV1_0.lib(gb2312tab.o)
    0x00015b62   0x0000002b   Data   RO         6648    .constdata          TDOGUIV1_0.lib(gb2312tab.o)
    0x00015b8d   0x00000019   Data   RO         6649    .constdata          TDOGUIV1_0.lib(gb2312tab.o)
    0x00015ba6   0x00000009   Data   RO         6650    .constdata          TDOGUIV1_0.lib(gb2312tab.o)
    0x00015baf   0x00000017   Data   RO         6651    .constdata          TDOGUIV1_0.lib(gb2312tab.o)
    0x00015bc6   0x00000011   Data   RO         6652    .constdata          TDOGUIV1_0.lib(gb2312tab.o)
    0x00015bd7   0x0000001f   Data   RO         6653    .constdata          TDOGUIV1_0.lib(gb2312tab.o)
    0x00015bf6   0x0000000b   Data   RO         6654    .constdata          TDOGUIV1_0.lib(gb2312tab.o)
    0x00015c01   0x00000021   Data   RO         6655    .constdata          TDOGUIV1_0.lib(gb2312tab.o)
    0x00015c22   0x00000023   Data   RO         6656    .constdata          TDOGUIV1_0.lib(gb2312tab.o)
    0x00015c45   0x0000002d   Data   RO         6657    .constdata          TDOGUIV1_0.lib(gb2312tab.o)
    0x00015c72   0x00000039   Data   RO         6658    .constdata          TDOGUIV1_0.lib(gb2312tab.o)
    0x00015cab   0x00000019   Data   RO         6659    .constdata          TDOGUIV1_0.lib(gb2312tab.o)
    0x00015cc4   0x00000027   Data   RO         6660    .constdata          TDOGUIV1_0.lib(gb2312tab.o)
    0x00015ceb   0x0000000b   Data   RO         6661    .constdata          TDOGUIV1_0.lib(gb2312tab.o)
    0x00015cf6   0x00000003   Data   RO         6662    .constdata          TDOGUIV1_0.lib(gb2312tab.o)
    0x00015cf9   0x0000001d   Data   RO         6663    .constdata          TDOGUIV1_0.lib(gb2312tab.o)
    0x00015d16   0x0000004f   Data   RO         6664    .constdata          TDOGUIV1_0.lib(gb2312tab.o)
    0x00015d65   0x00000003   Data   RO         6665    .constdata          TDOGUIV1_0.lib(gb2312tab.o)
    0x00015d68   0x00000033   Data   RO         6666    .constdata          TDOGUIV1_0.lib(gb2312tab.o)
    0x00015d9b   0x0000001b   Data   RO         6667    .constdata          TDOGUIV1_0.lib(gb2312tab.o)
    0x00015db6   0x00000021   Data   RO         6668    .constdata          TDOGUIV1_0.lib(gb2312tab.o)
    0x00015dd7   0x00000027   Data   RO         6669    .constdata          TDOGUIV1_0.lib(gb2312tab.o)
    0x00015dfe   0x00000005   Data   RO         6670    .constdata          TDOGUIV1_0.lib(gb2312tab.o)
    0x00015e03   0x00000025   Data   RO         6671    .constdata          TDOGUIV1_0.lib(gb2312tab.o)
    0x00015e28   0x00000019   Data   RO         6672    .constdata          TDOGUIV1_0.lib(gb2312tab.o)
    0x00015e41   0x00000031   Data   RO         6673    .constdata          TDOGUIV1_0.lib(gb2312tab.o)
    0x00015e72   0x00000013   Data   RO         6674    .constdata          TDOGUIV1_0.lib(gb2312tab.o)
    0x00015e85   0x0000000f   Data   RO         6675    .constdata          TDOGUIV1_0.lib(gb2312tab.o)
    0x00015e94   0x00000021   Data   RO         6676    .constdata          TDOGUIV1_0.lib(gb2312tab.o)
    0x00015eb5   0x0000002b   Data   RO         6677    .constdata          TDOGUIV1_0.lib(gb2312tab.o)
    0x00015ee0   0x00000041   Data   RO         6678    .constdata          TDOGUIV1_0.lib(gb2312tab.o)
    0x00015f21   0x00000003   Data   RO         6679    .constdata          TDOGUIV1_0.lib(gb2312tab.o)
    0x00015f24   0x00000007   Data   RO         6680    .constdata          TDOGUIV1_0.lib(gb2312tab.o)
    0x00015f2b   0x0000001b   Data   RO         6681    .constdata          TDOGUIV1_0.lib(gb2312tab.o)
    0x00015f46   0x00000015   Data   RO         6682    .constdata          TDOGUIV1_0.lib(gb2312tab.o)
    0x00015f5b   0x00000031   Data   RO         6683    .constdata          TDOGUIV1_0.lib(gb2312tab.o)
    0x00015f8c   0x00000023   Data   RO         6684    .constdata          TDOGUIV1_0.lib(gb2312tab.o)
    0x00015faf   0x0000003f   Data   RO         6685    .constdata          TDOGUIV1_0.lib(gb2312tab.o)
    0x00015fee   0x0000002d   Data   RO         6686    .constdata          TDOGUIV1_0.lib(gb2312tab.o)
    0x0001601b   0x0000002b   Data   RO         6687    .constdata          TDOGUIV1_0.lib(gb2312tab.o)
    0x00016046   0x00000003   Data   RO         6688    .constdata          TDOGUIV1_0.lib(gb2312tab.o)
    0x00016049   0x00000005   Data   RO         6689    .constdata          TDOGUIV1_0.lib(gb2312tab.o)
    0x0001604e   0x000000a9   Data   RO         6690    .constdata          TDOGUIV1_0.lib(gb2312tab.o)
    0x000160f7   0x00000015   Data   RO         6691    .constdata          TDOGUIV1_0.lib(gb2312tab.o)
    0x0001610c   0x0000001b   Data   RO         6692    .constdata          TDOGUIV1_0.lib(gb2312tab.o)
    0x00016127   0x00000031   Data   RO         6693    .constdata          TDOGUIV1_0.lib(gb2312tab.o)
    0x00016158   0x0000001b   Data   RO         6694    .constdata          TDOGUIV1_0.lib(gb2312tab.o)
    0x00016173   0x00000027   Data   RO         6695    .constdata          TDOGUIV1_0.lib(gb2312tab.o)
    0x0001619a   0x00000047   Data   RO         6696    .constdata          TDOGUIV1_0.lib(gb2312tab.o)
    0x000161e1   0x00000003   Data   RO         6697    .constdata          TDOGUIV1_0.lib(gb2312tab.o)
    0x000161e4   0x0000000d   Data   RO         6698    .constdata          TDOGUIV1_0.lib(gb2312tab.o)
    0x000161f1   0x00000019   Data   RO         6699    .constdata          TDOGUIV1_0.lib(gb2312tab.o)
    0x0001620a   0x00000029   Data   RO         6700    .constdata          TDOGUIV1_0.lib(gb2312tab.o)
    0x00016233   0x0000002b   Data   RO         6701    .constdata          TDOGUIV1_0.lib(gb2312tab.o)
    0x0001625e   0x00000055   Data   RO         6702    .constdata          TDOGUIV1_0.lib(gb2312tab.o)
    0x000162b3   0x00000019   Data   RO         6703    .constdata          TDOGUIV1_0.lib(gb2312tab.o)
    0x000162cc   0x00000009   Data   RO         6704    .constdata          TDOGUIV1_0.lib(gb2312tab.o)
    0x000162d5   0x00000027   Data   RO         6705    .constdata          TDOGUIV1_0.lib(gb2312tab.o)
    0x000162fc   0x0000000f   Data   RO         6706    .constdata          TDOGUIV1_0.lib(gb2312tab.o)
    0x0001630b   0x0000003b   Data   RO         6707    .constdata          TDOGUIV1_0.lib(gb2312tab.o)
    0x00016346   0x0000000f   Data   RO         6708    .constdata          TDOGUIV1_0.lib(gb2312tab.o)
    0x00016355   0x00000029   Data   RO         6709    .constdata          TDOGUIV1_0.lib(gb2312tab.o)
    0x0001637e   0x00000007   Data   RO         6710    .constdata          TDOGUIV1_0.lib(gb2312tab.o)
    0x00016385   0x00000019   Data   RO         6711    .constdata          TDOGUIV1_0.lib(gb2312tab.o)
    0x0001639e   0x0000003b   Data   RO         6712    .constdata          TDOGUIV1_0.lib(gb2312tab.o)
    0x000163d9   0x00000013   Data   RO         6713    .constdata          TDOGUIV1_0.lib(gb2312tab.o)
    0x000163ec   0x0000002b   Data   RO         6714    .constdata          TDOGUIV1_0.lib(gb2312tab.o)
    0x00016417   0x0000003d   Data   RO         6715    .constdata          TDOGUIV1_0.lib(gb2312tab.o)
    0x00016454   0x00000005   Data   RO         6716    .constdata          TDOGUIV1_0.lib(gb2312tab.o)
    0x00016459   0x00000009   Data   RO         6717    .constdata          TDOGUIV1_0.lib(gb2312tab.o)
    0x00016462   0x00000011   Data   RO         6718    .constdata          TDOGUIV1_0.lib(gb2312tab.o)
    0x00016473   0x00000023   Data   RO         6719    .constdata          TDOGUIV1_0.lib(gb2312tab.o)
    0x00016496   0x0000001f   Data   RO         6720    .constdata          TDOGUIV1_0.lib(gb2312tab.o)
    0x000164b5   0x0000005d   Data   RO         6721    .constdata          TDOGUIV1_0.lib(gb2312tab.o)
    0x00016512   0x0000001b   Data   RO         6722    .constdata          TDOGUIV1_0.lib(gb2312tab.o)
    0x0001652d   0x0000000d   Data   RO         6723    .constdata          TDOGUIV1_0.lib(gb2312tab.o)
    0x0001653a   0x0000003d   Data   RO         6724    .constdata          TDOGUIV1_0.lib(gb2312tab.o)
    0x00016577   0x00000033   Data   RO         6725    .constdata          TDOGUIV1_0.lib(gb2312tab.o)
    0x000165aa   0x00000051   Data   RO         6726    .constdata          TDOGUIV1_0.lib(gb2312tab.o)
    0x000165fb   0x00000017   Data   RO         6727    .constdata          TDOGUIV1_0.lib(gb2312tab.o)
    0x00016612   0x0000002b   Data   RO         6728    .constdata          TDOGUIV1_0.lib(gb2312tab.o)
    0x0001663d   0x000000d7   Data   RO         6729    .constdata          TDOGUIV1_0.lib(gb2312tab.o)
    0x00016714   0x0000004f   Data   RO         6730    .constdata          TDOGUIV1_0.lib(gb2312tab.o)
    0x00016763   0x0000008d   Data   RO         6731    .constdata          TDOGUIV1_0.lib(gb2312tab.o)
    0x000167f0   0x00000031   Data   RO         6732    .constdata          TDOGUIV1_0.lib(gb2312tab.o)
    0x00016821   0x0000005d   Data   RO         6733    .constdata          TDOGUIV1_0.lib(gb2312tab.o)
    0x0001687e   0x0000005b   Data   RO         6734    .constdata          TDOGUIV1_0.lib(gb2312tab.o)
    0x000168d9   0x00000047   Data   RO         6735    .constdata          TDOGUIV1_0.lib(gb2312tab.o)
    0x00016920   0x00000055   Data   RO         6736    .constdata          TDOGUIV1_0.lib(gb2312tab.o)
    0x00016975   0x0000000b   Data   RO         6737    .constdata          TDOGUIV1_0.lib(gb2312tab.o)
    0x00016980   0x00000035   Data   RO         6738    .constdata          TDOGUIV1_0.lib(gb2312tab.o)
    0x000169b5   0x0000006d   Data   RO         6739    .constdata          TDOGUIV1_0.lib(gb2312tab.o)
    0x00016a22   0x00000021   Data   RO         6740    .constdata          TDOGUIV1_0.lib(gb2312tab.o)
    0x00016a43   0x0000003d   Data   RO         6741    .constdata          TDOGUIV1_0.lib(gb2312tab.o)
    0x00016a80   0x00000021   Data   RO         6742    .constdata          TDOGUIV1_0.lib(gb2312tab.o)
    0x00016aa1   0x0000000f   Data   RO         6743    .constdata          TDOGUIV1_0.lib(gb2312tab.o)
    0x00016ab0   0x0000001b   Data   RO         6744    .constdata          TDOGUIV1_0.lib(gb2312tab.o)
    0x00016acb   0x0000001d   Data   RO         6745    .constdata          TDOGUIV1_0.lib(gb2312tab.o)
    0x00016ae8   0x00000015   Data   RO         6746    .constdata          TDOGUIV1_0.lib(gb2312tab.o)
    0x00016afd   0x00000011   Data   RO         6747    .constdata          TDOGUIV1_0.lib(gb2312tab.o)
    0x00016b0e   0x00000049   Data   RO         6748    .constdata          TDOGUIV1_0.lib(gb2312tab.o)
    0x00016b57   0x0000000b   Data   RO         6749    .constdata          TDOGUIV1_0.lib(gb2312tab.o)
    0x00016b62   0x0000000b   Data   RO         6750    .constdata          TDOGUIV1_0.lib(gb2312tab.o)
    0x00016b6d   0x0000000f   Data   RO         6751    .constdata          TDOGUIV1_0.lib(gb2312tab.o)
    0x00016b7c   0x00000013   Data   RO         6752    .constdata          TDOGUIV1_0.lib(gb2312tab.o)
    0x00016b8f   0x00000019   Data   RO         6753    .constdata          TDOGUIV1_0.lib(gb2312tab.o)
    0x00016ba8   0x0000000f   Data   RO         6754    .constdata          TDOGUIV1_0.lib(gb2312tab.o)
    0x00016bb7   0x00000015   Data   RO         6755    .constdata          TDOGUIV1_0.lib(gb2312tab.o)
    0x00016bcc   0x00000007   Data   RO         6756    .constdata          TDOGUIV1_0.lib(gb2312tab.o)
    0x00016bd3   0x00000021   Data   RO         6757    .constdata          TDOGUIV1_0.lib(gb2312tab.o)
    0x00016bf4   0x00000039   Data   RO         6758    .constdata          TDOGUIV1_0.lib(gb2312tab.o)
    0x00016c2d   0x00000017   Data   RO         6759    .constdata          TDOGUIV1_0.lib(gb2312tab.o)
    0x00016c44   0x0000000b   Data   RO         6760    .constdata          TDOGUIV1_0.lib(gb2312tab.o)
    0x00016c4f   0x0000001b   Data   RO         6761    .constdata          TDOGUIV1_0.lib(gb2312tab.o)
    0x00016c6a   0x00000019   Data   RO         6762    .constdata          TDOGUIV1_0.lib(gb2312tab.o)
    0x00016c83   0x0000002d   Data   RO         6763    .constdata          TDOGUIV1_0.lib(gb2312tab.o)
    0x00016cb0   0x0000001d   Data   RO         6764    .constdata          TDOGUIV1_0.lib(gb2312tab.o)
    0x00016ccd   0x00000027   Data   RO         6765    .constdata          TDOGUIV1_0.lib(gb2312tab.o)
    0x00016cf4   0x0000000f   Data   RO         6766    .constdata          TDOGUIV1_0.lib(gb2312tab.o)
    0x00016d03   0x00000029   Data   RO         6767    .constdata          TDOGUIV1_0.lib(gb2312tab.o)
    0x00016d2c   0x0000000b   Data   RO         6768    .constdata          TDOGUIV1_0.lib(gb2312tab.o)
    0x00016d37   0x0000009d   Data   RO         6769    .constdata          TDOGUIV1_0.lib(gb2312tab.o)
    0x00016dd4   0x00000003   Data   RO         6770    .constdata          TDOGUIV1_0.lib(gb2312tab.o)
    0x00016dd7   0x00000035   Data   RO         6771    .constdata          TDOGUIV1_0.lib(gb2312tab.o)
    0x00016e0c   0x00000023   Data   RO         6772    .constdata          TDOGUIV1_0.lib(gb2312tab.o)
    0x00016e2f   0x0000002b   Data   RO         6773    .constdata          TDOGUIV1_0.lib(gb2312tab.o)
    0x00016e5a   0x0000001b   Data   RO         6774    .constdata          TDOGUIV1_0.lib(gb2312tab.o)
    0x00016e75   0x00000033   Data   RO         6775    .constdata          TDOGUIV1_0.lib(gb2312tab.o)
    0x00016ea8   0x00000039   Data   RO         6776    .constdata          TDOGUIV1_0.lib(gb2312tab.o)
    0x00016ee1   0x0000002f   Data   RO         6777    .constdata          TDOGUIV1_0.lib(gb2312tab.o)
    0x00016f10   0x00000003   Data   RO         6778    .constdata          TDOGUIV1_0.lib(gb2312tab.o)
    0x00016f13   0x00000025   Data   RO         6779    .constdata          TDOGUIV1_0.lib(gb2312tab.o)
    0x00016f38   0x00000021   Data   RO         6780    .constdata          TDOGUIV1_0.lib(gb2312tab.o)
    0x00016f59   0x00000059   Data   RO         6781    .constdata          TDOGUIV1_0.lib(gb2312tab.o)
    0x00016fb2   0x0000002b   Data   RO         6782    .constdata          TDOGUIV1_0.lib(gb2312tab.o)
    0x00016fdd   0x0000000d   Data   RO         6783    .constdata          TDOGUIV1_0.lib(gb2312tab.o)
    0x00016fea   0x00000007   Data   RO         6784    .constdata          TDOGUIV1_0.lib(gb2312tab.o)
    0x00016ff1   0x00000011   Data   RO         6785    .constdata          TDOGUIV1_0.lib(gb2312tab.o)
    0x00017002   0x0000003d   Data   RO         6786    .constdata          TDOGUIV1_0.lib(gb2312tab.o)
    0x0001703f   0x00000003   Data   RO         6787    .constdata          TDOGUIV1_0.lib(gb2312tab.o)
    0x00017042   0x00000021   Data   RO         6788    .constdata          TDOGUIV1_0.lib(gb2312tab.o)
    0x00017063   0x00000027   Data   RO         6789    .constdata          TDOGUIV1_0.lib(gb2312tab.o)
    0x0001708a   0x00000013   Data   RO         6790    .constdata          TDOGUIV1_0.lib(gb2312tab.o)
    0x0001709d   0x00000015   Data   RO         6791    .constdata          TDOGUIV1_0.lib(gb2312tab.o)
    0x000170b2   0x00000035   Data   RO         6792    .constdata          TDOGUIV1_0.lib(gb2312tab.o)
    0x000170e7   0x00000003   Data   RO         6793    .constdata          TDOGUIV1_0.lib(gb2312tab.o)
    0x000170ea   0x00000035   Data   RO         6794    .constdata          TDOGUIV1_0.lib(gb2312tab.o)
    0x0001711f   0x0000000f   Data   RO         6795    .constdata          TDOGUIV1_0.lib(gb2312tab.o)
    0x0001712e   0x00000027   Data   RO         6796    .constdata          TDOGUIV1_0.lib(gb2312tab.o)
    0x00017155   0x0000003f   Data   RO         6797    .constdata          TDOGUIV1_0.lib(gb2312tab.o)
    0x00017194   0x0000001f   Data   RO         6798    .constdata          TDOGUIV1_0.lib(gb2312tab.o)
    0x000171b3   0x00000021   Data   RO         6799    .constdata          TDOGUIV1_0.lib(gb2312tab.o)
    0x000171d4   0x0000000d   Data   RO         6800    .constdata          TDOGUIV1_0.lib(gb2312tab.o)
    0x000171e1   0x00000021   Data   RO         6801    .constdata          TDOGUIV1_0.lib(gb2312tab.o)
    0x00017202   0x00000019   Data   RO         6802    .constdata          TDOGUIV1_0.lib(gb2312tab.o)
    0x0001721b   0x00000005   Data   RO         6803    .constdata          TDOGUIV1_0.lib(gb2312tab.o)
    0x00017220   0x00000043   Data   RO         6804    .constdata          TDOGUIV1_0.lib(gb2312tab.o)
    0x00017263   0x00000013   Data   RO         6805    .constdata          TDOGUIV1_0.lib(gb2312tab.o)
    0x00017276   0x0000002f   Data   RO         6806    .constdata          TDOGUIV1_0.lib(gb2312tab.o)
    0x000172a5   0x00000017   Data   RO         6807    .constdata          TDOGUIV1_0.lib(gb2312tab.o)
    0x000172bc   0x00000015   Data   RO         6808    .constdata          TDOGUIV1_0.lib(gb2312tab.o)
    0x000172d1   0x00000013   Data   RO         6809    .constdata          TDOGUIV1_0.lib(gb2312tab.o)
    0x000172e4   0x0000000b   Data   RO         6810    .constdata          TDOGUIV1_0.lib(gb2312tab.o)
    0x000172ef   0x0000001b   Data   RO         6811    .constdata          TDOGUIV1_0.lib(gb2312tab.o)
    0x0001730a   0x00000007   Data   RO         6812    .constdata          TDOGUIV1_0.lib(gb2312tab.o)
    0x00017311   0x00000005   Data   RO         6813    .constdata          TDOGUIV1_0.lib(gb2312tab.o)
    0x00017316   0x00000005   Data   RO         6814    .constdata          TDOGUIV1_0.lib(gb2312tab.o)
    0x0001731b   0x00000003   Data   RO         6815    .constdata          TDOGUIV1_0.lib(gb2312tab.o)
    0x0001731e   0x00000003   Data   RO         6816    .constdata          TDOGUIV1_0.lib(gb2312tab.o)
    0x00017321   0x0000002f   Data   RO         6817    .constdata          TDOGUIV1_0.lib(gb2312tab.o)
    0x00017350   0x0000001b   Data   RO         6818    .constdata          TDOGUIV1_0.lib(gb2312tab.o)
    0x0001736b   0x00000005   Data   RO         6819    .constdata          TDOGUIV1_0.lib(gb2312tab.o)
    0x00017370   0x0000000d   Data   RO         6820    .constdata          TDOGUIV1_0.lib(gb2312tab.o)
    0x0001737d   0x0000001d   Data   RO         6821    .constdata          TDOGUIV1_0.lib(gb2312tab.o)
    0x0001739a   0x00000003   Data   RO         6822    .constdata          TDOGUIV1_0.lib(gb2312tab.o)
    0x0001739d   0x00000015   Data   RO         6823    .constdata          TDOGUIV1_0.lib(gb2312tab.o)
    0x000173b2   0x00000011   Data   RO         6824    .constdata          TDOGUIV1_0.lib(gb2312tab.o)
    0x000173c3   0x0000000d   Data   RO         6825    .constdata          TDOGUIV1_0.lib(gb2312tab.o)
    0x000173d0   0x00000003   Data   RO         6826    .constdata          TDOGUIV1_0.lib(gb2312tab.o)
    0x000173d3   0x0000000f   Data   RO         6827    .constdata          TDOGUIV1_0.lib(gb2312tab.o)
    0x000173e2   0x00000003   Data   RO         6828    .constdata          TDOGUIV1_0.lib(gb2312tab.o)
    0x000173e5   0x00000005   Data   RO         6829    .constdata          TDOGUIV1_0.lib(gb2312tab.o)
    0x000173ea   0x00000013   Data   RO         6830    .constdata          TDOGUIV1_0.lib(gb2312tab.o)
    0x000173fd   0x00000009   Data   RO         6831    .constdata          TDOGUIV1_0.lib(gb2312tab.o)
    0x00017406   0x00000007   Data   RO         6832    .constdata          TDOGUIV1_0.lib(gb2312tab.o)
    0x0001740d   0x00000019   Data   RO         6833    .constdata          TDOGUIV1_0.lib(gb2312tab.o)
    0x00017426   0x00000017   Data   RO         6834    .constdata          TDOGUIV1_0.lib(gb2312tab.o)
    0x0001743d   0x00000015   Data   RO         6835    .constdata          TDOGUIV1_0.lib(gb2312tab.o)
    0x00017452   0x00000027   Data   RO         6836    .constdata          TDOGUIV1_0.lib(gb2312tab.o)
    0x00017479   0x00000019   Data   RO         6837    .constdata          TDOGUIV1_0.lib(gb2312tab.o)
    0x00017492   0x00000019   Data   RO         6838    .constdata          TDOGUIV1_0.lib(gb2312tab.o)
    0x000174ab   0x0000001f   Data   RO         6839    .constdata          TDOGUIV1_0.lib(gb2312tab.o)
    0x000174ca   0x00000007   Data   RO         6840    .constdata          TDOGUIV1_0.lib(gb2312tab.o)
    0x000174d1   0x00000025   Data   RO         6841    .constdata          TDOGUIV1_0.lib(gb2312tab.o)
    0x000174f6   0x0000005d   Data   RO         6842    .constdata          TDOGUIV1_0.lib(gb2312tab.o)
    0x00017553   0x0000001b   Data   RO         6843    .constdata          TDOGUIV1_0.lib(gb2312tab.o)
    0x0001756e   0x0000001b   Data   RO         6844    .constdata          TDOGUIV1_0.lib(gb2312tab.o)
    0x00017589   0x0000000b   Data   RO         6845    .constdata          TDOGUIV1_0.lib(gb2312tab.o)
    0x00017594   0x00000015   Data   RO         6846    .constdata          TDOGUIV1_0.lib(gb2312tab.o)
    0x000175a9   0x0000001d   Data   RO         6847    .constdata          TDOGUIV1_0.lib(gb2312tab.o)
    0x000175c6   0x0000002b   Data   RO         6848    .constdata          TDOGUIV1_0.lib(gb2312tab.o)
    0x000175f1   0x00000007   Data   RO         6849    .constdata          TDOGUIV1_0.lib(gb2312tab.o)
    0x000175f8   0x00000037   Data   RO         6850    .constdata          TDOGUIV1_0.lib(gb2312tab.o)
    0x0001762f   0x00000093   Data   RO         6851    .constdata          TDOGUIV1_0.lib(gb2312tab.o)
    0x000176c2   0x0000000f   Data   RO         6852    .constdata          TDOGUIV1_0.lib(gb2312tab.o)
    0x000176d1   0x0000005d   Data   RO         6853    .constdata          TDOGUIV1_0.lib(gb2312tab.o)
    0x0001772e   0x00000029   Data   RO         6854    .constdata          TDOGUIV1_0.lib(gb2312tab.o)
    0x00017757   0x0000003d   Data   RO         6855    .constdata          TDOGUIV1_0.lib(gb2312tab.o)
    0x00017794   0x0000001d   Data   RO         6856    .constdata          TDOGUIV1_0.lib(gb2312tab.o)
    0x000177b1   0x0000002f   Data   RO         6857    .constdata          TDOGUIV1_0.lib(gb2312tab.o)
    0x000177e0   0x00000035   Data   RO         6858    .constdata          TDOGUIV1_0.lib(gb2312tab.o)
    0x00017815   0x00000013   Data   RO         6859    .constdata          TDOGUIV1_0.lib(gb2312tab.o)
    0x00017828   0x00000031   Data   RO         6860    .constdata          TDOGUIV1_0.lib(gb2312tab.o)
    0x00017859   0x00000049   Data   RO         6861    .constdata          TDOGUIV1_0.lib(gb2312tab.o)
    0x000178a2   0x0000002d   Data   RO         6862    .constdata          TDOGUIV1_0.lib(gb2312tab.o)
    0x000178cf   0x00000017   Data   RO         6863    .constdata          TDOGUIV1_0.lib(gb2312tab.o)
    0x000178e6   0x00000003   Data   RO         6864    .constdata          TDOGUIV1_0.lib(gb2312tab.o)
    0x000178e9   0x00000009   Data   RO         6865    .constdata          TDOGUIV1_0.lib(gb2312tab.o)
    0x000178f2   0x0000000f   Data   RO         6866    .constdata          TDOGUIV1_0.lib(gb2312tab.o)
    0x00017901   0x0000000f   Data   RO         6867    .constdata          TDOGUIV1_0.lib(gb2312tab.o)
    0x00017910   0x0000000d   Data   RO         6868    .constdata          TDOGUIV1_0.lib(gb2312tab.o)
    0x0001791d   0x00000007   Data   RO         6869    .constdata          TDOGUIV1_0.lib(gb2312tab.o)
    0x00017924   0x00000025   Data   RO         6870    .constdata          TDOGUIV1_0.lib(gb2312tab.o)
    0x00017949   0x00000005   Data   RO         6871    .constdata          TDOGUIV1_0.lib(gb2312tab.o)
    0x0001794e   0x00000003   Data   RO         6872    .constdata          TDOGUIV1_0.lib(gb2312tab.o)
    0x00017951   0x0000001f   Data   RO         6873    .constdata          TDOGUIV1_0.lib(gb2312tab.o)
    0x00017970   0x0000000d   Data   RO         6874    .constdata          TDOGUIV1_0.lib(gb2312tab.o)
    0x0001797d   0x00000029   Data   RO         6875    .constdata          TDOGUIV1_0.lib(gb2312tab.o)
    0x000179a6   0x00000007   Data   RO         6876    .constdata          TDOGUIV1_0.lib(gb2312tab.o)
    0x000179ad   0x00000011   Data   RO         6877    .constdata          TDOGUIV1_0.lib(gb2312tab.o)
    0x000179be   0x00000005   Data   RO         6878    .constdata          TDOGUIV1_0.lib(gb2312tab.o)
    0x000179c3   0x00000009   Data   RO         6879    .constdata          TDOGUIV1_0.lib(gb2312tab.o)
    0x000179cc   0x0000000f   Data   RO         6880    .constdata          TDOGUIV1_0.lib(gb2312tab.o)
    0x000179db   0x0000000b   Data   RO         6881    .constdata          TDOGUIV1_0.lib(gb2312tab.o)
    0x000179e6   0x0000000f   Data   RO         6882    .constdata          TDOGUIV1_0.lib(gb2312tab.o)
    0x000179f5   0x0000000d   Data   RO         6883    .constdata          TDOGUIV1_0.lib(gb2312tab.o)
    0x00017a02   0x00000013   Data   RO         6884    .constdata          TDOGUIV1_0.lib(gb2312tab.o)
    0x00017a15   0x0000000f   Data   RO         6885    .constdata          TDOGUIV1_0.lib(gb2312tab.o)
    0x00017a24   0x00000003   Data   RO         6886    .constdata          TDOGUIV1_0.lib(gb2312tab.o)
    0x00017a27   0x00000003   Data   RO         6887    .constdata          TDOGUIV1_0.lib(gb2312tab.o)
    0x00017a2a   0x00000025   Data   RO         6888    .constdata          TDOGUIV1_0.lib(gb2312tab.o)
    0x00017a4f   0x00000007   Data   RO         6889    .constdata          TDOGUIV1_0.lib(gb2312tab.o)
    0x00017a56   0x0000004d   Data   RO         6890    .constdata          TDOGUIV1_0.lib(gb2312tab.o)
    0x00017aa3   0x0000001b   Data   RO         6891    .constdata          TDOGUIV1_0.lib(gb2312tab.o)
    0x00017abe   0x00000027   Data   RO         6892    .constdata          TDOGUIV1_0.lib(gb2312tab.o)
    0x00017ae5   0x0000002d   Data   RO         6893    .constdata          TDOGUIV1_0.lib(gb2312tab.o)
    0x00017b12   0x00000003   Data   RO         6894    .constdata          TDOGUIV1_0.lib(gb2312tab.o)
    0x00017b15   0x00000039   Data   RO         6895    .constdata          TDOGUIV1_0.lib(gb2312tab.o)
    0x00017b4e   0x00000023   Data   RO         6896    .constdata          TDOGUIV1_0.lib(gb2312tab.o)
    0x00017b71   0x0000008d   Data   RO         6897    .constdata          TDOGUIV1_0.lib(gb2312tab.o)
    0x00017bfe   0x0000001d   Data   RO         6898    .constdata          TDOGUIV1_0.lib(gb2312tab.o)
    0x00017c1b   0x00000061   Data   RO         6899    .constdata          TDOGUIV1_0.lib(gb2312tab.o)
    0x00017c7c   0x00000007   Data   RO         6900    .constdata          TDOGUIV1_0.lib(gb2312tab.o)
    0x00017c83   0x0000000d   Data   RO         6901    .constdata          TDOGUIV1_0.lib(gb2312tab.o)
    0x00017c90   0x00000009   Data   RO         6902    .constdata          TDOGUIV1_0.lib(gb2312tab.o)
    0x00017c99   0x0000000b   Data   RO         6903    .constdata          TDOGUIV1_0.lib(gb2312tab.o)
    0x00017ca4   0x0000000b   Data   RO         6904    .constdata          TDOGUIV1_0.lib(gb2312tab.o)
    0x00017caf   0x00000009   Data   RO         6905    .constdata          TDOGUIV1_0.lib(gb2312tab.o)
    0x00017cb8   0x00000015   Data   RO         6906    .constdata          TDOGUIV1_0.lib(gb2312tab.o)
    0x00017ccd   0x00000045   Data   RO         6907    .constdata          TDOGUIV1_0.lib(gb2312tab.o)
    0x00017d12   0x00000021   Data   RO         6908    .constdata          TDOGUIV1_0.lib(gb2312tab.o)
    0x00017d33   0x0000001d   Data   RO         6909    .constdata          TDOGUIV1_0.lib(gb2312tab.o)
    0x00017d50   0x0000002d   Data   RO         6910    .constdata          TDOGUIV1_0.lib(gb2312tab.o)
    0x00017d7d   0x00000009   Data   RO         6911    .constdata          TDOGUIV1_0.lib(gb2312tab.o)
    0x00017d86   0x00000017   Data   RO         6912    .constdata          TDOGUIV1_0.lib(gb2312tab.o)
    0x00017d9d   0x00000007   Data   RO         6913    .constdata          TDOGUIV1_0.lib(gb2312tab.o)
    0x00017da4   0x00000023   Data   RO         6914    .constdata          TDOGUIV1_0.lib(gb2312tab.o)
    0x00017dc7   0x00000027   Data   RO         6915    .constdata          TDOGUIV1_0.lib(gb2312tab.o)
    0x00017dee   0x00000023   Data   RO         6916    .constdata          TDOGUIV1_0.lib(gb2312tab.o)
    0x00017e11   0x00000039   Data   RO         6917    .constdata          TDOGUIV1_0.lib(gb2312tab.o)
    0x00017e4a   0x00000037   Data   RO         6918    .constdata          TDOGUIV1_0.lib(gb2312tab.o)
    0x00017e81   0x00000025   Data   RO         6919    .constdata          TDOGUIV1_0.lib(gb2312tab.o)
    0x00017ea6   0x00000009   Data   RO         6920    .constdata          TDOGUIV1_0.lib(gb2312tab.o)
    0x00017eaf   0x0000000b   Data   RO         6921    .constdata          TDOGUIV1_0.lib(gb2312tab.o)
    0x00017eba   0x00000031   Data   RO         6922    .constdata          TDOGUIV1_0.lib(gb2312tab.o)
    0x00017eeb   0x0000001f   Data   RO         6923    .constdata          TDOGUIV1_0.lib(gb2312tab.o)
    0x00017f0a   0x00000023   Data   RO         6924    .constdata          TDOGUIV1_0.lib(gb2312tab.o)
    0x00017f2d   0x0000000d   Data   RO         6925    .constdata          TDOGUIV1_0.lib(gb2312tab.o)
    0x00017f3a   0x00000023   Data   RO         6926    .constdata          TDOGUIV1_0.lib(gb2312tab.o)
    0x00017f5d   0x0000002d   Data   RO         6927    .constdata          TDOGUIV1_0.lib(gb2312tab.o)
    0x00017f8a   0x0000000f   Data   RO         6928    .constdata          TDOGUIV1_0.lib(gb2312tab.o)
    0x00017f99   0x00000021   Data   RO         6929    .constdata          TDOGUIV1_0.lib(gb2312tab.o)
    0x00017fba   0x0000000b   Data   RO         6930    .constdata          TDOGUIV1_0.lib(gb2312tab.o)
    0x00017fc5   0x0000000f   Data   RO         6931    .constdata          TDOGUIV1_0.lib(gb2312tab.o)
    0x00017fd4   0x00000013   Data   RO         6932    .constdata          TDOGUIV1_0.lib(gb2312tab.o)
    0x00017fe7   0x00000035   Data   RO         6933    .constdata          TDOGUIV1_0.lib(gb2312tab.o)
    0x0001801c   0x00000015   Data   RO         6934    .constdata          TDOGUIV1_0.lib(gb2312tab.o)
    0x00018031   0x00000007   Data   RO         6935    .constdata          TDOGUIV1_0.lib(gb2312tab.o)
    0x00018038   0x0000003b   Data   RO         6936    .constdata          TDOGUIV1_0.lib(gb2312tab.o)
    0x00018073   0x0000001f   Data   RO         6937    .constdata          TDOGUIV1_0.lib(gb2312tab.o)
    0x00018092   0x0000007b   Data   RO         6938    .constdata          TDOGUIV1_0.lib(gb2312tab.o)
    0x0001810d   0x00000021   Data   RO         6939    .constdata          TDOGUIV1_0.lib(gb2312tab.o)
    0x0001812e   0x0000000b   Data   RO         6940    .constdata          TDOGUIV1_0.lib(gb2312tab.o)
    0x00018139   0x00000023   Data   RO         6941    .constdata          TDOGUIV1_0.lib(gb2312tab.o)
    0x0001815c   0x00000071   Data   RO         6942    .constdata          TDOGUIV1_0.lib(gb2312tab.o)
    0x000181cd   0x00000099   Data   RO         6943    .constdata          TDOGUIV1_0.lib(gb2312tab.o)
    0x00018266   0x0000002b   Data   RO         6944    .constdata          TDOGUIV1_0.lib(gb2312tab.o)
    0x00018291   0x00000063   Data   RO         6945    .constdata          TDOGUIV1_0.lib(gb2312tab.o)
    0x000182f4   0x0000003d   Data   RO         6946    .constdata          TDOGUIV1_0.lib(gb2312tab.o)
    0x00018331   0x0000003b   Data   RO         6947    .constdata          TDOGUIV1_0.lib(gb2312tab.o)
    0x0001836c   0x00000057   Data   RO         6948    .constdata          TDOGUIV1_0.lib(gb2312tab.o)
    0x000183c3   0x00000025   Data   RO         6949    .constdata          TDOGUIV1_0.lib(gb2312tab.o)
    0x000183e8   0x0000002f   Data   RO         6950    .constdata          TDOGUIV1_0.lib(gb2312tab.o)
    0x00018417   0x00000011   Data   RO         6951    .constdata          TDOGUIV1_0.lib(gb2312tab.o)
    0x00018428   0x00000027   Data   RO         6952    .constdata          TDOGUIV1_0.lib(gb2312tab.o)
    0x0001844f   0x00000045   Data   RO         6953    .constdata          TDOGUIV1_0.lib(gb2312tab.o)
    0x00018494   0x00000035   Data   RO         6954    .constdata          TDOGUIV1_0.lib(gb2312tab.o)
    0x000184c9   0x00000019   Data   RO         6955    .constdata          TDOGUIV1_0.lib(gb2312tab.o)
    0x000184e2   0x00000041   Data   RO         6956    .constdata          TDOGUIV1_0.lib(gb2312tab.o)
    0x00018523   0x0000003d   Data   RO         6957    .constdata          TDOGUIV1_0.lib(gb2312tab.o)
    0x00018560   0x0000008b   Data   RO         6958    .constdata          TDOGUIV1_0.lib(gb2312tab.o)
    0x000185eb   0x00000033   Data   RO         6959    .constdata          TDOGUIV1_0.lib(gb2312tab.o)
    0x0001861e   0x00000049   Data   RO         6960    .constdata          TDOGUIV1_0.lib(gb2312tab.o)
    0x00018667   0x00000035   Data   RO         6961    .constdata          TDOGUIV1_0.lib(gb2312tab.o)
    0x0001869c   0x000000d9   Data   RO         6962    .constdata          TDOGUIV1_0.lib(gb2312tab.o)
    0x00018775   0x00000047   Data   RO         6963    .constdata          TDOGUIV1_0.lib(gb2312tab.o)
    0x000187bc   0x0000004f   Data   RO         6964    .constdata          TDOGUIV1_0.lib(gb2312tab.o)
    0x0001880b   0x00000007   Data   RO         6965    .constdata          TDOGUIV1_0.lib(gb2312tab.o)
    0x00018812   0x00000033   Data   RO         6966    .constdata          TDOGUIV1_0.lib(gb2312tab.o)
    0x00018845   0x00000057   Data   RO         6967    .constdata          TDOGUIV1_0.lib(gb2312tab.o)
    0x0001889c   0x000000bd   Data   RO         6968    .constdata          TDOGUIV1_0.lib(gb2312tab.o)
    0x00018959   0x00000045   Data   RO         6969    .constdata          TDOGUIV1_0.lib(gb2312tab.o)
    0x0001899e   0x00000027   Data   RO         6970    .constdata          TDOGUIV1_0.lib(gb2312tab.o)
    0x000189c5   0x00000033   Data   RO         6971    .constdata          TDOGUIV1_0.lib(gb2312tab.o)
    0x000189f8   0x0000000f   Data   RO         6972    .constdata          TDOGUIV1_0.lib(gb2312tab.o)
    0x00018a07   0x00000013   Data   RO         6973    .constdata          TDOGUIV1_0.lib(gb2312tab.o)
    0x00018a1a   0x00000017   Data   RO         6974    .constdata          TDOGUIV1_0.lib(gb2312tab.o)
    0x00018a31   0x0000000d   Data   RO         6975    .constdata          TDOGUIV1_0.lib(gb2312tab.o)
    0x00018a3e   0x0000001f   Data   RO         6976    .constdata          TDOGUIV1_0.lib(gb2312tab.o)
    0x00018a5d   0x0000001d   Data   RO         6977    .constdata          TDOGUIV1_0.lib(gb2312tab.o)
    0x00018a7a   0x00000003   Data   RO         6978    .constdata          TDOGUIV1_0.lib(gb2312tab.o)
    0x00018a7d   0x00000005   Data   RO         6979    .constdata          TDOGUIV1_0.lib(gb2312tab.o)
    0x00018a82   0x00000011   Data   RO         6980    .constdata          TDOGUIV1_0.lib(gb2312tab.o)
    0x00018a93   0x00000037   Data   RO         6981    .constdata          TDOGUIV1_0.lib(gb2312tab.o)
    0x00018aca   0x00000015   Data   RO         6982    .constdata          TDOGUIV1_0.lib(gb2312tab.o)
    0x00018adf   0x0000002d   Data   RO         6983    .constdata          TDOGUIV1_0.lib(gb2312tab.o)
    0x00018b0c   0x00000031   Data   RO         6984    .constdata          TDOGUIV1_0.lib(gb2312tab.o)
    0x00018b3d   0x00000025   Data   RO         6985    .constdata          TDOGUIV1_0.lib(gb2312tab.o)
    0x00018b62   0x00000029   Data   RO         6986    .constdata          TDOGUIV1_0.lib(gb2312tab.o)
    0x00018b8b   0x00000045   Data   RO         6987    .constdata          TDOGUIV1_0.lib(gb2312tab.o)
    0x00018bd0   0x0000002b   Data   RO         6988    .constdata          TDOGUIV1_0.lib(gb2312tab.o)
    0x00018bfb   0x000000a1   Data   RO         6989    .constdata          TDOGUIV1_0.lib(gb2312tab.o)
    0x00018c9c   0x00000023   Data   RO         6990    .constdata          TDOGUIV1_0.lib(gb2312tab.o)
    0x00018cbf   0x00000031   Data   RO         6991    .constdata          TDOGUIV1_0.lib(gb2312tab.o)
    0x00018cf0   0x00000067   Data   RO         6992    .constdata          TDOGUIV1_0.lib(gb2312tab.o)
    0x00018d57   0x00000007   Data   RO         6993    .constdata          TDOGUIV1_0.lib(gb2312tab.o)
    0x00018d5e   0x00000005   Data   RO         6994    .constdata          TDOGUIV1_0.lib(gb2312tab.o)
    0x00018d63   0x00000017   Data   RO         6995    .constdata          TDOGUIV1_0.lib(gb2312tab.o)
    0x00018d7a   0x00000015   Data   RO         6996    .constdata          TDOGUIV1_0.lib(gb2312tab.o)
    0x00018d8f   0x00000015   Data   RO         6997    .constdata          TDOGUIV1_0.lib(gb2312tab.o)
    0x00018da4   0x0000000b   Data   RO         6998    .constdata          TDOGUIV1_0.lib(gb2312tab.o)
    0x00018daf   0x0000002b   Data   RO         6999    .constdata          TDOGUIV1_0.lib(gb2312tab.o)
    0x00018dda   0x0000004d   Data   RO         7000    .constdata          TDOGUIV1_0.lib(gb2312tab.o)
    0x00018e27   0x00000017   Data   RO         7001    .constdata          TDOGUIV1_0.lib(gb2312tab.o)
    0x00018e3e   0x00000013   Data   RO         7002    .constdata          TDOGUIV1_0.lib(gb2312tab.o)
    0x00018e51   0x00000017   Data   RO         7003    .constdata          TDOGUIV1_0.lib(gb2312tab.o)
    0x00018e68   0x0000000b   Data   RO         7004    .constdata          TDOGUIV1_0.lib(gb2312tab.o)
    0x00018e73   0x0000000d   Data   RO         7005    .constdata          TDOGUIV1_0.lib(gb2312tab.o)
    0x00018e80   0x0000000b   Data   RO         7006    .constdata          TDOGUIV1_0.lib(gb2312tab.o)
    0x00018e8b   0x00000025   Data   RO         7007    .constdata          TDOGUIV1_0.lib(gb2312tab.o)
    0x00018eb0   0x00001320   Data   RO         7008    .constdata          TDOGUIV1_0.lib(gb2312tab.o)
    0x0001a1d0   0x0000009a   Data   RO         2690    .conststring        TDOGUIV1_0.lib(guiinit.o)
    0x0001a26a   0x00000002   PAD
    0x0001a26c   0x00000046   Data   RO         3149    .conststring        TDOGUIV1_0.lib(wexplorer.o)
    0x0001a2b2   0x00000002   PAD
    0x0001a2b4   0x00000044   Data   RO         3273    .conststring        TDOGUIV1_0.lib(drawimage.o)
    0x0001a2f8   0x00000d7d   Data   RO         7009    .conststring        TDOGUIV1_0.lib(gb2312tab.o)


    Execution Region RW_IRAM1 (Base: 0x20000000, Size: 0x00007ad0, Max: 0x00008000, ABSOLUTE, COMPRESSED[0x00000088])

    Base Addr    Size         Type   Attr      Idx    E Section Name        Object

    0x20000000   0x00000014   Data   RW         1756    .data               lcddriver.o
    0x20000014   0x00000010   Data   RW         1968    .data               Y6_xip_write.o
    0x20000024   0x00000008   Data   RW         2181    .data               qspidma.o
    0x2000002c   0x00000008   Data   RW         2425    .data               cominterface.o
    0x20000034   0x00000001   Data   RW         2540    .data               pwm.o
    0x20000035   0x00000001   PAD
    0x20000036   0x00000004   Data   RW         2616    .data               start_app.o
    0x2000003a   0x00000002   PAD
    0x2000003c   0x00000004   Data   RW         2653    .data               TDOGUIV1_0.lib(wtick.o)
    0x20000040   0x00000004   Data   RW         2984    .data               TDOGUIV1_0.lib(guidebug.o)
    0x20000044   0x00000014   Data   RW         3150    .data               TDOGUIV1_0.lib(wexplorer.o)
    0x20000058   0x00000004   Data   RW         3332    .data               TDOGUIV1_0.lib(qrcodebox.o)
    0x2000005c   0x00000008   Data   RW         3485    .data               TDOGUIV1_0.lib(widgethandle.o)
    0x20000064   0x00000134   Data   RW         3889    .data               TDOGUIV1_0.lib(qr_encode.o)
    0x20000198   0x00000004   Data   RW         4097    .data               TDOGUIV1_0.lib(roundslider.o)
    0x2000019c   0x0000002c   Data   RW         4543    .data               TDOGUIV1_0.lib(drawfigureaa.o)
    0x200001c8   0x00000008   Data   RW         6264    .data               TDOGUIV1_0.lib(drawfont.o)
    0x200001d0   0x0000000c   Data   RW         6330    .data               TDOGUIV1_0.lib(fullfunckeyboard.o)
    0x200001dc   0x00000002   Data   RW         6497    .data               TDOGUIV1_0.lib(numberfunckeyboard1.o)
    0x200001de   0x00000002   PAD
    0x200001e0   0x00000008   Data   RW         6580    .data               TDOGUIV1_0.lib(guiprotect.o)
    0x200001e8   0x00000004   Data   RW         7395    .data               mc_p.l(stdout.o)
    0x200001ec   0x00000004   Data   RW         7404    .data               mc_p.l(mvars.o)
    0x200001f0   0x00000004   Data   RW         7405    .data               mc_p.l(mvars.o)
    0x200001f4   0x00000010   Zero   RW          307    .bss                Y6_dma.o
    0x20000204   0x00000fa8   Zero   RW         1754    .bss                lcddriver.o
    0x200011ac   0x00000fa8   Zero   RW         2236    .bss                lcdinterface.o
    0x20002154   0x0000013f   Zero   RW         2423    .bss                cominterface.o
    0x20002293   0x00000001   PAD
    0x20002294   0x00000038   Zero   RW         3038    .bss                TDOGUIV1_0.lib(encipher.o)
    0x200022cc   0x00000051   Zero   RW         3191    .bss                TDOGUIV1_0.lib(winputmsg.o)
    0x2000231d   0x00000003   PAD
    0x20002320   0x00000010   Zero   RW         3241    .bss                TDOGUIV1_0.lib(wguimsg.o)
    0x20002330   0x00001226   Zero   RW         3855    .bss                TDOGUIV1_0.lib(qr_encode.o)
    0x20003556   0x00000020   Zero   RW         4927    .bss                TDOGUIV1_0.lib(floatnumberbox.o)
    0x20003576   0x00000020   Zero   RW         5173    .bss                TDOGUIV1_0.lib(numberbox.o)
    0x20003596   0x00000020   Zero   RW         6263    .bss                TDOGUIV1_0.lib(drawfont.o)
    0x200035b6   0x0000008c   Zero   RW         6328    .bss                TDOGUIV1_0.lib(fullfunckeyboard.o)
    0x20003642   0x0000008c   Zero   RW         6495    .bss                TDOGUIV1_0.lib(numberfunckeyboard1.o)
    0x200036ce   0x00000002   PAD
    0x200036d0   0x00004000   Zero   RW          288    HEAP                startup_Y6.o
    0x200076d0   0x00000400   Zero   RW          287    STACK               startup_Y6.o


==============================================================================

Image component sizes


      Code (inc. data)   RO Data    RW Data    ZI Data      Debug   Object Name

       180         54         52          8        319       7152   cominterface.o
         0          0         12          0          0       1188   flashinterface.o
         0          0         41          0          0      11877   guiconfig.o
       354         40         36         20       4008       7931   lcddriver.o
       612         28          0          0          0       1819   lcdinit.o
       940        102         24          0       4008      15116   lcdinterface.o
        44          6          0          0          0        463   led.o
       320        122          0          0         16       2927   Y6_dma.o
      1024        344          0          0          0       5086   Y6_gpio.o
       168         44          0          0          0       6097   Y6_it.o
       804        282          0          0          0       7455   Y6_qspi.o
       580        124          0          0          0       5441   Y6_rcc.o
      2240        848          0          0          0      29611   Y6_tim.o
       982        270          0          0          0       4442   Y6_usart.o
      1192         50          0         16          0      11554   Y6_xip_write.o
       116         56          0          0          0      94299   main.o
         0          0         20          0          0       1309   memoryinterface.o
       148         56          0          0          0       1036   misc.o
       188         16          0          1          0       1464   pwm.o
       640         88          0          8          0       5373   qspidma.o
       574         78        378          4          0       3347   start_app.o
        28          8        176          0      17408        724   startup_Y6.o
        92         16          0          0          0        645   system_Y6.o
       104          4          0          0          0        583   systemheart.o
       350         20          8          0          0       4655   systemuart.o

    ----------------------------------------------------------------------
     11702       2656        784         60      25760     231594   Object Totals
         0          0         32          0          0          0   (incl. Generated)
        22          0          5          3          1          0   (incl. Padding)

    ----------------------------------------------------------------------

      Code (inc. data)   RO Data    RW Data    ZI Data      Debug   Library Member Name

      1882        190          0          0          0       9583   binarybutton.o
      2564        228          0          0          0       9661   button.o
       648        152          0          0          0       5846   cutpicture.o
      1024         60          0          0          0       4670   drawchar.o
       684         34          0          0          0       4722   drawfigure.o
      2018        134          0         44          0      11015   drawfigureaa.o
      1190         38          0          8         32       6928   drawfont.o
       984        200         68          0          0      12911   drawimage.o
       220         24          0          0         56       1917   encipher.o
      2204        226          0          0         32       9886   floatnumberbox.o
      7224       1316       1386         12        140      23862   fullfunckeyboard.o
       152          8      23087          0          0      14907   gb2312tab.o
      1564        128          0          0          0       8279   graph.o
       308         36          0          0          0       4070   gtimer.o
       748         58          0          4          0       7284   guidebug.o
       578         90          0          0          0       7055   guifunc.o
       488        288        154          0          0      12066   guiinit.o
       292         16          0          8          0       1880   guiprotect.o
       744         46          0          0          0       6302   gvariate.o
        44          6          0          0          0        686   keyboard.o
        50         16          0          0          0       1290   mcudriver.o
      1730        234          0          0         32       8117   numberbox.o
      2740        372        816          2        140      12377   numberfunckeyboard1.o
      1050         86          0          0          0       5832   optionbox.o
       476         34          0          0          0       5057   page.o
      4586        118          0          0          0      10114   picanimation.o
       514         88          0          0          0       5898   picturebox.o
      1360        168       2880          0          0       7813   pointer.o
       910        138          0          0          0       5926   progressbar.o
      5114        216       2228        308       4646      19416   qr_encode.o
      1800        170          0          4          0      14694   qrcodebox.o
      2844        310          0          0          0      12526   rolltextbox.o
      2216        170          0          4          0       9302   roundslider.o
      1396        156          0          0          0       7485   slider.o
      1986        266          0          0          0      10128   textbox.o
       280         26          0          0          0       4001   toucharea.o
         0          0       2888          0          0        433   trigtable.o
       708         88          0          0          0       6863   virtualgif.o
      1032        216         70         20          0       5903   wexplorer.o
       244         64          0          0         16       2665   wguimsg.o
      1072        288          0          8          0      11795   widgethandle.o
        82         32       1320          0          0      11982   widgetindex.o
       584          8          0          0          0       3220   widgetlookup.o
       696         62          0          0         81       4818   winputmsg.o
       174         12          0          0          0       3182   wlist.o
       242         26          0          0          0       3198   wqueue.o
        40         12          0          4          0       2444   wtick.o
        86          0          0          0          0          0   __dczerorl2.o
         0          0          0          0          0          0   entry.o
         0          0          0          0          0          0   entry10a.o
         0          0          0          0          0          0   entry11a.o
         8          4          0          0          0          0   entry2.o
         4          0          0          0          0          0   entry5.o
         0          0          0          0          0          0   entry7b.o
         0          0          0          0          0          0   entry8b.o
         8          4          0          0          0          0   entry9a.o
        30          0          0          0          0          0   handlers.o
        40          0          0          0          0         72   idiv.o
        36          8          0          0          0         68   init.o
         0          0          0          0          0          0   iusefp.o
        32          0          0          0          0         68   llshl.o
        38          0          0          0          0         68   llsshr.o
        34          0          0          0          0         68   llushr.o
       368         36          0          0          0        308   mallocr.o
        66          0          0          0          0         68   memmove.o
        36          0          0          0          0        100   memseta.o
         0          0          0          8          0          0   mvars.o
      1222         56          0          0          0        468   printf8.o
         0          0          0          4          0          0   stdout.o
        14          0          0          0          0         60   strlen.o
        44          0          0          0          0         72   uidiv.o
        96          0          0          0          0         84   uldiv.o
        20          0          0          0          0         60   uread4.o
        18          0          0          0          0         60   uwrite4.o
        20          0          0          0          0         68   cfcmple.o
        20          0          0          0          0         68   cfrcmple.o
        56          0          0          0          0         68   d2f.o
       356          4          0          0          0        140   dadd.o
       236          0          0          0          0        216   depilogue.o
        72         10          0          0          0         72   dfixi.o
        40          6          0          0          0         68   dflti.o
        28          4          0          0          0         68   dfltui.o
        44          0          0          0          0         72   dscalb.o
        40          0          0          0          0         60   f2d.o
       178          0          0          0          0        108   fadd.o
       124          0          0          0          0         72   fdiv.o
       130          0          0          0          0        144   fepilogue.o
        50          0          0          0          0         60   ffixi.o
        40          0          0          0          0         60   ffixui.o
        22          0          0          0          0         68   fflti.o
        14          0          0          0          0         68   ffltui.o
       122          0          0          0          0         72   fmul.o

    ----------------------------------------------------------------------
     63322       6786      34904        440       5180     363185   Library Totals
        44          0          7          2          5          0   (incl. Padding)

    ----------------------------------------------------------------------

      Code (inc. data)   RO Data    RW Data    ZI Data      Debug   Library Name

     59486       6654      34897        426       5175     360009   TDOGUIV1_0.lib
      2200        108          0         12          0       1624   mc_p.l
      1592         24          0          0          0       1552   mf_p.l

    ----------------------------------------------------------------------
     63322       6786      34904        440       5180     363185   Library Totals

    ----------------------------------------------------------------------

==============================================================================


      Code (inc. data)   RO Data    RW Data    ZI Data      Debug   

     75024       9442      35688        500      30940     571931   Grand Totals
     75024       9442      35688        136      30940     571931   ELF Image Totals (compressed)
     75024       9442      35688        136          0          0   ROM Totals

==============================================================================

    Total RO  Size (Code + RO Data)               110712 ( 108.12kB)
    Total RW  Size (RW Data + ZI Data)             31440 (  30.70kB)
    Total ROM Size (Code + RO Data + RW Data)     110848 ( 108.25kB)

==============================================================================

