<html>
<body>
<pre>
<h1>礦ision Build Log</h1>
<h2>Tool Versions:</h2>
IDE-Version: μVision V5.38.0.0
Copyright (C) 2022 ARM Ltd and ARM Germany GmbH. All rights reserved.
License Information: LI 天马创新, LL, LIC=JL28G-V3C93-9U84U-SFGTC-LC2LN-81JA0
 
Tool Versions:
Toolchain:       MDK-ARM Plus  Version: 5.38.0.0
Toolchain Path:  C:\Keil_v5\ARM\ARMCC\Bin
C Compiler:      Armcc.exe V5.05 update 1 (build 106)
Assembler:       Armasm.exe V5.05 update 1 (build 106)
Linker/Locator:  ArmLink.exe V5.05 update 1 (build 106)
Library Manager: ArmAr.exe V5.05 update 1 (build 106)
Hex Converter:   FromElf.exe V5.05 update 1 (build 106)
CPU DLL:         SARMCM3.DLL V5.38.0.0
Dialog DLL:      DARMCM1.DLL V1.19.6.0
Target DLL:      STLink\ST-LINKIII-KEIL_SWO.dll V3.1.0.0
Dialog DLL:      TARMCM1.DLL V1.14.6.0
 
<h2>Project:</h2>
d:\LST\rotary\Y6_Project\MDK-ARM\Project.uvprojx
Project File Date:  11/03/2023

<h2>Output:</h2>
*** Using Compiler 'V5.05 update 1 (build 106)', folder: 'C:\Keil_v5\ARM\ARMCC\Bin'
Build target 'Y6'
assembling startup_Y6.s...
compiling system_Y6.c...
compiling Y6_it.c...
compiling Y6_i2c.c...
compiling Y6_gpio.c...
compiling Y6_qspi.c...
compiling Y6_rcc.c...
compiling misc.c...
compiling Y6_dma.c...
compiling Y6_init.c...
..\src\Y6_init.c(18): warning:  #223-D: function "$Super$$main" declared implicitly
        $Super$$main();
..\src\Y6_init.c: 1 warning, 0 errors
compiling Y6_eval_qspi.c...
compiling Y6_usart.c...
compiling main.c...
..\src\main.c(31): warning:  #1295-D: Deprecated declaration red_led - give arg types
  void red_led();
..\src\main.c(32): warning:  #1295-D: Deprecated declaration red_led2 - give arg types
  void red_led2();
..\src\main.c(33): warning:  #1295-D: Deprecated declaration red_led3 - give arg types
  void red_led3();
..\src\main.c(34): warning:  #1295-D: Deprecated declaration red_led4 - give arg types
  void red_led4();
..\src\main.c(35): warning:  #1295-D: Deprecated declaration red_light_group - give arg types
  void red_light_group();
..\src\main.c(36): warning:  #1295-D: Deprecated declaration red_light_num - give arg types
  void red_light_num();
..\src\main.c(37): warning:  #1295-D: Deprecated declaration red_light_on_off - give arg types
  void red_light_on_off();
..\src\main.c(38): warning:  #1295-D: Deprecated declaration infrared_red - give arg types
  void infrared_red();
..\src\main.c(39): warning:  #1295-D: Deprecated declaration infrared_red2 - give arg types
  void infrared_red2();
..\src\main.c(40): warning:  #1295-D: Deprecated declaration pump - give arg types
  void pump();
..\src\main.c(41): warning:  #1295-D: Deprecated declaration fan - give arg types
  void fan();
..\src\main.c(42): warning:  #1295-D: Deprecated declaration fan2 - give arg types
  void fan2();
..\src\main.c(43): warning:  #1295-D: Deprecated declaration all_zero - give arg types
  void all_zero();
..\src\main.c(45): warning:  #1295-D: Deprecated declaration page_init - give arg types
  void page_init();
..\src\main.c(46): warning:  #1295-D: Deprecated declaration key_control - give arg types
  void key_control();
..\src\main.c(47): warning:  #1295-D: Deprecated declaration rotary_control - give arg types
  void rotary_control();
..\src\main.c(83): warning:  #550-D: variable "ret" was set but never used
  	uint8_t ret;	
..\src\main.c: 17 warnings, 0 errors
compiling lcdDriver.c...
compiling memoryInterface.c...
compiling Y6_tim.c...
compiling lcdInit.c...
compiling SystemHeart.c...
compiling Y6_utility_i2c.c...
Driver\Y6_utility_i2c.c(542): warning:  #550-D: variable "reg" was set but never used
    int reg;
Driver\Y6_utility_i2c.c: 1 warning, 0 errors
compiling SystemUart.c...
assembling lcdWrite.s...
Driver\lcdWrite.s(191): warning: A1581W: Added 2 bytes of padding at address 0x6a
compiling Y6_xip_write.c...
compiling QspiDMA.c...
compiling flashInterface.c...
compiling rtcDriver.c...
compiling lcdInterface.c...
compiling guiConfig.c...
compiling comInterface.c...
compiling Key.c...
compiling Y6_command.c...
compiling Y6_drawchar.c...
compiling Y6_SystemFontLib.c...
compiling Y6_adc.c...
compiling MMC_SD.C...
Driver\MMC_SD.C(377): warning:  #940-D: missing return statement at end of non-void function "SD_WriteDisk"
  }
Driver\MMC_SD.C: 1 warning, 0 errors
compiling Y6_drawFigure.c...
TDO_Driver\Y6_drawFigure.c(161): warning:  #177-D: variable "i" was declared but never referenced
      uint16_t	i = 0;
TDO_Driver\Y6_drawFigure.c(21): warning:  #177-D: function "LCD_Fill_color_old" was declared but never referenced
  static void LCD_Fill_color_old(uint16_t sx,uint16_t sy,uint16_t ex,uint16_t ey,uint16_t color)
TDO_Driver\Y6_drawFigure.c: 2 warnings, 0 errors
compiling PWM.c...
compiling Led.c...
compiling Y6_comParacommand.c...
compiling DemoTest01.c...
compiling Encoder.c...
linking...
Program Size: Code=84136 RO-data=45588 RW-data=624 ZI-data=31800  
FromELF: creating hex file...
After Build - User command #1: fromelf --bin ".\Obj\TDOGUIV1_0.axf" --output ".\Obj\TDOGUIV1_0.bin"
After Build - User command #2: fromelf --text -c ".\Obj\TDOGUIV1_0.axf" --output ".\Obj\TDOGUIV1_0.txt"
".\Obj\TDOGUIV1_0.axf" - 0 Error(s), 23 Warning(s).

<h2>Software Packages used:</h2>

Package Vendor: ARM
                http://www.keil.com/pack/ARM.CMSIS.5.9.0.pack
                ARM.CMSIS.5.9.0
                CMSIS (Common Microcontroller Software Interface Standard)
   * Component: CORE Version: 5.6.0

<h2>Collection of Component include folders:</h2>
  ./RTE/_Y6
  D:/li/MDK5/ARM/CMSIS/5.9.0/CMSIS/Core/Include
  D:/li/MDK5/ARM/CMSIS/5.9.0/Device/ARM/ARMCM0/Include

<h2>Collection of Component Files used:</h2>

   * Component: ARM::CMSIS:CORE:5.6.0
Build Time Elapsed:  00:00:03
</pre>
</body>
</html>
