<html>
<body>
<pre>
<h1>µVision Build Log</h1>
<h2>Tool Versions:</h2>
IDE-Version: ¦ÌVision V5.14.0.0
Copyright (C) 2015 ARM Ltd and ARM Germany GmbH. All rights reserved.
License Information: safljlfd 2835722545@qq.com, jafl, LIC=CZLZX-HFNCF-GKPBG-VC4RZ-JECBX-7VHUT
 
Tool Versions:
Toolchain:       MDK-ARM Standard  Version: 5.14.0.0
Toolchain Path:  D:\keil5\ARM\ARMCC\Bin
C Compiler:      Armcc.exe V5.05 update 1 (build 106)
Assembler:       Armasm.exe V5.05 update 1 (build 106)
Linker/Locator:  ArmLink.exe V5.05 update 1 (build 106)
Library Manager: ArmAr.exe V5.05 update 1 (build 106)
Hex Converter:   FromElf.exe V5.05 update 1 (build 106)
CPU DLL:         SARMCM3.DLL V5.14.0.0
Dialog DLL:      DARMCM1.DLL V1.12.0.0
Target DLL:      STLink\ST-LINKIII-KEIL_SWO.dll V2.0.14.0_KEIL
Dialog DLL:      TARMCM1.DLL V1.9.0.0
 
<h2>Project:</h2>
e:\exit\rotay\Rotational-screen--upper\MDK-ARM\Project.uvprojx
Project File Date:  11/02/2023

<h2>Output:</h2>
Build target 'Y6'
compiling main.c...
..\src\main.c(31): warning:  #1295-D: Deprecated declaration red_led - give arg types
  void red_led();
..\src\main.c(32): warning:  #1295-D: Deprecated declaration red_led2 - give arg types
  void red_led2();
..\src\main.c(33): warning:  #1295-D: Deprecated declaration red_led3 - give arg types
  void red_led3();
..\src\main.c(34): warning:  #1295-D: Deprecated declaration red_led4 - give arg types
  void red_led4();
..\src\main.c(35): warning:  #1295-D: Deprecated declaration red_light_group - give arg types
  void red_light_group();
..\src\main.c(36): warning:  #1295-D: Deprecated declaration red_light_num - give arg types
  void red_light_num();
..\src\main.c(37): warning:  #1295-D: Deprecated declaration red_light_on_off - give arg types
  void red_light_on_off();
..\src\main.c(38): warning:  #1295-D: Deprecated declaration infrared_red - give arg types
  void infrared_red();
..\src\main.c(39): warning:  #1295-D: Deprecated declaration infrared_red2 - give arg types
  void infrared_red2();
..\src\main.c(40): warning:  #1295-D: Deprecated declaration pump - give arg types
  void pump();
..\src\main.c(41): warning:  #1295-D: Deprecated declaration fan - give arg types
  void fan();
..\src\main.c(42): warning:  #1295-D: Deprecated declaration fan2 - give arg types
  void fan2();
..\src\main.c(43): warning:  #1295-D: Deprecated declaration all_zero - give arg types
  void all_zero();
..\src\main.c(45): warning:  #1295-D: Deprecated declaration page_init - give arg types
  void page_init();
..\src\main.c(46): warning:  #1295-D: Deprecated declaration key_control - give arg types
  void key_control();
..\src\main.c(47): warning:  #1295-D: Deprecated declaration rotary_control - give arg types
  void rotary_control();
..\src\main.c: 16 warnings, 0 errors
linking...
Program Size: Code=84140 RO-data=45588 RW-data=612 ZI-data=31796  
FromELF: creating hex file...
After Build - User command #1: fromelf --bin ".\Obj\TDOGUIV1_0.axf" --output ".\Obj\TDOGUIV1_0.bin"
After Build - User command #2: fromelf --text -c ".\Obj\TDOGUIV1_0.axf" --output ".\Obj\TDOGUIV1_0.txt"
".\Obj\TDOGUIV1_0.axf" - 0 Error(s), 16 Warning(s).

<h2>Software Packages used:</h2>

Package Vendor: ARM
                http://www.keil.com/pack/ARM.CMSIS.5.9.0.pack
                ARM::CMSIS:CORE:5.6.0
                CMSIS (Common Microcontroller Software Interface Standard)
   * Component: CORE Version: 5.6.0

<h2>Collection of Component include folders:</h2>
  e:\exit\rotay\Rotational-screen--upper\MDK-ARM\RTE
  C:\Users\28357\AppData\Local\Arm\Packs\ARM\CMSIS\5.9.0
  C:\Users\28357\AppData\Local\Arm\Packs\ARM\CMSIS\5.9.0\CMSIS\Core\Include

<h2>Collection of Component Files used:</h2>

   * Component: ARM::CMSIS:CORE:5.6.0
      Source file:   CMSIS\Core\Template\ARMv8-M\tz_context.c
      Source file:   CMSIS\Core\Template\ARMv8-M\main_s.c
      Include file:  CMSIS\Core\Include\tz_context.h
</pre>
</body>
</html>
