<!doctype html public "-//w3c//dtd html 4.0 transitional//en">
<html><head>
<title>Static Call Graph - [.\Obj\TDOGUIV1_0.axf]</title></head>
<body><HR>
<H1>Static Call Graph for image .\Obj\TDOGUIV1_0.axf</H1><HR>
<BR><P>#&#060CALLGRAPH&#062# ARM Linker, 5050106: Last Updated: Thu Nov 02 00:41:20 2023
<BR><P>
<H3>Maximum Stack Usage =        700 bytes + Unknown(Cycles, Untraceable Function Pointers)</H3><H3>
Call chain for Maximum Stack Depth:</H3>
w_TimeOutEventRollTextBox &rArr; w_dispRollTextBox &rArr; w_dispCharUseExFont &rArr; w_GetStringNeedWH &rArr; wResGetFontMsg &rArr; wGetResoureAddrEX &rArr; guiDebug &rArr; vsnprintf &rArr; PutUnsignedInt &rArr;  PutUnsignedInt (Cycle)
<P>
<H3>
Mutually Recursive functions
</H3> <LI><a href="#[1]">NMI_Handler</a>&nbsp;&nbsp;&nbsp;&rArr;&nbsp;&nbsp;&nbsp;<a href="#[1]">NMI_Handler</a><BR>
 <LI><a href="#[19]">ADC0_IRQHandler</a>&nbsp;&nbsp;&nbsp;&rArr;&nbsp;&nbsp;&nbsp;<a href="#[19]">ADC0_IRQHandler</a><BR>
 <LI><a href="#[1c9]">PutUnsignedInt</a>&nbsp;&nbsp;&nbsp;&rArr;&nbsp;&nbsp;&nbsp;<a href="#[1c9]">PutUnsignedInt</a><BR>
 <LI><a href="#[1c8]">PutSignedInt</a>&nbsp;&nbsp;&nbsp;&rArr;&nbsp;&nbsp;&nbsp;<a href="#[1c8]">PutSignedInt</a><BR>
 <LI><a href="#[1c7]">PutHexa</a>&nbsp;&nbsp;&nbsp;&rArr;&nbsp;&nbsp;&nbsp;<a href="#[1c7]">PutHexa</a><BR>
 <LI><a href="#[178]">Decrypt_pro</a>&nbsp;&nbsp;&nbsp;&rArr;&nbsp;&nbsp;&nbsp;<a href="#[17a]">LCD_Init</a><BR>
</UL>
<P>
<H3>
Function Pointers
</H3><UL>
 <LI><a href="#[19]">ADC0_IRQHandler</a> from startup_y6.o(.text) referenced from startup_y6.o(RESET)
 <LI><a href="#[61]">Alternative1_releaseEvent</a> from fullfunckeyboard.o(i.Alternative1_releaseEvent) referenced from fullfunckeyboard.o(i.CreatePreviewArea)
 <LI><a href="#[62]">Alternative2_releaseEvent</a> from fullfunckeyboard.o(i.Alternative2_releaseEvent) referenced from fullfunckeyboard.o(i.CreatePreviewArea)
 <LI><a href="#[63]">Alternative3_releaseEvent</a> from fullfunckeyboard.o(i.Alternative3_releaseEvent) referenced from fullfunckeyboard.o(i.CreatePreviewArea)
 <LI><a href="#[1e]">BITCOPY_IRQHandler</a> from startup_y6.o(.text) referenced from startup_y6.o(RESET)
 <LI><a href="#[1a]">BOD_IRQHandler</a> from startup_y6.o(.text) referenced from startup_y6.o(RESET)
 <LI><a href="#[1b]">BOR_IRQHandler</a> from startup_y6.o(.text) referenced from startup_y6.o(RESET)
 <LI><a href="#[1c]">CMP_IRQHandler</a> from startup_y6.o(.text) referenced from startup_y6.o(RESET)
 <LI><a href="#[72]">CreateKeyBoardPage</a> from fullfunckeyboard.o(i.CreateKeyBoardPage) referenced from fullfunckeyboard.o(i.wCreateFullKeyBoard)
 <LI><a href="#[73]">CreateKeyBoardPage</a> from numberfunckeyboard1.o(i.CreateKeyBoardPage) referenced from numberfunckeyboard1.o(i.wCreatenumberFuncKeyBoard1)
 <LI><a href="#[16]">DMA_IRQHandler</a> from y6_dma.o(i.DMA_IRQHandler) referenced from startup_y6.o(RESET)
 <LI><a href="#[67]">DemoMain_PageEnterEvent</a> from demotest01.o(i.DemoMain_PageEnterEvent) referenced from demotest01.o(i.DemoTestPage_Init)
 <LI><a href="#[67]">DemoMain_PageEnterEvent</a> from demotest01.o(i.DemoMain_PageEnterEvent) referenced from main.o(i.key_control)
 <LI><a href="#[67]">DemoMain_PageEnterEvent</a> from demotest01.o(i.DemoMain_PageEnterEvent) referenced from main.o(i.page_init)
 <LI><a href="#[67]">DemoMain_PageEnterEvent</a> from demotest01.o(i.DemoMain_PageEnterEvent) referenced from main.o(i.pump)
 <LI><a href="#[67]">DemoMain_PageEnterEvent</a> from demotest01.o(i.DemoMain_PageEnterEvent) referenced from main.o(i.rotary_control)
 <LI><a href="#[66]">DemoTest01_timeoutEvent</a> from demotest01.o(i.DemoTest01_timeoutEvent) referenced from demotest01.o(i.DemoMain_PageEnterEvent)
 <LI><a href="#[17]">GPIO0_IRQHandler</a> from y6_it.o(i.GPIO0_IRQHandler) referenced from startup_y6.o(RESET)
 <LI><a href="#[18]">GPIO1_IRQHandler</a> from y6_it.o(i.GPIO1_IRQHandler) referenced from startup_y6.o(RESET)
 <LI><a href="#[2]">HardFault_Handler</a> from y6_it.o(i.HardFault_Handler) referenced from startup_y6.o(RESET)
 <LI><a href="#[11]">I2C0_IRQHandler</a> from startup_y6.o(.text) referenced from startup_y6.o(RESET)
 <LI><a href="#[31]">LCD_Clear</a> from lcdinterface.o(i.LCD_Clear) referenced from lcdinterface.o(.constdata)
 <LI><a href="#[27]">LCD_DisplayOff</a> from lcddriver.o(i.LCD_DisplayOff) referenced from lcddriver.o(.constdata)
 <LI><a href="#[26]">LCD_DisplayOn</a> from lcddriver.o(i.LCD_DisplayOn) referenced from lcddriver.o(.constdata)
 <LI><a href="#[2a]">LCD_DrawPoint</a> from lcdinterface.o(i.LCD_DrawPoint) referenced from lcdinterface.o(.constdata)
 <LI><a href="#[2c]">LCD_Fill</a> from lcdinterface.o(i.LCD_Fill) referenced from lcdinterface.o(.constdata)
 <LI><a href="#[2e]">LCD_Fill_UseContinuousData</a> from lcdinterface.o(i.LCD_Fill_UseContinuousData) referenced from lcdinterface.o(.constdata)
 <LI><a href="#[30]">LCD_Fill_UseContinuousDataSplitBit</a> from lcdinterface.o(i.LCD_Fill_UseContinuousDataSplitBit) referenced from lcdinterface.o(.constdata)
 <LI><a href="#[2d]">LCD_Fill_UseOneData</a> from lcdinterface.o(i.LCD_Fill_UseOneData) referenced from lcdinterface.o(.constdata)
 <LI><a href="#[2f]">LCD_Fill_UsePartContinuousData</a> from lcdinterface.o(i.LCD_Fill_UsePartContinuousData) referenced from lcdinterface.o(.constdata)
 <LI><a href="#[2b]">LCD_ReadPoint</a> from lcdinterface.o(i.LCD_ReadPoint) referenced from lcdinterface.o(.constdata)
 <LI><a href="#[22]">LCD_Read_DATA</a> from lcddriver.o(i.LCD_Read_DATA) referenced from lcddriver.o(.constdata)
 <LI><a href="#[25]">LCD_Scan_Dir</a> from lcddriver.o(i.LCD_Scan_Dir) referenced from lcddriver.o(.constdata)
 <LI><a href="#[28]">LCD_Scroll</a> from lcddriver.o(i.LCD_Scroll) referenced from lcddriver.o(.constdata)
 <LI><a href="#[24]">LCD_SetCursor</a> from lcddriver.o(i.LCD_SetCursor) referenced from lcddriver.o(.constdata)
 <LI><a href="#[23]">LCD_Write_CMD</a> from lcddriver.o(i.LCD_Write_CMD) referenced from lcddriver.o(.constdata)
 <LI><a href="#[21]">LCD_Write_DATA</a> from lcddriver.o(i.LCD_Write_DATA) referenced from lcddriver.o(.constdata)
 <LI><a href="#[1d]">LED_IRQHandler</a> from startup_y6.o(.text) referenced from startup_y6.o(RESET)
 <LI><a href="#[1]">NMI_Handler</a> from startup_y6.o(.text) referenced from startup_y6.o(RESET)
 <LI><a href="#[4]">PendSV_Handler</a> from y6_it.o(i.PendSV_Handler) referenced from startup_y6.o(RESET)
 <LI><a href="#[13]">QSPI0_IRQHandler</a> from startup_y6.o(.text) referenced from startup_y6.o(RESET)
 <LI><a href="#[14]">QSPI1_IRQHandler</a> from startup_y6.o(.text) referenced from startup_y6.o(RESET)
 <LI><a href="#[15]">QSPI2_IRQHandler</a> from startup_y6.o(.text) referenced from startup_y6.o(RESET)
 <LI><a href="#[b]">RTC_IRQHandler</a> from startup_y6.o(.text) referenced from startup_y6.o(RESET)
 <LI><a href="#[0]">Reset_Handler</a> from startup_y6.o(.text) referenced from startup_y6.o(RESET)
 <LI><a href="#[3]">SVC_Handler</a> from y6_it.o(i.SVC_Handler) referenced from startup_y6.o(RESET)
 <LI><a href="#[29]">SetPwm</a> from pwm.o(i.SetPwm) referenced from lcddriver.o(.constdata)
 <LI><a href="#[5]">SysTick_Handler</a> from y6_it.o(i.SysTick_Handler) referenced from startup_y6.o(RESET)
 <LI><a href="#[1f]">SystemInit</a> from system_y6.o(i.SystemInit) referenced from startup_y6.o(.text)
 <LI><a href="#[8]">TIM15_IRQHandler</a> from startup_y6.o(.text) referenced from startup_y6.o(RESET)
 <LI><a href="#[9]">TIM16_IRQHandler</a> from y6_it.o(i.TIM16_IRQHandler) referenced from startup_y6.o(RESET)
 <LI><a href="#[a]">TIM17_IRQHandler</a> from y6_it.o(i.TIM17_IRQHandler) referenced from startup_y6.o(RESET)
 <LI><a href="#[7]">TIM1_IRQHandler</a> from startup_y6.o(.text) referenced from startup_y6.o(RESET)
 <LI><a href="#[e]">TIM4_IRQHandler</a> from y6_it.o(i.TIM4_IRQHandler) referenced from startup_y6.o(RESET)
 <LI><a href="#[f]">UART0_IRQHandler</a> from startup_y6.o(.text) referenced from startup_y6.o(RESET)
 <LI><a href="#[10]">UART1_IRQHandler</a> from startup_y6.o(.text) referenced from startup_y6.o(RESET)
 <LI><a href="#[12]">UART2_IRQHandler</a> from y6_it.o(i.UART2_IRQHandler) referenced from startup_y6.o(RESET)
 <LI><a href="#[d]">USB0_DMA_IRQHandler</a> from startup_y6.o(.text) referenced from startup_y6.o(RESET)
 <LI><a href="#[c]">USB0_IRQHandler</a> from startup_y6.o(.text) referenced from startup_y6.o(RESET)
 <LI><a href="#[6]">WKT_IRQHandler</a> from startup_y6.o(.text) referenced from startup_y6.o(RESET)
 <LI><a href="#[79]">XIP_EraseFlash_Block_4K</a> from y6_xip_write.o(i.XIP_EraseFlash_Block_4K) referenced from flashinterface.o(.constdata)
 <LI><a href="#[7a]">XIP_WriteFlash_NoCheck</a> from y6_xip_write.o(i.XIP_WriteFlash_NoCheck) referenced from flashinterface.o(.constdata)
 <LI><a href="#[7e]">Y6_ClearScreen</a> from y6_comparacommand.o(i.Y6_ClearScreen) referenced from y6_command.o(.constdata)
 <LI><a href="#[82]">Y6_HMISet_Work_Mode</a> from y6_comparacommand.o(i.Y6_HMISet_Work_Mode) referenced from y6_command.o(.constdata)
 <LI><a href="#[81]">Y6_HMI_RESET</a> from y6_comparacommand.o(i.Y6_HMI_RESET) referenced from y6_command.o(.constdata)
 <LI><a href="#[7f]">Y6_HMI_led_Opera</a> from y6_comparacommand.o(i.Y6_HMI_led_Opera) referenced 2 times from y6_command.o(.constdata)
 <LI><a href="#[7d]">Y6_NULL_HANDLE</a> from y6_command.o(i.Y6_NULL_HANDLE) referenced 243 times from y6_command.o(.constdata)
 <LI><a href="#[7c]">Y6_Return</a> from y6_comparacommand.o(i.Y6_Return) referenced from y6_command.o(.constdata)
 <LI><a href="#[80]">Y6_Set_Key</a> from decrypt.o(i.Y6_Set_Key) referenced from y6_command.o(.constdata)
 <LI><a href="#[20]">__main</a> from entry.o(.ARM.Collect$$$$00000000) referenced from startup_y6.o(.text)
 <LI><a href="#[69]">_sputc</a> from printf8.o(i._sputc) referenced from printf8.o(i.__0sprintf$8)
 <LI><a href="#[3e]">clearIutput</a> from cominterface.o(i.clearIutput) referenced from cominterface.o(.constdata)
 <LI><a href="#[3d]">clearOutput</a> from cominterface.o(i.clearOutput) referenced from cominterface.o(.constdata)
 <LI><a href="#[68]">fputc</a> from y6_it.o(i.fputc) referenced from printf8.o(i.__0printf$8)
 <LI><a href="#[75]">free</a> from mallocr.o(i.__free$realloc) referenced from memoryinterface.o(.constdata)
 <LI><a href="#[6a]">infrared_PageEnterEvent</a> from demotest01.o(i.infrared_PageEnterEvent) referenced from main.o(i.fan)
 <LI><a href="#[6a]">infrared_PageEnterEvent</a> from demotest01.o(i.infrared_PageEnterEvent) referenced from main.o(i.fan2)
 <LI><a href="#[6a]">infrared_PageEnterEvent</a> from demotest01.o(i.infrared_PageEnterEvent) referenced from main.o(i.infrared_red)
 <LI><a href="#[6a]">infrared_PageEnterEvent</a> from demotest01.o(i.infrared_PageEnterEvent) referenced from main.o(i.infrared_red2)
 <LI><a href="#[6a]">infrared_PageEnterEvent</a> from demotest01.o(i.infrared_PageEnterEvent) referenced from main.o(i.page_init)
 <LI><a href="#[6a]">infrared_PageEnterEvent</a> from demotest01.o(i.infrared_PageEnterEvent) referenced from main.o(i.red_light_group)
 <LI><a href="#[6a]">infrared_PageEnterEvent</a> from demotest01.o(i.infrared_PageEnterEvent) referenced from main.o(i.red_light_num)
 <LI><a href="#[6a]">infrared_PageEnterEvent</a> from demotest01.o(i.infrared_PageEnterEvent) referenced from main.o(i.red_light_on_off)
 <LI><a href="#[6a]">infrared_PageEnterEvent</a> from demotest01.o(i.infrared_PageEnterEvent) referenced from main.o(i.rotary_control)
 <LI><a href="#[6b]">infrared_PageEnterEvent2</a> from demotest01.o(i.infrared_PageEnterEvent2) referenced from main.o(i.fan)
 <LI><a href="#[6b]">infrared_PageEnterEvent2</a> from demotest01.o(i.infrared_PageEnterEvent2) referenced from main.o(i.infrared_red)
 <LI><a href="#[6b]">infrared_PageEnterEvent2</a> from demotest01.o(i.infrared_PageEnterEvent2) referenced from main.o(i.page_init)
 <LI><a href="#[6b]">infrared_PageEnterEvent2</a> from demotest01.o(i.infrared_PageEnterEvent2) referenced from main.o(i.pump)
 <LI><a href="#[6b]">infrared_PageEnterEvent2</a> from demotest01.o(i.infrared_PageEnterEvent2) referenced from main.o(i.red_light_num)
 <LI><a href="#[6b]">infrared_PageEnterEvent2</a> from demotest01.o(i.infrared_PageEnterEvent2) referenced from main.o(i.rotary_control)
 <LI><a href="#[6c]">infrared_timeoutEvent</a> from demotest01.o(i.infrared_timeoutEvent) referenced from demotest01.o(i.infrared_PageEnterEvent)
 <LI><a href="#[6d]">infrared_timeoutEvent2</a> from demotest01.o(i.infrared_timeoutEvent2) referenced from demotest01.o(i.infrared_PageEnterEvent2)
 <LI><a href="#[60]">inputButton00_releaseEvent</a> from numberfunckeyboard1.o(i.inputButton00_releaseEvent) referenced from numberfunckeyboard1.o(i.CreateInputArea)
 <LI><a href="#[4a]">inputButton01_releaseEvent</a> from fullfunckeyboard.o(i.inputButton01_releaseEvent) referenced 2 times from fullfunckeyboard.o(i.CreateInputArea)
 <LI><a href="#[4b]">inputButton02_releaseEvent</a> from fullfunckeyboard.o(i.inputButton02_releaseEvent) referenced 2 times from fullfunckeyboard.o(i.CreateInputArea)
 <LI><a href="#[4c]">inputButton03_releaseEvent</a> from fullfunckeyboard.o(i.inputButton03_releaseEvent) referenced 2 times from fullfunckeyboard.o(i.CreateInputArea)
 <LI><a href="#[4d]">inputButton04_releaseEvent</a> from fullfunckeyboard.o(i.inputButton04_releaseEvent) referenced 2 times from fullfunckeyboard.o(i.CreateInputArea)
 <LI><a href="#[4e]">inputButton05_releaseEvent</a> from fullfunckeyboard.o(i.inputButton05_releaseEvent) referenced 2 times from fullfunckeyboard.o(i.CreateInputArea)
 <LI><a href="#[4f]">inputButton06_releaseEvent</a> from fullfunckeyboard.o(i.inputButton06_releaseEvent) referenced 2 times from fullfunckeyboard.o(i.CreateInputArea)
 <LI><a href="#[50]">inputButton07_releaseEvent</a> from fullfunckeyboard.o(i.inputButton07_releaseEvent) referenced 2 times from fullfunckeyboard.o(i.CreateInputArea)
 <LI><a href="#[51]">inputButton08_releaseEvent</a> from fullfunckeyboard.o(i.inputButton08_releaseEvent) referenced 2 times from fullfunckeyboard.o(i.CreateInputArea)
 <LI><a href="#[52]">inputButton09_releaseEvent</a> from fullfunckeyboard.o(i.inputButton09_releaseEvent) referenced 2 times from fullfunckeyboard.o(i.CreateInputArea)
 <LI><a href="#[53]">inputButton10_releaseEvent</a> from fullfunckeyboard.o(i.inputButton10_releaseEvent) referenced from fullfunckeyboard.o(i.CreateInputArea)
 <LI><a href="#[54]">inputButton11_releaseEvent</a> from fullfunckeyboard.o(i.inputButton11_releaseEvent) referenced from fullfunckeyboard.o(i.CreateInputArea)
 <LI><a href="#[55]">inputButton12_releaseEvent</a> from fullfunckeyboard.o(i.inputButton12_releaseEvent) referenced from fullfunckeyboard.o(i.CreateInputArea)
 <LI><a href="#[59]">inputButtonDot_releaseEvent</a> from numberfunckeyboard1.o(i.inputButtonDot_releaseEvent) referenced from numberfunckeyboard1.o(i.CreateInputArea)
 <LI><a href="#[3a]">inputChar</a> from cominterface.o(i.inputChar) referenced from cominterface.o(.constdata)
 <LI><a href="#[3c]">inputEnd</a> from cominterface.o(i.inputEnd) referenced from cominterface.o(.constdata)
 <LI><a href="#[45]">inputFuncBack_releaseEvent</a> from fullfunckeyboard.o(i.inputFuncBack_releaseEvent) referenced 2 times from fullfunckeyboard.o(i.CreateFunctionArea)
 <LI><a href="#[44]">inputFuncDelete_releaseEvent</a> from fullfunckeyboard.o(i.inputFuncDelete_releaseEvent) referenced 2 times from fullfunckeyboard.o(i.CreateFunctionArea)
 <LI><a href="#[41]">inputFuncNumber_releaseEvent</a> from fullfunckeyboard.o(i.inputFuncNumber_releaseEvent) referenced from fullfunckeyboard.o(i.CreateFunctionArea)
 <LI><a href="#[46]">inputFuncOK_releaseEvent</a> from fullfunckeyboard.o(i.inputFuncOK_releaseEvent) referenced 2 times from fullfunckeyboard.o(i.CreateFunctionArea)
 <LI><a href="#[42]">inputFuncSpace_releaseEvent</a> from fullfunckeyboard.o(i.inputFuncSpace_releaseEvent) referenced from fullfunckeyboard.o(i.CreateFunctionArea)
 <LI><a href="#[40]">inputFuncSymbol_releaseEvent</a> from fullfunckeyboard.o(i.inputFuncSymbol_releaseEvent) referenced from fullfunckeyboard.o(i.CreateFunctionArea)
 <LI><a href="#[43]">inputFuncascASCchina_releaseEvent</a> from fullfunckeyboard.o(i.inputFuncascASCchina_releaseEvent) referenced from fullfunckeyboard.o(i.CreateFunctionArea)
 <LI><a href="#[3b]">inputString</a> from cominterface.o(i.inputString) referenced from cominterface.o(.constdata)
 <LI><a href="#[7b]">loadData8FromQspi0</a> from y6_xip_write.o(i.loadData8FromQspi0) referenced from flashinterface.o(.constdata)
 <LI><a href="#[3f]">main</a> from y6_init.o(i.$Sub$$main) referenced from entry9a.o(.ARM.Collect$$$$0000000B)
 <LI><a href="#[74]">malloc</a> from mallocr.o(i.__malloc$realloc) referenced from memoryinterface.o(.constdata)
 <LI><a href="#[78]">memcpy</a> from memmove.o(.text) referenced from memoryinterface.o(.constdata)
 <LI><a href="#[77]">memset</a> from memseta.o(.text) referenced from memoryinterface.o(.constdata)
 <LI><a href="#[32]">printChar</a> from systemuart.o(i.printChar) referenced from cominterface.o(.constdata)
 <LI><a href="#[33]">printString</a> from systemuart.o(i.printString) referenced 2 times from cominterface.o(.constdata)
 <LI><a href="#[76]">realloc</a> from mallocr.o(i.realloc) referenced from memoryinterface.o(.constdata)
 <LI><a href="#[6e]">red_led_PageEnterEvent</a> from demotest01.o(i.red_led_PageEnterEvent) referenced from main.o(i.page_init)
 <LI><a href="#[6e]">red_led_PageEnterEvent</a> from demotest01.o(i.red_led_PageEnterEvent) referenced from main.o(i.red_led)
 <LI><a href="#[6e]">red_led_PageEnterEvent</a> from demotest01.o(i.red_led_PageEnterEvent) referenced from main.o(i.red_led2)
 <LI><a href="#[6e]">red_led_PageEnterEvent</a> from demotest01.o(i.red_led_PageEnterEvent) referenced from main.o(i.red_led3)
 <LI><a href="#[6e]">red_led_PageEnterEvent</a> from demotest01.o(i.red_led_PageEnterEvent) referenced from main.o(i.red_led4)
 <LI><a href="#[6e]">red_led_PageEnterEvent</a> from demotest01.o(i.red_led_PageEnterEvent) referenced from main.o(i.rotary_control)
 <LI><a href="#[6f]">red_led_PageEnterEvent2</a> from demotest01.o(i.red_led_PageEnterEvent2) referenced from main.o(i.red_led)
 <LI><a href="#[6f]">red_led_PageEnterEvent2</a> from demotest01.o(i.red_led_PageEnterEvent2) referenced from main.o(i.red_led3)
 <LI><a href="#[6f]">red_led_PageEnterEvent2</a> from demotest01.o(i.red_led_PageEnterEvent2) referenced from main.o(i.rotary_control)
 <LI><a href="#[70]">red_led_timeoutEvent</a> from demotest01.o(i.red_led_timeoutEvent) referenced from demotest01.o(i.red_led_PageEnterEvent)
 <LI><a href="#[71]">red_led_timeoutEvent2</a> from demotest01.o(i.red_led_timeoutEvent2) referenced from demotest01.o(i.red_led_PageEnterEvent2)
 <LI><a href="#[37]">returnInputBuff</a> from cominterface.o(i.returnInputBuff) referenced from cominterface.o(.constdata)
 <LI><a href="#[38]">returnInputLen</a> from cominterface.o(i.returnInputLen) referenced from cominterface.o(.constdata)
 <LI><a href="#[39]">returnInputStatus</a> from cominterface.o(i.returnInputStatus) referenced from cominterface.o(.constdata)
 <LI><a href="#[36]">returnIutputMaxLen</a> from cominterface.o(i.returnIutputMaxLen) referenced from cominterface.o(.constdata)
 <LI><a href="#[35]">returnOutputBuff</a> from cominterface.o(i.returnOutputBuff) referenced from cominterface.o(.constdata)
 <LI><a href="#[34]">returnOutputMaxLen</a> from cominterface.o(i.returnOutputMaxLen) referenced from cominterface.o(.constdata)
 <LI><a href="#[65]">switchAlterBackward_releaseEvent</a> from fullfunckeyboard.o(i.switchAlterBackward_releaseEvent) referenced from fullfunckeyboard.o(i.CreatePreviewArea)
 <LI><a href="#[64]">switchAlterForward_releaseEvent</a> from fullfunckeyboard.o(i.switchAlterForward_releaseEvent) referenced from fullfunckeyboard.o(i.CreatePreviewArea)
 <LI><a href="#[12e]">w_AppendTextBinaryButton</a> from binarybutton.o(i.w_AppendTextBinaryButton) referenced from widgetindex.o(.constdata)
 <LI><a href="#[12c]">w_AppendTextButton</a> from button.o(i.w_AppendTextButton) referenced from widgetindex.o(.constdata)
 <LI><a href="#[12d]">w_AppendTextGvariate</a> from gvariate.o(i.w_AppendTextGvariate) referenced from widgetindex.o(.constdata)
 <LI><a href="#[129]">w_AppendTextNull</a> from widgetindex.o(i.w_AppendTextNull) referenced 16 times from widgetindex.o(.constdata)
 <LI><a href="#[12f]">w_AppendTextQRcodeBox</a> from qrcodebox.o(i.w_AppendTextQRcodeBox) referenced from widgetindex.o(.constdata)
 <LI><a href="#[12b]">w_AppendTextRollTextBox</a> from rolltextbox.o(i.w_AppendTextRollTextBox) referenced from widgetindex.o(.constdata)
 <LI><a href="#[12a]">w_AppendTextTextBox</a> from textbox.o(i.w_AppendTextTextBox) referenced from widgetindex.o(.constdata)
 <LI><a href="#[135]">w_DeleteTextBinaryButton</a> from binarybutton.o(i.w_DeleteTextBinaryButton) referenced from widgetindex.o(.constdata)
 <LI><a href="#[133]">w_DeleteTextButton</a> from button.o(i.w_DeleteTextButton) referenced from widgetindex.o(.constdata)
 <LI><a href="#[134]">w_DeleteTextGvariate</a> from gvariate.o(i.w_DeleteTextGvariate) referenced from widgetindex.o(.constdata)
 <LI><a href="#[130]">w_DeleteTextNull</a> from widgetindex.o(i.w_DeleteTextNull) referenced 16 times from widgetindex.o(.constdata)
 <LI><a href="#[136]">w_DeleteTextQRcodeBox</a> from qrcodebox.o(i.w_DeleteTextQRcodeBox) referenced from widgetindex.o(.constdata)
 <LI><a href="#[132]">w_DeleteTextRollTextBox</a> from rolltextbox.o(i.w_DeleteTextRollTextBox) referenced from widgetindex.o(.constdata)
 <LI><a href="#[131]">w_DeleteTextTextBox</a> from textbox.o(i.w_DeleteTextTextBox) referenced from widgetindex.o(.constdata)
 <LI><a href="#[13c]">w_GetTextBinaryButton</a> from binarybutton.o(i.w_GetTextBinaryButton) referenced from widgetindex.o(.constdata)
 <LI><a href="#[13a]">w_GetTextButton</a> from button.o(i.w_GetTextButton) referenced from widgetindex.o(.constdata)
 <LI><a href="#[13b]">w_GetTextGvariate</a> from gvariate.o(i.w_GetTextGvariate) referenced from widgetindex.o(.constdata)
 <LI><a href="#[137]">w_GetTextNull</a> from widgetindex.o(i.w_GetTextNull) referenced 16 times from widgetindex.o(.constdata)
 <LI><a href="#[13d]">w_GetTextQRcodeBox</a> from qrcodebox.o(i.w_GetTextQRcodeBox) referenced from widgetindex.o(.constdata)
 <LI><a href="#[139]">w_GetTextRollTextBox</a> from rolltextbox.o(i.w_GetTextRollTextBox) referenced from widgetindex.o(.constdata)
 <LI><a href="#[138]">w_GetTextTextBox</a> from textbox.o(i.w_GetTextTextBox) referenced from widgetindex.o(.constdata)
 <LI><a href="#[cd]">w_PressEventBinaryButton</a> from binarybutton.o(i.w_PressEventBinaryButton) referenced from widgetindex.o(.constdata)
 <LI><a href="#[c5]">w_PressEventButton</a> from button.o(i.w_PressEventButton) referenced from widgetindex.o(.constdata)
 <LI><a href="#[c8]">w_PressEventCutPicture</a> from cutpicture.o(i.w_PressEventCutPicture) referenced from widgetindex.o(.constdata)
 <LI><a href="#[c4]">w_PressEventFloatNumberBox</a> from floatnumberbox.o(i.w_PressEventFloatNumberBox) referenced from widgetindex.o(.constdata)
 <LI><a href="#[cb]">w_PressEventGraph</a> from graph.o(i.w_PressEventGraph) referenced from widgetindex.o(.constdata)
 <LI><a href="#[bf]">w_PressEventNULL</a> from widgetindex.o(i.w_PressEventNULL) referenced 3 times from widgetindex.o(.constdata)
 <LI><a href="#[c3]">w_PressEventNumberBox</a> from numberbox.o(i.w_PressEventNumberBox) referenced from widgetindex.o(.constdata)
 <LI><a href="#[ce]">w_PressEventOptionBox</a> from optionbox.o(i.w_PressEventOptionBox) referenced from widgetindex.o(.constdata)
 <LI><a href="#[c0]">w_PressEventPage</a> from page.o(i.w_PressEventPage) referenced from widgetindex.o(.constdata)
 <LI><a href="#[d2]">w_PressEventPicanimation</a> from picanimation.o(i.w_PressEventPicanimation) referenced from widgetindex.o(.constdata)
 <LI><a href="#[c7]">w_PressEventPictureBox</a> from picturebox.o(i.w_PressEventPictureBox) referenced from widgetindex.o(.constdata)
 <LI><a href="#[ca]">w_PressEventPointer</a> from pointer.o(i.w_PressEventPointer) referenced from widgetindex.o(.constdata)
 <LI><a href="#[c6]">w_PressEventProgressBar</a> from progressbar.o(i.w_PressEventProgressBar) referenced from widgetindex.o(.constdata)
 <LI><a href="#[cf]">w_PressEventQRcodeBox</a> from qrcodebox.o(i.w_PressEventQRcodeBox) referenced from widgetindex.o(.constdata)
 <LI><a href="#[c2]">w_PressEventRollTextBox</a> from rolltextbox.o(i.w_PressEventRollTextBox) referenced from widgetindex.o(.constdata)
 <LI><a href="#[d1]">w_PressEventRoundSlider</a> from roundslider.o(i.w_PressEventRoundSlider) referenced from widgetindex.o(.constdata)
 <LI><a href="#[cc]">w_PressEventSlider</a> from slider.o(i.w_PressEventSlider) referenced from widgetindex.o(.constdata)
 <LI><a href="#[c1]">w_PressEventTextBox</a> from textbox.o(i.w_PressEventTextBox) referenced from widgetindex.o(.constdata)
 <LI><a href="#[c9]">w_PressEventTouchArea</a> from toucharea.o(i.w_PressEventTouchArea) referenced from widgetindex.o(.constdata)
 <LI><a href="#[d0]">w_PressEventVirtualGif</a> from virtualgif.o(i.w_PressEventVirtualGif) referenced from widgetindex.o(.constdata)
 <LI><a href="#[e1]">w_ReleaseEventBinaryButton</a> from binarybutton.o(i.w_ReleaseEventBinaryButton) referenced from widgetindex.o(.constdata)
 <LI><a href="#[d9]">w_ReleaseEventButton</a> from button.o(i.w_ReleaseEventButton) referenced from widgetindex.o(.constdata)
 <LI><a href="#[dc]">w_ReleaseEventCutPicture</a> from cutpicture.o(i.w_ReleaseEventCutPicture) referenced from widgetindex.o(.constdata)
 <LI><a href="#[d8]">w_ReleaseEventFloatNumberBox</a> from floatnumberbox.o(i.w_ReleaseEventFloatNumberBox) referenced from widgetindex.o(.constdata)
 <LI><a href="#[df]">w_ReleaseEventGraph</a> from graph.o(i.w_ReleaseEventGraph) referenced from widgetindex.o(.constdata)
 <LI><a href="#[d3]">w_ReleaseEventNULL</a> from widgetindex.o(i.w_ReleaseEventNULL) referenced 3 times from widgetindex.o(.constdata)
 <LI><a href="#[d7]">w_ReleaseEventNumberBox</a> from numberbox.o(i.w_ReleaseEventNumberBox) referenced from widgetindex.o(.constdata)
 <LI><a href="#[e2]">w_ReleaseEventOptionBox</a> from optionbox.o(i.w_ReleaseEventOptionBox) referenced from widgetindex.o(.constdata)
 <LI><a href="#[d4]">w_ReleaseEventPage</a> from page.o(i.w_ReleaseEventPage) referenced from widgetindex.o(.constdata)
 <LI><a href="#[e6]">w_ReleaseEventPicanimation</a> from picanimation.o(i.w_ReleaseEventPicanimation) referenced from widgetindex.o(.constdata)
 <LI><a href="#[db]">w_ReleaseEventPictureBox</a> from picturebox.o(i.w_ReleaseEventPictureBox) referenced from widgetindex.o(.constdata)
 <LI><a href="#[de]">w_ReleaseEventPointer</a> from pointer.o(i.w_ReleaseEventPointer) referenced from widgetindex.o(.constdata)
 <LI><a href="#[da]">w_ReleaseEventProgressBar</a> from progressbar.o(i.w_ReleaseEventProgressBar) referenced from widgetindex.o(.constdata)
 <LI><a href="#[e3]">w_ReleaseEventQRcodeBox</a> from qrcodebox.o(i.w_ReleaseEventQRcodeBox) referenced from widgetindex.o(.constdata)
 <LI><a href="#[d6]">w_ReleaseEventRollTextBox</a> from rolltextbox.o(i.w_ReleaseEventRollTextBox) referenced from widgetindex.o(.constdata)
 <LI><a href="#[e5]">w_ReleaseEventRoundSlider</a> from roundslider.o(i.w_ReleaseEventRoundSlider) referenced from widgetindex.o(.constdata)
 <LI><a href="#[e0]">w_ReleaseEventSlider</a> from slider.o(i.w_ReleaseEventSlider) referenced from widgetindex.o(.constdata)
 <LI><a href="#[d5]">w_ReleaseEventTextBox</a> from textbox.o(i.w_ReleaseEventTextBox) referenced from widgetindex.o(.constdata)
 <LI><a href="#[dd]">w_ReleaseEventTouchArea</a> from toucharea.o(i.w_ReleaseEventTouchArea) referenced from widgetindex.o(.constdata)
 <LI><a href="#[e4]">w_ReleaseEventVirtualGif</a> from virtualgif.o(i.w_ReleaseEventVirtualGif) referenced from widgetindex.o(.constdata)
 <LI><a href="#[144]">w_SetPictureIDCutPicture</a> from cutpicture.o(i.w_SetPictureIDCutPicture) referenced from widgetindex.o(.constdata)
 <LI><a href="#[142]">w_SetPictureIDFloatNumbertBox</a> from floatnumberbox.o(i.w_SetPictureIDFloatNumbertBox) referenced from widgetindex.o(.constdata)
 <LI><a href="#[146]">w_SetPictureIDGraph</a> from graph.o(i.w_SetPictureIDGraph) referenced from widgetindex.o(.constdata)
 <LI><a href="#[13e]">w_SetPictureIDNull</a> from widgetindex.o(i.w_SetPictureIDNull) referenced 13 times from widgetindex.o(.constdata)
 <LI><a href="#[141]">w_SetPictureIDNumbertBox</a> from numberbox.o(i.w_SetPictureIDNumbertBox) referenced from widgetindex.o(.constdata)
 <LI><a href="#[147]">w_SetPictureIDPicanimation</a> from picanimation.o(i.w_SetPictureIDPicanimation) referenced from widgetindex.o(.constdata)
 <LI><a href="#[143]">w_SetPictureIDPictureBox</a> from picturebox.o(i.w_SetPictureIDPictureBox) referenced from widgetindex.o(.constdata)
 <LI><a href="#[145]">w_SetPictureIDPointer</a> from pointer.o(i.w_SetPictureIDPointer) referenced from widgetindex.o(.constdata)
 <LI><a href="#[140]">w_SetPictureIDRollTextBox</a> from rolltextbox.o(i.w_SetPictureIDRollTextBox) referenced from widgetindex.o(.constdata)
 <LI><a href="#[13f]">w_SetPictureIDTextBox</a> from textbox.o(i.w_SetPictureIDTextBox) referenced from widgetindex.o(.constdata)
 <LI><a href="#[127]">w_SetTextBinaryButton</a> from binarybutton.o(i.w_SetTextBinaryButton) referenced from widgetindex.o(.constdata)
 <LI><a href="#[125]">w_SetTextButton</a> from button.o(i.w_SetTextButton) referenced from widgetindex.o(.constdata)
 <LI><a href="#[124]">w_SetTextFloatNumbertBox</a> from floatnumberbox.o(i.w_SetTextFloatNumbertBox) referenced from widgetindex.o(.constdata)
 <LI><a href="#[126]">w_SetTextGvariate</a> from gvariate.o(i.w_SetTextGvariate) referenced from widgetindex.o(.constdata)
 <LI><a href="#[120]">w_SetTextNull</a> from widgetindex.o(i.w_SetTextNull) referenced 14 times from widgetindex.o(.constdata)
 <LI><a href="#[123]">w_SetTextNumbertBox</a> from numberbox.o(i.w_SetTextNumbertBox) referenced from widgetindex.o(.constdata)
 <LI><a href="#[128]">w_SetTextQRcodeBox</a> from qrcodebox.o(i.w_SetTextQRcodeBox) referenced from widgetindex.o(.constdata)
 <LI><a href="#[122]">w_SetTextRollTextBox</a> from rolltextbox.o(i.w_SetTextRollTextBox) referenced from widgetindex.o(.constdata)
 <LI><a href="#[121]">w_SetTextTextBox</a> from textbox.o(i.w_SetTextTextBox) referenced from widgetindex.o(.constdata)
 <LI><a href="#[e7]">w_SlidEventNULL</a> from widgetindex.o(i.w_SlidEventNULL) referenced 20 times from widgetindex.o(.constdata)
 <LI><a href="#[e9]">w_SlidEventRoundSlider</a> from roundslider.o(i.w_SlidEventRoundSlider) referenced from widgetindex.o(.constdata)
 <LI><a href="#[e8]">w_SlidEventSlider</a> from slider.o(i.w_SlidEventSlider) referenced from widgetindex.o(.constdata)
 <LI><a href="#[107]">w_TimeOutEventGtimer</a> from gtimer.o(i.w_TimeOutEventGtimer) referenced from widgetindex.o(.constdata)
 <LI><a href="#[105]">w_TimeOutEventNULL</a> from widgetindex.o(i.w_TimeOutEventNULL) referenced 18 times from widgetindex.o(.constdata)
 <LI><a href="#[109]">w_TimeOutEventPicanimation</a> from picanimation.o(i.w_TimeOutEventPicanimation) referenced from widgetindex.o(.constdata)
 <LI><a href="#[106]">w_TimeOutEventRollTextBox</a> from rolltextbox.o(i.w_TimeOutEventRollTextBox) referenced from widgetindex.o(.constdata)
 <LI><a href="#[108]">w_TimeOutEventVirtualGif</a> from virtualgif.o(i.w_TimeOutEventVirtualGif) referenced from widgetindex.o(.constdata)
 <LI><a href="#[b9]">w_UpdateEventBinaryButton</a> from binarybutton.o(i.w_UpdateEventBinaryButton) referenced from widgetindex.o(.constdata)
 <LI><a href="#[b2]">w_UpdateEventButton</a> from button.o(i.w_UpdateEventButton) referenced from widgetindex.o(.constdata)
 <LI><a href="#[b5]">w_UpdateEventCutPicture</a> from cutpicture.o(i.w_UpdateEventCutPicture) referenced from widgetindex.o(.constdata)
 <LI><a href="#[b1]">w_UpdateEventFloatNumberBox</a> from floatnumberbox.o(i.w_UpdateEventFloatNumberBox) referenced from widgetindex.o(.constdata)
 <LI><a href="#[b7]">w_UpdateEventGraph</a> from graph.o(i.w_UpdateEventGraph) referenced from widgetindex.o(.constdata)
 <LI><a href="#[ac]">w_UpdateEventNULL</a> from widgetindex.o(i.w_UpdateEventNULL) referenced 4 times from widgetindex.o(.constdata)
 <LI><a href="#[b0]">w_UpdateEventNumberBox</a> from numberbox.o(i.w_UpdateEventNumberBox) referenced from widgetindex.o(.constdata)
 <LI><a href="#[ba]">w_UpdateEventOptionBox</a> from optionbox.o(i.w_UpdateEventOptionBox) referenced from widgetindex.o(.constdata)
 <LI><a href="#[ad]">w_UpdateEventPage</a> from page.o(i.w_UpdateEventPage) referenced from widgetindex.o(.constdata)
 <LI><a href="#[be]">w_UpdateEventPicanimation</a> from picanimation.o(i.w_UpdateEventPicanimation) referenced from widgetindex.o(.constdata)
 <LI><a href="#[b4]">w_UpdateEventPictureBox</a> from picturebox.o(i.w_UpdateEventPictureBox) referenced from widgetindex.o(.constdata)
 <LI><a href="#[b6]">w_UpdateEventPointer</a> from pointer.o(i.w_UpdateEventPointer) referenced from widgetindex.o(.constdata)
 <LI><a href="#[b3]">w_UpdateEventProgressBar</a> from progressbar.o(i.w_UpdateEventProgressBar) referenced from widgetindex.o(.constdata)
 <LI><a href="#[bb]">w_UpdateEventQRcodeBox</a> from qrcodebox.o(i.w_UpdateEventQRcodeBox) referenced from widgetindex.o(.constdata)
 <LI><a href="#[af]">w_UpdateEventRollTextBox</a> from rolltextbox.o(i.w_UpdateEventRollTextBox) referenced from widgetindex.o(.constdata)
 <LI><a href="#[bd]">w_UpdateEventRoundSlider</a> from roundslider.o(i.w_UpdateEventRoundSlider) referenced from widgetindex.o(.constdata)
 <LI><a href="#[b8]">w_UpdateEventSlider</a> from slider.o(i.w_UpdateEventSlider) referenced from widgetindex.o(.constdata)
 <LI><a href="#[ae]">w_UpdateEventTextBox</a> from textbox.o(i.w_UpdateEventTextBox) referenced from widgetindex.o(.constdata)
 <LI><a href="#[bc]">w_UpdateEventVirtualGif</a> from virtualgif.o(i.w_UpdateEventVirtualGif) referenced from widgetindex.o(.constdata)
 <LI><a href="#[93]">w_createBinaryButton</a> from binarybutton.o(i.w_createBinaryButton) referenced from widgetindex.o(.constdata)
 <LI><a href="#[89]">w_createButton</a> from button.o(i.w_createButton) referenced from widgetindex.o(.constdata)
 <LI><a href="#[8c]">w_createCutPicture</a> from cutpicture.o(i.w_createCutPicture) referenced from widgetindex.o(.constdata)
 <LI><a href="#[88]">w_createFloatNumberBox</a> from floatnumberbox.o(i.w_createFloatNumberBox) referenced from widgetindex.o(.constdata)
 <LI><a href="#[8f]">w_createGraph</a> from graph.o(i.w_createGraph) referenced from widgetindex.o(.constdata)
 <LI><a href="#[91]">w_createGtimer</a> from gtimer.o(i.w_createGtimer) referenced from widgetindex.o(.constdata)
 <LI><a href="#[92]">w_createGvariate</a> from gvariate.o(i.w_createGvariate) referenced from widgetindex.o(.constdata)
 <LI><a href="#[83]">w_createNULL</a> from widgetindex.o(i.w_createNULL) referenced from widgetindex.o(.constdata)
 <LI><a href="#[87]">w_createNumberBox</a> from numberbox.o(i.w_createNumberBox) referenced from widgetindex.o(.constdata)
 <LI><a href="#[94]">w_createOptionBox</a> from optionbox.o(i.w_createOptionBox) referenced from widgetindex.o(.constdata)
 <LI><a href="#[84]">w_createPage</a> from page.o(i.w_createPage) referenced from widgetindex.o(.constdata)
 <LI><a href="#[98]">w_createPicanimation</a> from picanimation.o(i.w_createPicanimation) referenced from widgetindex.o(.constdata)
 <LI><a href="#[8b]">w_createPictureBox</a> from picturebox.o(i.w_createPictureBox) referenced from widgetindex.o(.constdata)
 <LI><a href="#[8e]">w_createPointer</a> from pointer.o(i.w_createPointer) referenced from widgetindex.o(.constdata)
 <LI><a href="#[8a]">w_createProgressBar</a> from progressbar.o(i.w_createProgressBar) referenced from widgetindex.o(.constdata)
 <LI><a href="#[95]">w_createQRcodeBox</a> from qrcodebox.o(i.w_createQRcodeBox) referenced from widgetindex.o(.constdata)
 <LI><a href="#[86]">w_createRollTextBox</a> from rolltextbox.o(i.w_createRollTextBox) referenced from widgetindex.o(.constdata)
 <LI><a href="#[97]">w_createRoundSlider</a> from roundslider.o(i.w_createRoundSlider) referenced from widgetindex.o(.constdata)
 <LI><a href="#[90]">w_createSlider</a> from slider.o(i.w_createSlider) referenced from widgetindex.o(.constdata)
 <LI><a href="#[85]">w_createTextBox</a> from textbox.o(i.w_createTextBox) referenced from widgetindex.o(.constdata)
 <LI><a href="#[8d]">w_createTouchArea</a> from toucharea.o(i.w_createTouchArea) referenced from widgetindex.o(.constdata)
 <LI><a href="#[96]">w_createVirtualGif</a> from virtualgif.o(i.w_createVirtualGif) referenced from widgetindex.o(.constdata)
 <LI><a href="#[fa]">w_deleteBinaryButton</a> from binarybutton.o(i.w_deleteBinaryButton) referenced from widgetindex.o(.constdata)
 <LI><a href="#[f0]">w_deleteButton</a> from button.o(i.w_deleteButton) referenced from widgetindex.o(.constdata)
 <LI><a href="#[f3]">w_deleteCutPicture</a> from cutpicture.o(i.w_deleteCutPicture) referenced from widgetindex.o(.constdata)
 <LI><a href="#[ef]">w_deleteFloatNumberBox</a> from floatnumberbox.o(i.w_deleteFloatNumberBox) referenced from widgetindex.o(.constdata)
 <LI><a href="#[f6]">w_deleteGraph</a> from graph.o(i.w_deleteGraph) referenced from widgetindex.o(.constdata)
 <LI><a href="#[f8]">w_deleteGtimer</a> from gtimer.o(i.w_deleteGtimer) referenced from widgetindex.o(.constdata)
 <LI><a href="#[f9]">w_deleteGvariate</a> from gvariate.o(i.w_deleteGvariate) referenced from widgetindex.o(.constdata)
 <LI><a href="#[ea]">w_deleteNULL</a> from widgetindex.o(i.w_deleteNULL) referenced from widgetindex.o(.constdata)
 <LI><a href="#[ee]">w_deleteNumberBox</a> from numberbox.o(i.w_deleteNumberBox) referenced from widgetindex.o(.constdata)
 <LI><a href="#[fb]">w_deleteOptionBox</a> from optionbox.o(i.w_deleteOptionBox) referenced from widgetindex.o(.constdata)
 <LI><a href="#[eb]">w_deletePage</a> from page.o(i.w_deletePage) referenced from widgetindex.o(.constdata)
 <LI><a href="#[ff]">w_deletePicanimation</a> from picanimation.o(i.w_deletePicanimation) referenced from widgetindex.o(.constdata)
 <LI><a href="#[f2]">w_deletePictureBox</a> from picturebox.o(i.w_deletePictureBox) referenced from widgetindex.o(.constdata)
 <LI><a href="#[f5]">w_deletePointer</a> from pointer.o(i.w_deletePointer) referenced from widgetindex.o(.constdata)
 <LI><a href="#[f1]">w_deleteProgressBar</a> from progressbar.o(i.w_deleteProgressBar) referenced from widgetindex.o(.constdata)
 <LI><a href="#[fc]">w_deleteQRcodeBox</a> from qrcodebox.o(i.w_deleteQRcodeBox) referenced from widgetindex.o(.constdata)
 <LI><a href="#[ed]">w_deleteRollTextBox</a> from rolltextbox.o(i.w_deleteRollTextBox) referenced from widgetindex.o(.constdata)
 <LI><a href="#[fe]">w_deleteRoundSlider</a> from roundslider.o(i.w_deleteRoundSlider) referenced from widgetindex.o(.constdata)
 <LI><a href="#[f7]">w_deleteSlider</a> from slider.o(i.w_deleteSlider) referenced from widgetindex.o(.constdata)
 <LI><a href="#[ec]">w_deleteTextBox</a> from textbox.o(i.w_deleteTextBox) referenced from widgetindex.o(.constdata)
 <LI><a href="#[f4]">w_deleteTouchArea</a> from toucharea.o(i.w_deleteTouchArea) referenced from widgetindex.o(.constdata)
 <LI><a href="#[fd]">w_deleteVirtualGif</a> from virtualgif.o(i.w_deleteVirtualGif) referenced from widgetindex.o(.constdata)
 <LI><a href="#[a6]">w_dispBinaryButton</a> from binarybutton.o(i.w_dispBinaryButton) referenced from widgetindex.o(.constdata)
 <LI><a href="#[9f]">w_dispButton</a> from button.o(i.w_dispButton) referenced from widgetindex.o(.constdata)
 <LI><a href="#[a2]">w_dispCutPicture</a> from cutpicture.o(i.w_dispCutPicture) referenced from widgetindex.o(.constdata)
 <LI><a href="#[9e]">w_dispFloatNumberBox</a> from floatnumberbox.o(i.w_dispFloatNumberBox) referenced from widgetindex.o(.constdata)
 <LI><a href="#[a4]">w_dispGraph</a> from graph.o(i.w_dispGraph) referenced from widgetindex.o(.constdata)
 <LI><a href="#[99]">w_dispNULL</a> from widgetindex.o(i.w_dispNULL) referenced 4 times from widgetindex.o(.constdata)
 <LI><a href="#[9d]">w_dispNumberBox</a> from numberbox.o(i.w_dispNumberBox) referenced from widgetindex.o(.constdata)
 <LI><a href="#[a7]">w_dispOptionBox</a> from optionbox.o(i.w_dispOptionBox) referenced from widgetindex.o(.constdata)
 <LI><a href="#[9a]">w_dispPage</a> from page.o(i.w_dispPage) referenced from widgetindex.o(.constdata)
 <LI><a href="#[ab]">w_dispPicanimation</a> from picanimation.o(i.w_dispPicanimation) referenced from widgetindex.o(.constdata)
 <LI><a href="#[a1]">w_dispPictureBox</a> from picturebox.o(i.w_dispPictureBox) referenced from widgetindex.o(.constdata)
 <LI><a href="#[a3]">w_dispPointer</a> from pointer.o(i.w_dispPointer) referenced from widgetindex.o(.constdata)
 <LI><a href="#[a0]">w_dispProgressBar</a> from progressbar.o(i.w_dispProgressBar) referenced from widgetindex.o(.constdata)
 <LI><a href="#[a8]">w_dispQRcodeBox</a> from qrcodebox.o(i.w_dispQRcodeBox) referenced from widgetindex.o(.constdata)
 <LI><a href="#[9c]">w_dispRollTextBox</a> from rolltextbox.o(i.w_dispRollTextBox) referenced from widgetindex.o(.constdata)
 <LI><a href="#[aa]">w_dispRoundSlider</a> from roundslider.o(i.w_dispRoundSlider) referenced from widgetindex.o(.constdata)
 <LI><a href="#[a5]">w_dispSlider</a> from slider.o(i.w_dispSlider) referenced from widgetindex.o(.constdata)
 <LI><a href="#[9b]">w_dispTextBox</a> from textbox.o(i.w_dispTextBox) referenced from widgetindex.o(.constdata)
 <LI><a href="#[a9]">w_dispVirtualGif</a> from virtualgif.o(i.w_dispVirtualGif) referenced from widgetindex.o(.constdata)
 <LI><a href="#[11a]">w_registerBinaryButtonEvent</a> from binarybutton.o(i.w_registerBinaryButtonEvent) referenced from widgetindex.o(.constdata)
 <LI><a href="#[110]">w_registerButtonEvent</a> from button.o(i.w_registerButtonEvent) referenced from widgetindex.o(.constdata)
 <LI><a href="#[113]">w_registerCutPictureEvent</a> from cutpicture.o(i.w_registerCutPictureEvent) referenced from widgetindex.o(.constdata)
 <LI><a href="#[10f]">w_registerFloatNumberBoxEvent</a> from floatnumberbox.o(i.w_registerFloatNumberBoxEvent) referenced from widgetindex.o(.constdata)
 <LI><a href="#[116]">w_registerGraphEvent</a> from graph.o(i.w_registerGraphEvent) referenced from widgetindex.o(.constdata)
 <LI><a href="#[118]">w_registerGtimerEvent</a> from gtimer.o(i.w_registerGtimerEvent) referenced from widgetindex.o(.constdata)
 <LI><a href="#[119]">w_registerGvariateEvent</a> from gvariate.o(i.w_registerGvariateEvent) referenced from widgetindex.o(.constdata)
 <LI><a href="#[10a]">w_registerNullEvent</a> from widgetindex.o(i.w_registerNullEvent) referenced from widgetindex.o(.constdata)
 <LI><a href="#[10e]">w_registerNumberBoxEvent</a> from numberbox.o(i.w_registerNumberBoxEvent) referenced from widgetindex.o(.constdata)
 <LI><a href="#[11b]">w_registerOptionBoxEvent</a> from optionbox.o(i.w_registerOptionBoxEvent) referenced from widgetindex.o(.constdata)
 <LI><a href="#[10b]">w_registerPageEvent</a> from page.o(i.w_registerPageEvent) referenced from widgetindex.o(.constdata)
 <LI><a href="#[11f]">w_registerPicanimationEvent</a> from picanimation.o(i.w_registerPicanimationEvent) referenced from widgetindex.o(.constdata)
 <LI><a href="#[112]">w_registerPictureBoxEvent</a> from picturebox.o(i.w_registerPictureBoxEvent) referenced from widgetindex.o(.constdata)
 <LI><a href="#[115]">w_registerPointerEvent</a> from pointer.o(i.w_registerPointerEvent) referenced from widgetindex.o(.constdata)
 <LI><a href="#[111]">w_registerProgressBarEvent</a> from progressbar.o(i.w_registerProgressBarEvent) referenced from widgetindex.o(.constdata)
 <LI><a href="#[11c]">w_registerQRcodeBoxEvent</a> from qrcodebox.o(i.w_registerQRcodeBoxEvent) referenced from widgetindex.o(.constdata)
 <LI><a href="#[10d]">w_registerRollTextBoxEvent</a> from rolltextbox.o(i.w_registerRollTextBoxEvent) referenced from widgetindex.o(.constdata)
 <LI><a href="#[11e]">w_registerRoundSliderEvent</a> from roundslider.o(i.w_registerRoundSliderEvent) referenced from widgetindex.o(.constdata)
 <LI><a href="#[117]">w_registerSliderEvent</a> from slider.o(i.w_registerSliderEvent) referenced from widgetindex.o(.constdata)
 <LI><a href="#[10c]">w_registerTextBoxEvent</a> from textbox.o(i.w_registerTextBoxEvent) referenced from widgetindex.o(.constdata)
 <LI><a href="#[114]">w_registerTouchAreaEvent</a> from toucharea.o(i.w_registerTouchAreaEvent) referenced from widgetindex.o(.constdata)
 <LI><a href="#[11d]">w_registerVirtualGifEvent</a> from virtualgif.o(i.w_registerVirtualGifEvent) referenced from widgetindex.o(.constdata)
 <LI><a href="#[102]">widget_TimeoutAdjustGtimer</a> from gtimer.o(i.widget_TimeoutAdjustGtimer) referenced from widgetindex.o(.constdata)
 <LI><a href="#[100]">widget_TimeoutAdjustNULL</a> from widgetindex.o(i.widget_TimeoutAdjustNULL) referenced 18 times from widgetindex.o(.constdata)
 <LI><a href="#[104]">widget_TimeoutAdjustPicanimation</a> from picanimation.o(i.widget_TimeoutAdjustPicanimation) referenced from widgetindex.o(.constdata)
 <LI><a href="#[101]">widget_TimeoutAdjustRollTextBox</a> from rolltextbox.o(i.widget_TimeoutAdjustRollTextBox) referenced from widgetindex.o(.constdata)
 <LI><a href="#[103]">widget_TimeoutAdjustVirtualGif</a> from virtualgif.o(i.widget_TimeoutAdjustVirtualGif) referenced from widgetindex.o(.constdata)
</UL>
<P>
<H3>
Global Symbols
</H3>
<P><STRONG><a name="[0]"></a>Reset_Handler</STRONG> (Thumb, 8 bytes, Stack size 0 bytes, startup_y6.o(.text))
<BR>[Address Reference Count : 1]<UL><LI> startup_y6.o(RESET)
</UL>
<P><STRONG><a name="[1]"></a>NMI_Handler</STRONG> (Thumb, 2 bytes, Stack size 0 bytes, startup_y6.o(.text))
<BR><BR>[Calls]<UL><LI><a href="#[1]">&gt;&gt;</a>&nbsp;&nbsp;&nbsp;NMI_Handler
</UL>
<BR>[Called By]<UL><LI><a href="#[1]">&gt;&gt;</a>&nbsp;&nbsp;&nbsp;NMI_Handler
</UL>
<BR>[Address Reference Count : 1]<UL><LI> startup_y6.o(RESET)
</UL>
<P><STRONG><a name="[19]"></a>ADC0_IRQHandler</STRONG> (Thumb, 0 bytes, Stack size 0 bytes, startup_y6.o(.text))
<BR><BR>[Calls]<UL><LI><a href="#[19]">&gt;&gt;</a>&nbsp;&nbsp;&nbsp;ADC0_IRQHandler
</UL>
<BR>[Called By]<UL><LI><a href="#[19]">&gt;&gt;</a>&nbsp;&nbsp;&nbsp;ADC0_IRQHandler
</UL>
<BR>[Address Reference Count : 1]<UL><LI> startup_y6.o(RESET)
</UL>
<P><STRONG><a name="[1e]"></a>BITCOPY_IRQHandler</STRONG> (Thumb, 0 bytes, Stack size 0 bytes, startup_y6.o(.text))
<BR>[Address Reference Count : 1]<UL><LI> startup_y6.o(RESET)
</UL>
<P><STRONG><a name="[1a]"></a>BOD_IRQHandler</STRONG> (Thumb, 0 bytes, Stack size 0 bytes, startup_y6.o(.text))
<BR>[Address Reference Count : 1]<UL><LI> startup_y6.o(RESET)
</UL>
<P><STRONG><a name="[1b]"></a>BOR_IRQHandler</STRONG> (Thumb, 0 bytes, Stack size 0 bytes, startup_y6.o(.text))
<BR>[Address Reference Count : 1]<UL><LI> startup_y6.o(RESET)
</UL>
<P><STRONG><a name="[1c]"></a>CMP_IRQHandler</STRONG> (Thumb, 0 bytes, Stack size 0 bytes, startup_y6.o(.text))
<BR>[Address Reference Count : 1]<UL><LI> startup_y6.o(RESET)
</UL>
<P><STRONG><a name="[11]"></a>I2C0_IRQHandler</STRONG> (Thumb, 0 bytes, Stack size 0 bytes, startup_y6.o(.text))
<BR>[Address Reference Count : 1]<UL><LI> startup_y6.o(RESET)
</UL>
<P><STRONG><a name="[1d]"></a>LED_IRQHandler</STRONG> (Thumb, 0 bytes, Stack size 0 bytes, startup_y6.o(.text))
<BR>[Address Reference Count : 1]<UL><LI> startup_y6.o(RESET)
</UL>
<P><STRONG><a name="[13]"></a>QSPI0_IRQHandler</STRONG> (Thumb, 0 bytes, Stack size 0 bytes, startup_y6.o(.text))
<BR>[Address Reference Count : 1]<UL><LI> startup_y6.o(RESET)
</UL>
<P><STRONG><a name="[14]"></a>QSPI1_IRQHandler</STRONG> (Thumb, 0 bytes, Stack size 0 bytes, startup_y6.o(.text))
<BR>[Address Reference Count : 1]<UL><LI> startup_y6.o(RESET)
</UL>
<P><STRONG><a name="[15]"></a>QSPI2_IRQHandler</STRONG> (Thumb, 0 bytes, Stack size 0 bytes, startup_y6.o(.text))
<BR>[Address Reference Count : 1]<UL><LI> startup_y6.o(RESET)
</UL>
<P><STRONG><a name="[b]"></a>RTC_IRQHandler</STRONG> (Thumb, 0 bytes, Stack size 0 bytes, startup_y6.o(.text))
<BR>[Address Reference Count : 1]<UL><LI> startup_y6.o(RESET)
</UL>
<P><STRONG><a name="[8]"></a>TIM15_IRQHandler</STRONG> (Thumb, 0 bytes, Stack size 0 bytes, startup_y6.o(.text))
<BR>[Address Reference Count : 1]<UL><LI> startup_y6.o(RESET)
</UL>
<P><STRONG><a name="[7]"></a>TIM1_IRQHandler</STRONG> (Thumb, 0 bytes, Stack size 0 bytes, startup_y6.o(.text))
<BR>[Address Reference Count : 1]<UL><LI> startup_y6.o(RESET)
</UL>
<P><STRONG><a name="[f]"></a>UART0_IRQHandler</STRONG> (Thumb, 0 bytes, Stack size 0 bytes, startup_y6.o(.text))
<BR>[Address Reference Count : 1]<UL><LI> startup_y6.o(RESET)
</UL>
<P><STRONG><a name="[10]"></a>UART1_IRQHandler</STRONG> (Thumb, 0 bytes, Stack size 0 bytes, startup_y6.o(.text))
<BR>[Address Reference Count : 1]<UL><LI> startup_y6.o(RESET)
</UL>
<P><STRONG><a name="[d]"></a>USB0_DMA_IRQHandler</STRONG> (Thumb, 0 bytes, Stack size 0 bytes, startup_y6.o(.text))
<BR>[Address Reference Count : 1]<UL><LI> startup_y6.o(RESET)
</UL>
<P><STRONG><a name="[c]"></a>USB0_IRQHandler</STRONG> (Thumb, 0 bytes, Stack size 0 bytes, startup_y6.o(.text))
<BR>[Address Reference Count : 1]<UL><LI> startup_y6.o(RESET)
</UL>
<P><STRONG><a name="[6]"></a>WKT_IRQHandler</STRONG> (Thumb, 0 bytes, Stack size 0 bytes, startup_y6.o(.text))
<BR>[Address Reference Count : 1]<UL><LI> startup_y6.o(RESET)
</UL>
<P><STRONG><a name="[17]"></a>GPIO0_IRQHandler</STRONG> (Thumb, 2 bytes, Stack size 0 bytes, y6_it.o(i.GPIO0_IRQHandler))
<BR>[Address Reference Count : 1]<UL><LI> startup_y6.o(RESET)
</UL>
<P><STRONG><a name="[18]"></a>GPIO1_IRQHandler</STRONG> (Thumb, 2 bytes, Stack size 0 bytes, y6_it.o(i.GPIO1_IRQHandler))
<BR>[Address Reference Count : 1]<UL><LI> startup_y6.o(RESET)
</UL>
<P><STRONG><a name="[2]"></a>HardFault_Handler</STRONG> (Thumb, 8 bytes, Stack size 0 bytes, y6_it.o(i.HardFault_Handler))
<BR><BR>[Stack]<UL><LI>Max Depth = 24<LI>Call Chain = HardFault_Handler &rArr; __2printf
</UL>
<BR>[Calls]<UL><LI><a href="#[16a]">&gt;&gt;</a>&nbsp;&nbsp;&nbsp;__2printf
</UL>
<BR>[Address Reference Count : 1]<UL><LI> startup_y6.o(RESET)
</UL>
<P><STRONG><a name="[181]"></a>LCD_CLS</STRONG> (Thumb, 42 bytes, Stack size 16 bytes, lcddriver.o(i.LCD_CLS))
<BR><BR>[Stack]<UL><LI>Max Depth = 16<LI>Call Chain = LCD_CLS
</UL>
<BR>[Called By]<UL><LI><a href="#[17c]">&gt;&gt;</a>&nbsp;&nbsp;&nbsp;Display_fail
</UL>

<P><STRONG><a name="[4]"></a>PendSV_Handler</STRONG> (Thumb, 2 bytes, Stack size 0 bytes, y6_it.o(i.PendSV_Handler))
<BR>[Address Reference Count : 1]<UL><LI> startup_y6.o(RESET)
</UL>
<P><STRONG><a name="[271]"></a>QSPIDMA_ReadBytes</STRONG> (Thumb, 150 bytes, Stack size 16 bytes, qspidma.o(i.QSPIDMA_ReadBytes))
<BR><BR>[Stack]<UL><LI>Max Depth = 16<LI>Call Chain = QSPIDMA_ReadBytes
</UL>
<BR>[Called By]<UL><LI><a href="#[269]">&gt;&gt;</a>&nbsp;&nbsp;&nbsp;TransferData_FlashToLcd
</UL>

<P><STRONG><a name="[26c]"></a>QSPIDMA_SendBytes</STRONG> (Thumb, 156 bytes, Stack size 16 bytes, qspidma.o(i.QSPIDMA_SendBytes))
<BR><BR>[Stack]<UL><LI>Max Depth = 16<LI>Call Chain = QSPIDMA_SendBytes
</UL>
<BR>[Called By]<UL><LI><a href="#[267]">&gt;&gt;</a>&nbsp;&nbsp;&nbsp;TransferData_SramToLcd
<LI><a href="#[269]">&gt;&gt;</a>&nbsp;&nbsp;&nbsp;TransferData_FlashToLcd
<LI><a href="#[2f]">&gt;&gt;</a>&nbsp;&nbsp;&nbsp;LCD_Fill_UsePartContinuousData
<LI><a href="#[2d]">&gt;&gt;</a>&nbsp;&nbsp;&nbsp;LCD_Fill_UseOneData
<LI><a href="#[30]">&gt;&gt;</a>&nbsp;&nbsp;&nbsp;LCD_Fill_UseContinuousDataSplitBit
<LI><a href="#[270]">&gt;&gt;</a>&nbsp;&nbsp;&nbsp;flash_ConfigReadFlashMsg
<LI><a href="#[268]">&gt;&gt;</a>&nbsp;&nbsp;&nbsp;enter_XIPCritical
<LI><a href="#[21]">&gt;&gt;</a>&nbsp;&nbsp;&nbsp;LCD_Write_DATA
<LI><a href="#[23]">&gt;&gt;</a>&nbsp;&nbsp;&nbsp;LCD_Write_CMD
</UL>

<P><STRONG><a name="[26b]"></a>QSPIDMA_WaitEnd</STRONG> (Thumb, 58 bytes, Stack size 12 bytes, qspidma.o(i.QSPIDMA_WaitEnd))
<BR><BR>[Stack]<UL><LI>Max Depth = 12<LI>Call Chain = QSPIDMA_WaitEnd
</UL>
<BR>[Called By]<UL><LI><a href="#[267]">&gt;&gt;</a>&nbsp;&nbsp;&nbsp;TransferData_SramToLcd
<LI><a href="#[269]">&gt;&gt;</a>&nbsp;&nbsp;&nbsp;TransferData_FlashToLcd
<LI><a href="#[2f]">&gt;&gt;</a>&nbsp;&nbsp;&nbsp;LCD_Fill_UsePartContinuousData
<LI><a href="#[2d]">&gt;&gt;</a>&nbsp;&nbsp;&nbsp;LCD_Fill_UseOneData
<LI><a href="#[30]">&gt;&gt;</a>&nbsp;&nbsp;&nbsp;LCD_Fill_UseContinuousDataSplitBit
<LI><a href="#[270]">&gt;&gt;</a>&nbsp;&nbsp;&nbsp;flash_ConfigReadFlashMsg
<LI><a href="#[268]">&gt;&gt;</a>&nbsp;&nbsp;&nbsp;enter_XIPCritical
<LI><a href="#[21]">&gt;&gt;</a>&nbsp;&nbsp;&nbsp;LCD_Write_DATA
<LI><a href="#[23]">&gt;&gt;</a>&nbsp;&nbsp;&nbsp;LCD_Write_CMD
</UL>

<P><STRONG><a name="[3]"></a>SVC_Handler</STRONG> (Thumb, 2 bytes, Stack size 0 bytes, y6_it.o(i.SVC_Handler))
<BR>[Address Reference Count : 1]<UL><LI> startup_y6.o(RESET)
</UL>
<P><STRONG><a name="[5]"></a>SysTick_Handler</STRONG> (Thumb, 2 bytes, Stack size 0 bytes, y6_it.o(i.SysTick_Handler))
<BR>[Address Reference Count : 1]<UL><LI> startup_y6.o(RESET)
</UL>
<P><STRONG><a name="[9]"></a>TIM16_IRQHandler</STRONG> (Thumb, 22 bytes, Stack size 8 bytes, y6_it.o(i.TIM16_IRQHandler))
<BR><BR>[Stack]<UL><LI>Max Depth = 8<LI>Call Chain = TIM16_IRQHandler
</UL>
<BR>[Calls]<UL><LI><a href="#[26e]">&gt;&gt;</a>&nbsp;&nbsp;&nbsp;guiTickHandle
</UL>
<BR>[Address Reference Count : 1]<UL><LI> startup_y6.o(RESET)
</UL>
<P><STRONG><a name="[a]"></a>TIM17_IRQHandler</STRONG> (Thumb, 16 bytes, Stack size 0 bytes, y6_it.o(i.TIM17_IRQHandler))
<BR>[Address Reference Count : 1]<UL><LI> startup_y6.o(RESET)
</UL>
<P><STRONG><a name="[242]"></a>TIM4_EncoderInit</STRONG> (Thumb, 152 bytes, Stack size 48 bytes, encoder.o(i.TIM4_EncoderInit))
<BR><BR>[Stack]<UL><LI>Max Depth = 112<LI>Call Chain = TIM4_EncoderInit &rArr; TIM_ICInit &rArr; TIM_SetIC4Prescaler &rArr; assert_failed &rArr; __2printf
</UL>
<BR>[Calls]<UL><LI><a href="#[1a1]">&gt;&gt;</a>&nbsp;&nbsp;&nbsp;GPIO_Init
<LI><a href="#[1dc]">&gt;&gt;</a>&nbsp;&nbsp;&nbsp;TIM_TimeBaseStructInit
<LI><a href="#[1dd]">&gt;&gt;</a>&nbsp;&nbsp;&nbsp;TIM_TimeBaseInit
<LI><a href="#[1fb]">&gt;&gt;</a>&nbsp;&nbsp;&nbsp;TIM_Reset
<LI><a href="#[26f]">&gt;&gt;</a>&nbsp;&nbsp;&nbsp;TIM_ICStructInit
<LI><a href="#[1f4]">&gt;&gt;</a>&nbsp;&nbsp;&nbsp;TIM_ICInit
<LI><a href="#[1f1]">&gt;&gt;</a>&nbsp;&nbsp;&nbsp;TIM_EncoderInterfaceConfig
<LI><a href="#[1e1]">&gt;&gt;</a>&nbsp;&nbsp;&nbsp;TIM_Cmd
</UL>
<BR>[Called By]<UL><LI><a href="#[163]">&gt;&gt;</a>&nbsp;&nbsp;&nbsp;$Super$$main
</UL>

<P><STRONG><a name="[e]"></a>TIM4_IRQHandler</STRONG> (Thumb, 34 bytes, Stack size 8 bytes, y6_it.o(i.TIM4_IRQHandler))
<BR><BR>[Stack]<UL><LI>Max Depth = 48<LI>Call Chain = TIM4_IRQHandler &rArr; TIM_GetITStatus &rArr; assert_failed &rArr; __2printf
</UL>
<BR>[Calls]<UL><LI><a href="#[1f3]">&gt;&gt;</a>&nbsp;&nbsp;&nbsp;TIM_GetITStatus
<LI><a href="#[1df]">&gt;&gt;</a>&nbsp;&nbsp;&nbsp;TIM_ClearITPendingBit
<LI><a href="#[243]">&gt;&gt;</a>&nbsp;&nbsp;&nbsp;encoder_getCounter
</UL>
<BR>[Address Reference Count : 1]<UL><LI> startup_y6.o(RESET)
</UL>
<P><STRONG><a name="[12]"></a>UART2_IRQHandler</STRONG> (Thumb, 64 bytes, Stack size 16 bytes, y6_it.o(i.UART2_IRQHandler))
<BR><BR>[Stack]<UL><LI>Max Depth = 16<LI>Call Chain = UART2_IRQHandler
</UL>
<BR>[Address Reference Count : 1]<UL><LI> startup_y6.o(RESET)
</UL>
<P><STRONG><a name="[79]"></a>XIP_EraseFlash_Block_4K</STRONG> (Thumb, 144 bytes, Stack size 32 bytes, y6_xip_write.o(i.XIP_EraseFlash_Block_4K))
<BR><BR>[Stack]<UL><LI>Max Depth = 156<LI>Call Chain = XIP_EraseFlash_Block_4K &rArr; xip_flash_global_unprotect &rArr; xip_flash_write_status &rArr; xip_wait &rArr; xip_flash_read_status1 &rArr; xipTX &rArr; xip_DataConfig
</UL>
<BR>[Calls]<UL><LI><a href="#[273]">&gt;&gt;</a>&nbsp;&nbsp;&nbsp;xip_flash_global_unprotect
<LI><a href="#[274]">&gt;&gt;</a>&nbsp;&nbsp;&nbsp;xip_flash_erase_block_4k
<LI><a href="#[272]">&gt;&gt;</a>&nbsp;&nbsp;&nbsp;xipTX
</UL>
<BR>[Called By]<UL><LI><a href="#[1e6]">&gt;&gt;</a>&nbsp;&nbsp;&nbsp;TEA_PRO
<LI><a href="#[80]">&gt;&gt;</a>&nbsp;&nbsp;&nbsp;Y6_Set_Key
</UL>
<BR>[Address Reference Count : 1]<UL><LI> flashinterface.o(.constdata)
</UL>
<P><STRONG><a name="[7a]"></a>XIP_WriteFlash_NoCheck</STRONG> (Thumb, 172 bytes, Stack size 24 bytes, y6_xip_write.o(i.XIP_WriteFlash_NoCheck))
<BR><BR>[Stack]<UL><LI>Max Depth = 152<LI>Call Chain = XIP_WriteFlash_NoCheck &rArr; xip_flash_write &rArr; xip_wait &rArr; xip_flash_read_status1 &rArr; xipTX &rArr; xip_DataConfig
</UL>
<BR>[Calls]<UL><LI><a href="#[275]">&gt;&gt;</a>&nbsp;&nbsp;&nbsp;xip_flash_write
<LI><a href="#[273]">&gt;&gt;</a>&nbsp;&nbsp;&nbsp;xip_flash_global_unprotect
<LI><a href="#[272]">&gt;&gt;</a>&nbsp;&nbsp;&nbsp;xipTX
</UL>
<BR>[Called By]<UL><LI><a href="#[1e6]">&gt;&gt;</a>&nbsp;&nbsp;&nbsp;TEA_PRO
<LI><a href="#[80]">&gt;&gt;</a>&nbsp;&nbsp;&nbsp;Y6_Set_Key
</UL>
<BR>[Address Reference Count : 1]<UL><LI> flashinterface.o(.constdata)
</UL>
<P><STRONG><a name="[1e2]"></a>commonDelay</STRONG> (Thumb, 16 bytes, Stack size 8 bytes, y6_it.o(i.commonDelay))
<BR><BR>[Stack]<UL><LI>Max Depth = 8<LI>Call Chain = commonDelay
</UL>
<BR>[Called By]<UL><LI><a href="#[1f]">&gt;&gt;</a>&nbsp;&nbsp;&nbsp;SystemInit
<LI><a href="#[80]">&gt;&gt;</a>&nbsp;&nbsp;&nbsp;Y6_Set_Key
</UL>

<P><STRONG><a name="[243]"></a>encoder_getCounter</STRONG> (Thumb, 18 bytes, Stack size 8 bytes, encoder.o(i.encoder_getCounter))
<BR><BR>[Stack]<UL><LI>Max Depth = 40<LI>Call Chain = encoder_getCounter &rArr; TIM_GetCounter &rArr; assert_failed &rArr; __2printf
</UL>
<BR>[Calls]<UL><LI><a href="#[1f2]">&gt;&gt;</a>&nbsp;&nbsp;&nbsp;TIM_GetCounter
</UL>
<BR>[Called By]<UL><LI><a href="#[163]">&gt;&gt;</a>&nbsp;&nbsp;&nbsp;$Super$$main
<LI><a href="#[e]">&gt;&gt;</a>&nbsp;&nbsp;&nbsp;TIM4_IRQHandler
</UL>

<P><STRONG><a name="[268]"></a>enter_XIPCritical</STRONG> (Thumb, 86 bytes, Stack size 12 bytes, qspidma.o(i.enter_XIPCritical))
<BR><BR>[Stack]<UL><LI>Max Depth = 28<LI>Call Chain = enter_XIPCritical &rArr; QSPIDMA_SendBytes
</UL>
<BR>[Calls]<UL><LI><a href="#[26b]">&gt;&gt;</a>&nbsp;&nbsp;&nbsp;QSPIDMA_WaitEnd
<LI><a href="#[26c]">&gt;&gt;</a>&nbsp;&nbsp;&nbsp;QSPIDMA_SendBytes
</UL>
<BR>[Called By]<UL><LI><a href="#[2e]">&gt;&gt;</a>&nbsp;&nbsp;&nbsp;LCD_Fill_UseContinuousData
</UL>

<P><STRONG><a name="[270]"></a>flash_ConfigReadFlashMsg</STRONG> (Thumb, 66 bytes, Stack size 20 bytes, qspidma.o(i.flash_ConfigReadFlashMsg))
<BR><BR>[Stack]<UL><LI>Max Depth = 36<LI>Call Chain = flash_ConfigReadFlashMsg &rArr; QSPIDMA_SendBytes
</UL>
<BR>[Calls]<UL><LI><a href="#[26b]">&gt;&gt;</a>&nbsp;&nbsp;&nbsp;QSPIDMA_WaitEnd
<LI><a href="#[26c]">&gt;&gt;</a>&nbsp;&nbsp;&nbsp;QSPIDMA_SendBytes
</UL>
<BR>[Called By]<UL><LI><a href="#[269]">&gt;&gt;</a>&nbsp;&nbsp;&nbsp;TransferData_FlashToLcd
</UL>

<P><STRONG><a name="[68]"></a>fputc</STRONG> (Thumb, 12 bytes, Stack size 0 bytes, y6_it.o(i.fputc))
<BR>[Address Reference Count : 1]<UL><LI> printf8.o(i.__0printf$8)
</UL>
<P><STRONG><a name="[26e]"></a>guiTickHandle</STRONG> (Thumb, 10 bytes, Stack size 0 bytes, wtick.o(i.guiTickHandle))
<BR><BR>[Called By]<UL><LI><a href="#[9]">&gt;&gt;</a>&nbsp;&nbsp;&nbsp;TIM16_IRQHandler
</UL>

<P><STRONG><a name="[7b]"></a>loadData8FromQspi0</STRONG> (Thumb, 18 bytes, Stack size 8 bytes, y6_xip_write.o(i.loadData8FromQspi0))
<BR><BR>[Stack]<UL><LI>Max Depth = 8<LI>Call Chain = loadData8FromQspi0
</UL>
<BR>[Address Reference Count : 1]<UL><LI> flashinterface.o(.constdata)
</UL>
<P><STRONG><a name="[26a]"></a>quit_XIPCritical</STRONG> (Thumb, 36 bytes, Stack size 0 bytes, qspidma.o(i.quit_XIPCritical))
<BR><BR>[Called By]<UL><LI><a href="#[2e]">&gt;&gt;</a>&nbsp;&nbsp;&nbsp;LCD_Fill_UseContinuousData
</UL>

<P><STRONG><a name="[21a]"></a>wGetSystemCount</STRONG> (Thumb, 6 bytes, Stack size 0 bytes, wtick.o(i.wGetSystemCount))
<BR><BR>[Called By]<UL><LI><a href="#[21b]">&gt;&gt;</a>&nbsp;&nbsp;&nbsp;guiGetRefreshPicTime
<LI><a href="#[1fc]">&gt;&gt;</a>&nbsp;&nbsp;&nbsp;guiGetRefreshColorTime
<LI><a href="#[22c]">&gt;&gt;</a>&nbsp;&nbsp;&nbsp;wWidgetTimeOutHandleLoop
<LI><a href="#[96]">&gt;&gt;</a>&nbsp;&nbsp;&nbsp;w_createVirtualGif
<LI><a href="#[86]">&gt;&gt;</a>&nbsp;&nbsp;&nbsp;w_createRollTextBox
<LI><a href="#[91]">&gt;&gt;</a>&nbsp;&nbsp;&nbsp;w_createGtimer
<LI><a href="#[98]">&gt;&gt;</a>&nbsp;&nbsp;&nbsp;w_createPicanimation
</UL>

<P><STRONG><a name="[266]"></a>wGetTickDiffValue</STRONG> (Thumb, 12 bytes, Stack size 0 bytes, wtick.o(i.wGetTickDiffValue))
<BR><BR>[Called By]<UL><LI><a href="#[103]">&gt;&gt;</a>&nbsp;&nbsp;&nbsp;widget_TimeoutAdjustVirtualGif
<LI><a href="#[101]">&gt;&gt;</a>&nbsp;&nbsp;&nbsp;widget_TimeoutAdjustRollTextBox
<LI><a href="#[102]">&gt;&gt;</a>&nbsp;&nbsp;&nbsp;widget_TimeoutAdjustGtimer
<LI><a href="#[104]">&gt;&gt;</a>&nbsp;&nbsp;&nbsp;widget_TimeoutAdjustPicanimation
</UL>

<P><STRONG><a name="[276]"></a>xipRX</STRONG> (Thumb, 134 bytes, Stack size 44 bytes, y6_xip_write.o(i.xipRX))
<BR><BR>[Stack]<UL><LI>Max Depth = 52<LI>Call Chain = xipRX &rArr; xip_DataConfig
</UL>
<BR>[Calls]<UL><LI><a href="#[278]">&gt;&gt;</a>&nbsp;&nbsp;&nbsp;xip_GetFlagStatus
<LI><a href="#[277]">&gt;&gt;</a>&nbsp;&nbsp;&nbsp;xip_DataConfig
</UL>
<BR>[Called By]<UL><LI><a href="#[27d]">&gt;&gt;</a>&nbsp;&nbsp;&nbsp;xip_flash_read_status2
<LI><a href="#[27c]">&gt;&gt;</a>&nbsp;&nbsp;&nbsp;xip_flash_read_status1
</UL>

<P><STRONG><a name="[272]"></a>xipTX</STRONG> (Thumb, 156 bytes, Stack size 44 bytes, y6_xip_write.o(i.xipTX))
<BR><BR>[Stack]<UL><LI>Max Depth = 52<LI>Call Chain = xipTX &rArr; xip_DataConfig
</UL>
<BR>[Calls]<UL><LI><a href="#[278]">&gt;&gt;</a>&nbsp;&nbsp;&nbsp;xip_GetFlagStatus
<LI><a href="#[277]">&gt;&gt;</a>&nbsp;&nbsp;&nbsp;xip_DataConfig
</UL>
<BR>[Called By]<UL><LI><a href="#[27e]">&gt;&gt;</a>&nbsp;&nbsp;&nbsp;xip_flash_write_status
<LI><a href="#[279]">&gt;&gt;</a>&nbsp;&nbsp;&nbsp;xip_flash_write_enable
<LI><a href="#[275]">&gt;&gt;</a>&nbsp;&nbsp;&nbsp;xip_flash_write
<LI><a href="#[27d]">&gt;&gt;</a>&nbsp;&nbsp;&nbsp;xip_flash_read_status2
<LI><a href="#[27c]">&gt;&gt;</a>&nbsp;&nbsp;&nbsp;xip_flash_read_status1
<LI><a href="#[7a]">&gt;&gt;</a>&nbsp;&nbsp;&nbsp;XIP_WriteFlash_NoCheck
<LI><a href="#[79]">&gt;&gt;</a>&nbsp;&nbsp;&nbsp;XIP_EraseFlash_Block_4K
<LI><a href="#[27a]">&gt;&gt;</a>&nbsp;&nbsp;&nbsp;xip_flash_send_cmd_addr
</UL>

<P><STRONG><a name="[277]"></a>xip_DataConfig</STRONG> (Thumb, 78 bytes, Stack size 8 bytes, y6_xip_write.o(i.xip_DataConfig))
<BR><BR>[Stack]<UL><LI>Max Depth = 8<LI>Call Chain = xip_DataConfig
</UL>
<BR>[Called By]<UL><LI><a href="#[272]">&gt;&gt;</a>&nbsp;&nbsp;&nbsp;xipTX
<LI><a href="#[276]">&gt;&gt;</a>&nbsp;&nbsp;&nbsp;xipRX
</UL>

<P><STRONG><a name="[278]"></a>xip_GetFlagStatus</STRONG> (Thumb, 10 bytes, Stack size 0 bytes, y6_xip_write.o(i.xip_GetFlagStatus))
<BR><BR>[Called By]<UL><LI><a href="#[272]">&gt;&gt;</a>&nbsp;&nbsp;&nbsp;xipTX
<LI><a href="#[276]">&gt;&gt;</a>&nbsp;&nbsp;&nbsp;xipRX
</UL>

<P><STRONG><a name="[274]"></a>xip_flash_erase_block_4k</STRONG> (Thumb, 44 bytes, Stack size 16 bytes, y6_xip_write.o(i.xip_flash_erase_block_4k))
<BR><BR>[Stack]<UL><LI>Max Depth = 104<LI>Call Chain = xip_flash_erase_block_4k &rArr; xip_wait &rArr; xip_flash_read_status1 &rArr; xipTX &rArr; xip_DataConfig
</UL>
<BR>[Calls]<UL><LI><a href="#[27b]">&gt;&gt;</a>&nbsp;&nbsp;&nbsp;xip_wait
<LI><a href="#[279]">&gt;&gt;</a>&nbsp;&nbsp;&nbsp;xip_flash_write_enable
<LI><a href="#[27a]">&gt;&gt;</a>&nbsp;&nbsp;&nbsp;xip_flash_send_cmd_addr
</UL>
<BR>[Called By]<UL><LI><a href="#[79]">&gt;&gt;</a>&nbsp;&nbsp;&nbsp;XIP_EraseFlash_Block_4K
</UL>

<P><STRONG><a name="[273]"></a>xip_flash_global_unprotect</STRONG> (Thumb, 52 bytes, Stack size 16 bytes, y6_xip_write.o(i.xip_flash_global_unprotect))
<BR><BR>[Stack]<UL><LI>Max Depth = 124<LI>Call Chain = xip_flash_global_unprotect &rArr; xip_flash_write_status &rArr; xip_wait &rArr; xip_flash_read_status1 &rArr; xipTX &rArr; xip_DataConfig
</UL>
<BR>[Calls]<UL><LI><a href="#[27e]">&gt;&gt;</a>&nbsp;&nbsp;&nbsp;xip_flash_write_status
<LI><a href="#[279]">&gt;&gt;</a>&nbsp;&nbsp;&nbsp;xip_flash_write_enable
<LI><a href="#[27d]">&gt;&gt;</a>&nbsp;&nbsp;&nbsp;xip_flash_read_status2
<LI><a href="#[27c]">&gt;&gt;</a>&nbsp;&nbsp;&nbsp;xip_flash_read_status1
</UL>
<BR>[Called By]<UL><LI><a href="#[7a]">&gt;&gt;</a>&nbsp;&nbsp;&nbsp;XIP_WriteFlash_NoCheck
<LI><a href="#[79]">&gt;&gt;</a>&nbsp;&nbsp;&nbsp;XIP_EraseFlash_Block_4K
</UL>

<P><STRONG><a name="[27c]"></a>xip_flash_read_status1</STRONG> (Thumb, 50 bytes, Stack size 16 bytes, y6_xip_write.o(i.xip_flash_read_status1))
<BR><BR>[Stack]<UL><LI>Max Depth = 68<LI>Call Chain = xip_flash_read_status1 &rArr; xipTX &rArr; xip_DataConfig
</UL>
<BR>[Calls]<UL><LI><a href="#[272]">&gt;&gt;</a>&nbsp;&nbsp;&nbsp;xipTX
<LI><a href="#[276]">&gt;&gt;</a>&nbsp;&nbsp;&nbsp;xipRX
</UL>
<BR>[Called By]<UL><LI><a href="#[27b]">&gt;&gt;</a>&nbsp;&nbsp;&nbsp;xip_wait
<LI><a href="#[273]">&gt;&gt;</a>&nbsp;&nbsp;&nbsp;xip_flash_global_unprotect
</UL>

<P><STRONG><a name="[27d]"></a>xip_flash_read_status2</STRONG> (Thumb, 50 bytes, Stack size 16 bytes, y6_xip_write.o(i.xip_flash_read_status2))
<BR><BR>[Stack]<UL><LI>Max Depth = 68<LI>Call Chain = xip_flash_read_status2 &rArr; xipTX &rArr; xip_DataConfig
</UL>
<BR>[Calls]<UL><LI><a href="#[272]">&gt;&gt;</a>&nbsp;&nbsp;&nbsp;xipTX
<LI><a href="#[276]">&gt;&gt;</a>&nbsp;&nbsp;&nbsp;xipRX
</UL>
<BR>[Called By]<UL><LI><a href="#[273]">&gt;&gt;</a>&nbsp;&nbsp;&nbsp;xip_flash_global_unprotect
</UL>

<P><STRONG><a name="[275]"></a>xip_flash_write</STRONG> (Thumb, 70 bytes, Stack size 40 bytes, y6_xip_write.o(i.xip_flash_write))
<BR><BR>[Stack]<UL><LI>Max Depth = 128<LI>Call Chain = xip_flash_write &rArr; xip_wait &rArr; xip_flash_read_status1 &rArr; xipTX &rArr; xip_DataConfig
</UL>
<BR>[Calls]<UL><LI><a href="#[27b]">&gt;&gt;</a>&nbsp;&nbsp;&nbsp;xip_wait
<LI><a href="#[279]">&gt;&gt;</a>&nbsp;&nbsp;&nbsp;xip_flash_write_enable
<LI><a href="#[272]">&gt;&gt;</a>&nbsp;&nbsp;&nbsp;xipTX
<LI><a href="#[27a]">&gt;&gt;</a>&nbsp;&nbsp;&nbsp;xip_flash_send_cmd_addr
</UL>
<BR>[Called By]<UL><LI><a href="#[7a]">&gt;&gt;</a>&nbsp;&nbsp;&nbsp;XIP_WriteFlash_NoCheck
</UL>

<P><STRONG><a name="[279]"></a>xip_flash_write_enable</STRONG> (Thumb, 36 bytes, Stack size 12 bytes, y6_xip_write.o(i.xip_flash_write_enable))
<BR><BR>[Stack]<UL><LI>Max Depth = 64<LI>Call Chain = xip_flash_write_enable &rArr; xipTX &rArr; xip_DataConfig
</UL>
<BR>[Calls]<UL><LI><a href="#[272]">&gt;&gt;</a>&nbsp;&nbsp;&nbsp;xipTX
</UL>
<BR>[Called By]<UL><LI><a href="#[27e]">&gt;&gt;</a>&nbsp;&nbsp;&nbsp;xip_flash_write_status
<LI><a href="#[275]">&gt;&gt;</a>&nbsp;&nbsp;&nbsp;xip_flash_write
<LI><a href="#[273]">&gt;&gt;</a>&nbsp;&nbsp;&nbsp;xip_flash_global_unprotect
<LI><a href="#[274]">&gt;&gt;</a>&nbsp;&nbsp;&nbsp;xip_flash_erase_block_4k
</UL>

<P><STRONG><a name="[27e]"></a>xip_flash_write_status</STRONG> (Thumb, 56 bytes, Stack size 20 bytes, y6_xip_write.o(i.xip_flash_write_status))
<BR><BR>[Stack]<UL><LI>Max Depth = 108<LI>Call Chain = xip_flash_write_status &rArr; xip_wait &rArr; xip_flash_read_status1 &rArr; xipTX &rArr; xip_DataConfig
</UL>
<BR>[Calls]<UL><LI><a href="#[27b]">&gt;&gt;</a>&nbsp;&nbsp;&nbsp;xip_wait
<LI><a href="#[279]">&gt;&gt;</a>&nbsp;&nbsp;&nbsp;xip_flash_write_enable
<LI><a href="#[272]">&gt;&gt;</a>&nbsp;&nbsp;&nbsp;xipTX
</UL>
<BR>[Called By]<UL><LI><a href="#[273]">&gt;&gt;</a>&nbsp;&nbsp;&nbsp;xip_flash_global_unprotect
</UL>

<P><STRONG><a name="[27b]"></a>xip_wait</STRONG> (Thumb, 46 bytes, Stack size 20 bytes, y6_xip_write.o(i.xip_wait))
<BR><BR>[Stack]<UL><LI>Max Depth = 88<LI>Call Chain = xip_wait &rArr; xip_flash_read_status1 &rArr; xipTX &rArr; xip_DataConfig
</UL>
<BR>[Calls]<UL><LI><a href="#[27c]">&gt;&gt;</a>&nbsp;&nbsp;&nbsp;xip_flash_read_status1
</UL>
<BR>[Called By]<UL><LI><a href="#[27e]">&gt;&gt;</a>&nbsp;&nbsp;&nbsp;xip_flash_write_status
<LI><a href="#[275]">&gt;&gt;</a>&nbsp;&nbsp;&nbsp;xip_flash_write
<LI><a href="#[274]">&gt;&gt;</a>&nbsp;&nbsp;&nbsp;xip_flash_erase_block_4k
</UL>

<P><STRONG><a name="[20]"></a>__main</STRONG> (Thumb, 0 bytes, Stack size unknown bytes, entry.o(.ARM.Collect$$$$00000000))
<BR>[Address Reference Count : 1]<UL><LI> startup_y6.o(.text)
</UL>
<P><STRONG><a name="[282]"></a>_main_stk</STRONG> (Thumb, 0 bytes, Stack size unknown bytes, entry2.o(.ARM.Collect$$$$00000001))

<P><STRONG><a name="[27f]"></a>_main_scatterload</STRONG> (Thumb, 0 bytes, Stack size unknown bytes, entry5.o(.ARM.Collect$$$$00000004))
<BR><BR>[Calls]<UL><LI><a href="#[280]">&gt;&gt;</a>&nbsp;&nbsp;&nbsp;__scatterload
</UL>

<P><STRONG><a name="[281]"></a>__main_after_scatterload</STRONG> (Thumb, 0 bytes, Stack size unknown bytes, entry5.o(.ARM.Collect$$$$00000004))
<BR><BR>[Called By]<UL><LI><a href="#[280]">&gt;&gt;</a>&nbsp;&nbsp;&nbsp;__scatterload
</UL>

<P><STRONG><a name="[283]"></a>_main_clock</STRONG> (Thumb, 0 bytes, Stack size unknown bytes, entry7b.o(.ARM.Collect$$$$00000008))

<P><STRONG><a name="[284]"></a>_main_cpp_init</STRONG> (Thumb, 0 bytes, Stack size unknown bytes, entry8b.o(.ARM.Collect$$$$0000000A))

<P><STRONG><a name="[285]"></a>_main_init</STRONG> (Thumb, 0 bytes, Stack size unknown bytes, entry9a.o(.ARM.Collect$$$$0000000B))

<P><STRONG><a name="[286]"></a>__rt_final_cpp</STRONG> (Thumb, 0 bytes, Stack size unknown bytes, entry10a.o(.ARM.Collect$$$$0000000D))

<P><STRONG><a name="[287]"></a>__rt_final_exit</STRONG> (Thumb, 0 bytes, Stack size unknown bytes, entry11a.o(.ARM.Collect$$$$0000000F))

<P><STRONG><a name="[280]"></a>__scatterload</STRONG> (Thumb, 28 bytes, Stack size 0 bytes, init.o(.text))
<BR><BR>[Calls]<UL><LI><a href="#[281]">&gt;&gt;</a>&nbsp;&nbsp;&nbsp;__main_after_scatterload
</UL>
<BR>[Called By]<UL><LI><a href="#[27f]">&gt;&gt;</a>&nbsp;&nbsp;&nbsp;_main_scatterload
</UL>

<P><STRONG><a name="[288]"></a>__scatterload_rt2</STRONG> (Thumb, 0 bytes, Stack size 0 bytes, init.o(.text), UNUSED)

<P><STRONG><a name="[289]"></a>__scatterload_copy</STRONG> (Thumb, 14 bytes, Stack size unknown bytes, handlers.o(i.__scatterload_copy), UNUSED)

<P><STRONG><a name="[28a]"></a>__scatterload_null</STRONG> (Thumb, 2 bytes, Stack size unknown bytes, handlers.o(i.__scatterload_null), UNUSED)

<P><STRONG><a name="[28b]"></a>__scatterload_zeroinit</STRONG> (Thumb, 14 bytes, Stack size unknown bytes, handlers.o(i.__scatterload_zeroinit), UNUSED)

<P><STRONG><a name="[28c]"></a>__aeabi_uidiv</STRONG> (Thumb, 0 bytes, Stack size 12 bytes, uidiv.o(.text), UNUSED)

<P><STRONG><a name="[149]"></a>__aeabi_uidivmod</STRONG> (Thumb, 44 bytes, Stack size 12 bytes, uidiv.o(.text))
<BR><BR>[Stack]<UL><LI>Max Depth = 12<LI>Call Chain = __aeabi_uidivmod
</UL>
<BR>[Called By]<UL><LI><a href="#[244]">&gt;&gt;</a>&nbsp;&nbsp;&nbsp;rotary_control
<LI><a href="#[240]">&gt;&gt;</a>&nbsp;&nbsp;&nbsp;red_light_num
<LI><a href="#[231]">&gt;&gt;</a>&nbsp;&nbsp;&nbsp;infrared_red
<LI><a href="#[210]">&gt;&gt;</a>&nbsp;&nbsp;&nbsp;fan
<LI><a href="#[1ce]">&gt;&gt;</a>&nbsp;&nbsp;&nbsp;RCC_GetClocksFreq
<LI><a href="#[1bf]">&gt;&gt;</a>&nbsp;&nbsp;&nbsp;UART_Init
<LI><a href="#[71]">&gt;&gt;</a>&nbsp;&nbsp;&nbsp;red_led_timeoutEvent2
<LI><a href="#[6c]">&gt;&gt;</a>&nbsp;&nbsp;&nbsp;infrared_timeoutEvent
<LI><a href="#[a8]">&gt;&gt;</a>&nbsp;&nbsp;&nbsp;w_dispQRcodeBox
<LI><a href="#[1d8]">&gt;&gt;</a>&nbsp;&nbsp;&nbsp;wDispAlphaImage
<LI><a href="#[255]">&gt;&gt;</a>&nbsp;&nbsp;&nbsp;wQueueOut
<LI><a href="#[25c]">&gt;&gt;</a>&nbsp;&nbsp;&nbsp;wQueueIn
<LI><a href="#[1c9]">&gt;&gt;</a>&nbsp;&nbsp;&nbsp;PutUnsignedInt
<LI><a href="#[1c8]">&gt;&gt;</a>&nbsp;&nbsp;&nbsp;PutSignedInt
<LI><a href="#[21e]">&gt;&gt;</a>&nbsp;&nbsp;&nbsp;guiInitVariable
<LI><a href="#[1a8]">&gt;&gt;</a>&nbsp;&nbsp;&nbsp;Graph_DrawBackAxisGrid
<LI><a href="#[1a7]">&gt;&gt;</a>&nbsp;&nbsp;&nbsp;GetRSCodeWord
<LI><a href="#[25f]">&gt;&gt;</a>&nbsp;&nbsp;&nbsp;w_dispCharUseExFont
<LI><a href="#[1c5]">&gt;&gt;</a>&nbsp;&nbsp;&nbsp;wDispCircle_Solid
<LI><a href="#[a0]">&gt;&gt;</a>&nbsp;&nbsp;&nbsp;w_dispProgressBar
<LI><a href="#[9d]">&gt;&gt;</a>&nbsp;&nbsp;&nbsp;w_dispNumberBox
<LI><a href="#[9e]">&gt;&gt;</a>&nbsp;&nbsp;&nbsp;w_dispFloatNumberBox
<LI><a href="#[d7]">&gt;&gt;</a>&nbsp;&nbsp;&nbsp;w_ReleaseEventNumberBox
<LI><a href="#[d8]">&gt;&gt;</a>&nbsp;&nbsp;&nbsp;w_ReleaseEventFloatNumberBox
<LI><a href="#[ab]">&gt;&gt;</a>&nbsp;&nbsp;&nbsp;w_dispPicanimation
<LI><a href="#[250]">&gt;&gt;</a>&nbsp;&nbsp;&nbsp;wDispCircle
<LI><a href="#[193]">&gt;&gt;</a>&nbsp;&nbsp;&nbsp;DrawChar_4BPP
<LI><a href="#[191]">&gt;&gt;</a>&nbsp;&nbsp;&nbsp;DrawChar_2BPP
<LI><a href="#[190]">&gt;&gt;</a>&nbsp;&nbsp;&nbsp;DrawChar_1BPP
<LI><a href="#[261]">&gt;&gt;</a>&nbsp;&nbsp;&nbsp;w_UpdateSliderValue
<LI><a href="#[148]">&gt;&gt;</a>&nbsp;&nbsp;&nbsp;__aeabi_idivmod
</UL>

<P><STRONG><a name="[28d]"></a>__aeabi_idiv</STRONG> (Thumb, 0 bytes, Stack size 16 bytes, idiv.o(.text), UNUSED)

<P><STRONG><a name="[148]"></a>__aeabi_idivmod</STRONG> (Thumb, 40 bytes, Stack size 16 bytes, idiv.o(.text))
<BR><BR>[Stack]<UL><LI>Max Depth = 28<LI>Call Chain = __aeabi_idivmod &rArr; __aeabi_uidivmod
</UL>
<BR>[Calls]<UL><LI><a href="#[149]">&gt;&gt;</a>&nbsp;&nbsp;&nbsp;__aeabi_uidivmod
</UL>
<BR>[Called By]<UL><LI><a href="#[a8]">&gt;&gt;</a>&nbsp;&nbsp;&nbsp;w_dispQRcodeBox
<LI><a href="#[1d7]">&gt;&gt;</a>&nbsp;&nbsp;&nbsp;wDrawCircle_Solid_AT
<LI><a href="#[253]">&gt;&gt;</a>&nbsp;&nbsp;&nbsp;wDrawArc_AT
<LI><a href="#[19e]">&gt;&gt;</a>&nbsp;&nbsp;&nbsp;SetMaskingPattern
<LI><a href="#[198]">&gt;&gt;</a>&nbsp;&nbsp;&nbsp;GetBitLength
<LI><a href="#[16b]">&gt;&gt;</a>&nbsp;&nbsp;&nbsp;CountPenalty
<LI><a href="#[195]">&gt;&gt;</a>&nbsp;&nbsp;&nbsp;Reflash
<LI><a href="#[18f]">&gt;&gt;</a>&nbsp;&nbsp;&nbsp;DrawHLine_AT
<LI><a href="#[ab]">&gt;&gt;</a>&nbsp;&nbsp;&nbsp;w_dispPicanimation
<LI><a href="#[1d9]">&gt;&gt;</a>&nbsp;&nbsp;&nbsp;Slider_dispVernier
</UL>

<P><STRONG><a name="[28e]"></a>____aeabi_memcpy8$ret$move</STRONG> (Thumb, 0 bytes, Stack size 8 bytes, memmove.o(.text), UNUSED)

<P><STRONG><a name="[28f]"></a>___aeabi_memmove4$ret</STRONG> (Thumb, 0 bytes, Stack size 8 bytes, memmove.o(.text), UNUSED)

<P><STRONG><a name="[290]"></a>___aeabi_memmove8$ret</STRONG> (Thumb, 0 bytes, Stack size 8 bytes, memmove.o(.text), UNUSED)

<P><STRONG><a name="[16d]"></a>__aeabi_memcpy</STRONG> (Thumb, 66 bytes, Stack size 8 bytes, memmove.o(.text))
<BR><BR>[Stack]<UL><LI>Max Depth = 8<LI>Call Chain = __aeabi_memcpy
</UL>
<BR>[Called By]<UL><LI><a href="#[1d8]">&gt;&gt;</a>&nbsp;&nbsp;&nbsp;wDispAlphaImage
<LI><a href="#[233]">&gt;&gt;</a>&nbsp;&nbsp;&nbsp;inputTouchMsgHandle
<LI><a href="#[222]">&gt;&gt;</a>&nbsp;&nbsp;&nbsp;wInputMsgInit
<LI><a href="#[73]">&gt;&gt;</a>&nbsp;&nbsp;&nbsp;CreateKeyBoardPage
<LI><a href="#[173]">&gt;&gt;</a>&nbsp;&nbsp;&nbsp;CreateInputArea
<LI><a href="#[171]">&gt;&gt;</a>&nbsp;&nbsp;&nbsp;CreateFunctionArea
<LI><a href="#[174]">&gt;&gt;</a>&nbsp;&nbsp;&nbsp;CreatePreviewArea
<LI><a href="#[72]">&gt;&gt;</a>&nbsp;&nbsp;&nbsp;CreateKeyBoardPage
<LI><a href="#[172]">&gt;&gt;</a>&nbsp;&nbsp;&nbsp;CreateInputArea
<LI><a href="#[16c]">&gt;&gt;</a>&nbsp;&nbsp;&nbsp;CreateFunctionArea
<LI><a href="#[200]">&gt;&gt;</a>&nbsp;&nbsp;&nbsp;internal_alloc
</UL>

<P><STRONG><a name="[215]"></a>__aeabi_memcpy4</STRONG> (Thumb, 0 bytes, Stack size 8 bytes, memmove.o(.text))
<BR><BR>[Stack]<UL><LI>Max Depth = 8<LI>Call Chain = __aeabi_memcpy4
</UL>
<BR>[Called By]<UL><LI><a href="#[165]">&gt;&gt;</a>&nbsp;&nbsp;&nbsp;guiDebug
<LI><a href="#[247]">&gt;&gt;</a>&nbsp;&nbsp;&nbsp;putBitToPos
</UL>

<P><STRONG><a name="[24a]"></a>__aeabi_memmove</STRONG> (Thumb, 0 bytes, Stack size 8 bytes, memmove.o(.text))
<BR><BR>[Stack]<UL><LI>Max Depth = 8<LI>Call Chain = __aeabi_memmove
</UL>
<BR>[Called By]<UL><LI><a href="#[248]">&gt;&gt;</a>&nbsp;&nbsp;&nbsp;qr_encode
</UL>

<P><STRONG><a name="[78]"></a>memcpy</STRONG> (Thumb, 0 bytes, Stack size 8 bytes, memmove.o(.text))
<BR><BR>[Stack]<UL><LI>Max Depth = 8<LI>Call Chain = memcpy
</UL>
<BR>[Address Reference Count : 1]<UL><LI> memoryinterface.o(.constdata)
</UL>
<P><STRONG><a name="[291]"></a>memmove</STRONG> (Thumb, 0 bytes, Stack size 8 bytes, memmove.o(.text), UNUSED)

<P><STRONG><a name="[14b]"></a>__aeabi_memset</STRONG> (Thumb, 14 bytes, Stack size 0 bytes, memseta.o(.text))
<BR><BR>[Called By]<UL><LI><a href="#[77]">&gt;&gt;</a>&nbsp;&nbsp;&nbsp;memset
<LI><a href="#[14a]">&gt;&gt;</a>&nbsp;&nbsp;&nbsp;__aeabi_memclr
</UL>

<P><STRONG><a name="[292]"></a>__aeabi_memset4</STRONG> (Thumb, 0 bytes, Stack size 0 bytes, memseta.o(.text), UNUSED)

<P><STRONG><a name="[293]"></a>__aeabi_memset8</STRONG> (Thumb, 0 bytes, Stack size 0 bytes, memseta.o(.text), UNUSED)

<P><STRONG><a name="[14a]"></a>__aeabi_memclr</STRONG> (Thumb, 4 bytes, Stack size 0 bytes, memseta.o(.text))
<BR><BR>[Calls]<UL><LI><a href="#[14b]">&gt;&gt;</a>&nbsp;&nbsp;&nbsp;__aeabi_memset
</UL>
<BR>[Called By]<UL><LI><a href="#[196]">&gt;&gt;</a>&nbsp;&nbsp;&nbsp;EncodeSourceData
<LI><a href="#[248]">&gt;&gt;</a>&nbsp;&nbsp;&nbsp;qr_encode
</UL>

<P><STRONG><a name="[197]"></a>__aeabi_memclr4</STRONG> (Thumb, 0 bytes, Stack size 0 bytes, memseta.o(.text))
<BR><BR>[Called By]<UL><LI><a href="#[80]">&gt;&gt;</a>&nbsp;&nbsp;&nbsp;Y6_Set_Key
<LI><a href="#[19b]">&gt;&gt;</a>&nbsp;&nbsp;&nbsp;FormatModule
<LI><a href="#[196]">&gt;&gt;</a>&nbsp;&nbsp;&nbsp;EncodeSourceData
</UL>

<P><STRONG><a name="[294]"></a>__aeabi_memclr8</STRONG> (Thumb, 0 bytes, Stack size 0 bytes, memseta.o(.text), UNUSED)

<P><STRONG><a name="[77]"></a>memset</STRONG> (Thumb, 18 bytes, Stack size 8 bytes, memseta.o(.text))
<BR><BR>[Stack]<UL><LI>Max Depth = 8<LI>Call Chain = memset
</UL>
<BR>[Calls]<UL><LI><a href="#[14b]">&gt;&gt;</a>&nbsp;&nbsp;&nbsp;__aeabi_memset
</UL>
<BR>[Address Reference Count : 1]<UL><LI> memoryinterface.o(.constdata)
</UL>
<P><STRONG><a name="[249]"></a>strlen</STRONG> (Thumb, 14 bytes, Stack size 0 bytes, strlen.o(.text))
<BR><BR>[Called By]<UL><LI><a href="#[248]">&gt;&gt;</a>&nbsp;&nbsp;&nbsp;qr_encode
<LI><a href="#[9e]">&gt;&gt;</a>&nbsp;&nbsp;&nbsp;w_dispFloatNumberBox
</UL>

<P><STRONG><a name="[179]"></a>__aeabi_uread4</STRONG> (Thumb, 20 bytes, Stack size 0 bytes, uread4.o(.text))
<BR><BR>[Called By]<UL><LI><a href="#[180]">&gt;&gt;</a>&nbsp;&nbsp;&nbsp;guiJumpPage
<LI><a href="#[1e6]">&gt;&gt;</a>&nbsp;&nbsp;&nbsp;TEA_PRO
<LI><a href="#[178]">&gt;&gt;</a>&nbsp;&nbsp;&nbsp;Decrypt_pro
<LI><a href="#[a8]">&gt;&gt;</a>&nbsp;&nbsp;&nbsp;w_dispQRcodeBox
<LI><a href="#[fc]">&gt;&gt;</a>&nbsp;&nbsp;&nbsp;w_deleteQRcodeBox
<LI><a href="#[95]">&gt;&gt;</a>&nbsp;&nbsp;&nbsp;w_createQRcodeBox
<LI><a href="#[bb]">&gt;&gt;</a>&nbsp;&nbsp;&nbsp;w_UpdateEventQRcodeBox
<LI><a href="#[128]">&gt;&gt;</a>&nbsp;&nbsp;&nbsp;w_SetTextQRcodeBox
<LI><a href="#[e3]">&gt;&gt;</a>&nbsp;&nbsp;&nbsp;w_ReleaseEventQRcodeBox
<LI><a href="#[cf]">&gt;&gt;</a>&nbsp;&nbsp;&nbsp;w_PressEventQRcodeBox
<LI><a href="#[13d]">&gt;&gt;</a>&nbsp;&nbsp;&nbsp;w_GetTextQRcodeBox
<LI><a href="#[136]">&gt;&gt;</a>&nbsp;&nbsp;&nbsp;w_DeleteTextQRcodeBox
<LI><a href="#[12f]">&gt;&gt;</a>&nbsp;&nbsp;&nbsp;w_AppendTextQRcodeBox
<LI><a href="#[22b]">&gt;&gt;</a>&nbsp;&nbsp;&nbsp;wGuiMsgHandleLoop
<LI><a href="#[bd]">&gt;&gt;</a>&nbsp;&nbsp;&nbsp;w_UpdateEventRoundSlider
<LI><a href="#[e9]">&gt;&gt;</a>&nbsp;&nbsp;&nbsp;w_SlidEventRoundSlider
<LI><a href="#[e5]">&gt;&gt;</a>&nbsp;&nbsp;&nbsp;w_ReleaseEventRoundSlider
<LI><a href="#[d1]">&gt;&gt;</a>&nbsp;&nbsp;&nbsp;w_PressEventRoundSlider
<LI><a href="#[f6]">&gt;&gt;</a>&nbsp;&nbsp;&nbsp;w_deleteGraph
<LI><a href="#[b7]">&gt;&gt;</a>&nbsp;&nbsp;&nbsp;w_UpdateEventGraph
<LI><a href="#[df]">&gt;&gt;</a>&nbsp;&nbsp;&nbsp;w_ReleaseEventGraph
<LI><a href="#[cb]">&gt;&gt;</a>&nbsp;&nbsp;&nbsp;w_PressEventGraph
<LI><a href="#[1a8]">&gt;&gt;</a>&nbsp;&nbsp;&nbsp;Graph_DrawBackAxisGrid
<LI><a href="#[25f]">&gt;&gt;</a>&nbsp;&nbsp;&nbsp;w_dispCharUseExFont
<LI><a href="#[103]">&gt;&gt;</a>&nbsp;&nbsp;&nbsp;widget_TimeoutAdjustVirtualGif
[...]
</UL>
<BR>[Address Reference Count : 1]<UL><LI> fullfunckeyboard.o(i.CreateInputArea)
</UL>
<P><STRONG><a name="[54]"></a>inputButton11_releaseEvent</STRONG> (Thumb, 150 bytes, Stack size 16 bytes, fullfunckeyboard.o(i.inputButton11_releaseEvent))
<BR><BR>[Stack]<UL><LI>Max Depth = 76<LI>Call Chain = inputButton11_releaseEvent &rArr; guiSetWidgetText &rArr; wSendMsgGui &rArr; wQueueIn &rArr; __aeabi_uidivmod
</UL>
<BR>[Calls]<UL><LI><a href="#[1d4]">&gt;&gt;</a>&nbsp;&nbsp;&nbsp;__ARM_common_switch8
<LI><a href="#[170]">&gt;&gt;</a>&nbsp;&nbsp;&nbsp;guiSetWidgetText
<LI><a href="#[168]">&gt;&gt;</a>&nbsp;&nbsp;&nbsp;guiAppendWidgetText
</UL>
<BR>[Address Reference Count : 1]<UL><LI> fullfunckeyboard.o(i.CreateInputArea)
</UL>
<P><STRONG><a name="[55]"></a>inputButton12_releaseEvent</STRONG> (Thumb, 152 bytes, Stack size 16 bytes, fullfunckeyboard.o(i.inputButton12_releaseEvent))
<BR><BR>[Stack]<UL><LI>Max Depth = 76<LI>Call Chain = inputButton12_releaseEvent &rArr; guiSetWidgetText &rArr; wSendMsgGui &rArr; wQueueIn &rArr; __aeabi_uidivmod
</UL>
<BR>[Calls]<UL><LI><a href="#[1d4]">&gt;&gt;</a>&nbsp;&nbsp;&nbsp;__ARM_common_switch8
<LI><a href="#[170]">&gt;&gt;</a>&nbsp;&nbsp;&nbsp;guiSetWidgetText
<LI><a href="#[168]">&gt;&gt;</a>&nbsp;&nbsp;&nbsp;guiAppendWidgetText
</UL>
<BR>[Address Reference Count : 1]<UL><LI> fullfunckeyboard.o(i.CreateInputArea)
</UL>
<P><STRONG><a name="[45]"></a>inputFuncBack_releaseEvent</STRONG> (Thumb, 18 bytes, Stack size 8 bytes, fullfunckeyboard.o(i.inputFuncBack_releaseEvent))
<BR><BR>[Stack]<UL><LI>Max Depth = 116<LI>Call Chain = inputFuncBack_releaseEvent &rArr; leaveKeyBoard &rArr; guiSetWidgetText &rArr; wSendMsgGui &rArr; wQueueIn &rArr; __aeabi_uidivmod
</UL>
<BR>[Calls]<UL><LI><a href="#[20d]">&gt;&gt;</a>&nbsp;&nbsp;&nbsp;leaveKeyBoard
</UL>
<BR>[Address Reference Count : 1]<UL><LI> fullfunckeyboard.o(i.CreateFunctionArea)
</UL>
<P><STRONG><a name="[44]"></a>inputFuncDelete_releaseEvent</STRONG> (Thumb, 84 bytes, Stack size 24 bytes, fullfunckeyboard.o(i.inputFuncDelete_releaseEvent))
<BR><BR>[Stack]<UL><LI>Max Depth = 132<LI>Call Chain = inputFuncDelete_releaseEvent &rArr; matchGB2312IndexAndDisp &rArr; switchDispGB2312Index &rArr; guiSetWidgetText &rArr; wSendMsgGui &rArr; wQueueIn &rArr; __aeabi_uidivmod
</UL>
<BR>[Calls]<UL><LI><a href="#[167]">&gt;&gt;</a>&nbsp;&nbsp;&nbsp;guiGetWidgetText
<LI><a href="#[218]">&gt;&gt;</a>&nbsp;&nbsp;&nbsp;guiDeleteWidgetText
<LI><a href="#[204]">&gt;&gt;</a>&nbsp;&nbsp;&nbsp;matchGB2312IndexAndDisp
</UL>
<BR>[Address Reference Count : 1]<UL><LI> fullfunckeyboard.o(i.CreateFunctionArea)
</UL>
<P><STRONG><a name="[41]"></a>inputFuncNumber_releaseEvent</STRONG> (Thumb, 22 bytes, Stack size 8 bytes, fullfunckeyboard.o(i.inputFuncNumber_releaseEvent))
<BR><BR>[Stack]<UL><LI>Max Depth = 92<LI>Call Chain = inputFuncNumber_releaseEvent &rArr; SetInputAreaWidgetText &rArr; guiSetWidgetText &rArr; wSendMsgGui &rArr; wQueueIn &rArr; __aeabi_uidivmod
</UL>
<BR>[Calls]<UL><LI><a href="#[175]">&gt;&gt;</a>&nbsp;&nbsp;&nbsp;SetInputAreaWidgetText
</UL>
<BR>[Address Reference Count : 1]<UL><LI> fullfunckeyboard.o(i.CreateFunctionArea)
</UL>
<P><STRONG><a name="[46]"></a>inputFuncOK_releaseEvent</STRONG> (Thumb, 18 bytes, Stack size 8 bytes, fullfunckeyboard.o(i.inputFuncOK_releaseEvent))
<BR><BR>[Stack]<UL><LI>Max Depth = 116<LI>Call Chain = inputFuncOK_releaseEvent &rArr; leaveKeyBoard &rArr; guiSetWidgetText &rArr; wSendMsgGui &rArr; wQueueIn &rArr; __aeabi_uidivmod
</UL>
<BR>[Calls]<UL><LI><a href="#[20d]">&gt;&gt;</a>&nbsp;&nbsp;&nbsp;leaveKeyBoard
</UL>
<BR>[Address Reference Count : 1]<UL><LI> fullfunckeyboard.o(i.CreateFunctionArea)
</UL>
<P><STRONG><a name="[42]"></a>inputFuncSpace_releaseEvent</STRONG> (Thumb, 28 bytes, Stack size 8 bytes, fullfunckeyboard.o(i.inputFuncSpace_releaseEvent))
<BR><BR>[Stack]<UL><LI>Max Depth = 68<LI>Call Chain = inputFuncSpace_releaseEvent &rArr; guiAppendWidgetText &rArr; wSendMsgGui &rArr; wQueueIn &rArr; __aeabi_uidivmod
</UL>
<BR>[Calls]<UL><LI><a href="#[168]">&gt;&gt;</a>&nbsp;&nbsp;&nbsp;guiAppendWidgetText
</UL>
<BR>[Address Reference Count : 1]<UL><LI> fullfunckeyboard.o(i.CreateFunctionArea)
</UL>
<P><STRONG><a name="[40]"></a>inputFuncSymbol_releaseEvent</STRONG> (Thumb, 22 bytes, Stack size 8 bytes, fullfunckeyboard.o(i.inputFuncSymbol_releaseEvent))
<BR><BR>[Stack]<UL><LI>Max Depth = 92<LI>Call Chain = inputFuncSymbol_releaseEvent &rArr; SetInputAreaWidgetText &rArr; guiSetWidgetText &rArr; wSendMsgGui &rArr; wQueueIn &rArr; __aeabi_uidivmod
</UL>
<BR>[Calls]<UL><LI><a href="#[175]">&gt;&gt;</a>&nbsp;&nbsp;&nbsp;SetInputAreaWidgetText
</UL>
<BR>[Address Reference Count : 1]<UL><LI> fullfunckeyboard.o(i.CreateFunctionArea)
</UL>
<P><STRONG><a name="[43]"></a>inputFuncascASCchina_releaseEvent</STRONG> (Thumb, 40 bytes, Stack size 8 bytes, fullfunckeyboard.o(i.inputFuncascASCchina_releaseEvent))
<BR><BR>[Stack]<UL><LI>Max Depth = 92<LI>Call Chain = inputFuncascASCchina_releaseEvent &rArr; SetInputAreaWidgetText &rArr; guiSetWidgetText &rArr; wSendMsgGui &rArr; wQueueIn &rArr; __aeabi_uidivmod
</UL>
<BR>[Calls]<UL><LI><a href="#[175]">&gt;&gt;</a>&nbsp;&nbsp;&nbsp;SetInputAreaWidgetText
</UL>
<BR>[Address Reference Count : 1]<UL><LI> fullfunckeyboard.o(i.CreateFunctionArea)
</UL>
<P><STRONG><a name="[204]"></a>matchGB2312IndexAndDisp</STRONG> (Thumb, 58 bytes, Stack size 24 bytes, fullfunckeyboard.o(i.matchGB2312IndexAndDisp))
<BR><BR>[Stack]<UL><LI>Max Depth = 108<LI>Call Chain = matchGB2312IndexAndDisp &rArr; switchDispGB2312Index &rArr; guiSetWidgetText &rArr; wSendMsgGui &rArr; wQueueIn &rArr; __aeabi_uidivmod
</UL>
<BR>[Calls]<UL><LI><a href="#[167]">&gt;&gt;</a>&nbsp;&nbsp;&nbsp;guiGetWidgetText
<LI><a href="#[245]">&gt;&gt;</a>&nbsp;&nbsp;&nbsp;gb2312StrinMatch
<LI><a href="#[246]">&gt;&gt;</a>&nbsp;&nbsp;&nbsp;switchDispGB2312Index
</UL>
<BR>[Called By]<UL><LI><a href="#[44]">&gt;&gt;</a>&nbsp;&nbsp;&nbsp;inputFuncDelete_releaseEvent
<LI><a href="#[203]">&gt;&gt;</a>&nbsp;&nbsp;&nbsp;appendTextToPinYinPreview
</UL>

<P><STRONG><a name="[65]"></a>switchAlterBackward_releaseEvent</STRONG> (Thumb, 12 bytes, Stack size 8 bytes, fullfunckeyboard.o(i.switchAlterBackward_releaseEvent))
<BR><BR>[Stack]<UL><LI>Max Depth = 92<LI>Call Chain = switchAlterBackward_releaseEvent &rArr; switchDispGB2312Index &rArr; guiSetWidgetText &rArr; wSendMsgGui &rArr; wQueueIn &rArr; __aeabi_uidivmod
</UL>
<BR>[Calls]<UL><LI><a href="#[246]">&gt;&gt;</a>&nbsp;&nbsp;&nbsp;switchDispGB2312Index
</UL>
<BR>[Address Reference Count : 1]<UL><LI> fullfunckeyboard.o(i.CreatePreviewArea)
</UL>
<P><STRONG><a name="[64]"></a>switchAlterForward_releaseEvent</STRONG> (Thumb, 12 bytes, Stack size 8 bytes, fullfunckeyboard.o(i.switchAlterForward_releaseEvent))
<BR><BR>[Stack]<UL><LI>Max Depth = 92<LI>Call Chain = switchAlterForward_releaseEvent &rArr; switchDispGB2312Index &rArr; guiSetWidgetText &rArr; wSendMsgGui &rArr; wQueueIn &rArr; __aeabi_uidivmod
</UL>
<BR>[Calls]<UL><LI><a href="#[246]">&gt;&gt;</a>&nbsp;&nbsp;&nbsp;switchDispGB2312Index
</UL>
<BR>[Address Reference Count : 1]<UL><LI> fullfunckeyboard.o(i.CreatePreviewArea)
</UL>
<P><STRONG><a name="[246]"></a>switchDispGB2312Index</STRONG> (Thumb, 180 bytes, Stack size 24 bytes, fullfunckeyboard.o(i.switchDispGB2312Index))
<BR><BR>[Stack]<UL><LI>Max Depth = 84<LI>Call Chain = switchDispGB2312Index &rArr; guiSetWidgetText &rArr; wSendMsgGui &rArr; wQueueIn &rArr; __aeabi_uidivmod
</UL>
<BR>[Calls]<UL><LI><a href="#[170]">&gt;&gt;</a>&nbsp;&nbsp;&nbsp;guiSetWidgetText
<LI><a href="#[24b]">&gt;&gt;</a>&nbsp;&nbsp;&nbsp;getGB2312CharAddr
</UL>
<BR>[Called By]<UL><LI><a href="#[64]">&gt;&gt;</a>&nbsp;&nbsp;&nbsp;switchAlterForward_releaseEvent
<LI><a href="#[65]">&gt;&gt;</a>&nbsp;&nbsp;&nbsp;switchAlterBackward_releaseEvent
<LI><a href="#[204]">&gt;&gt;</a>&nbsp;&nbsp;&nbsp;matchGB2312IndexAndDisp
</UL>

<P><STRONG><a name="[171]"></a>CreateFunctionArea</STRONG> (Thumb, 348 bytes, Stack size 32 bytes, numberfunckeyboard1.o(i.CreateFunctionArea))
<BR><BR>[Stack]<UL><LI>Max Depth = 316<LI>Call Chain = CreateFunctionArea &rArr; guiCreateWidget &rArr; wCreateHadnle &rArr; guiDebug &rArr; vsnprintf &rArr; PutUnsignedInt &rArr;  PutUnsignedInt (Cycle)
</UL>
<BR>[Calls]<UL><LI><a href="#[16f]">&gt;&gt;</a>&nbsp;&nbsp;&nbsp;guiRegisterEvent
<LI><a href="#[16e]">&gt;&gt;</a>&nbsp;&nbsp;&nbsp;guiCreateWidget
<LI><a href="#[170]">&gt;&gt;</a>&nbsp;&nbsp;&nbsp;guiSetWidgetText
<LI><a href="#[16d]">&gt;&gt;</a>&nbsp;&nbsp;&nbsp;__aeabi_memcpy
</UL>
<BR>[Called By]<UL><LI><a href="#[73]">&gt;&gt;</a>&nbsp;&nbsp;&nbsp;CreateKeyBoardPage
</UL>

<P><STRONG><a name="[173]"></a>CreateInputArea</STRONG> (Thumb, 1294 bytes, Stack size 40 bytes, numberfunckeyboard1.o(i.CreateInputArea))
<BR><BR>[Stack]<UL><LI>Max Depth = 324<LI>Call Chain = CreateInputArea &rArr; guiCreateWidget &rArr; wCreateHadnle &rArr; guiDebug &rArr; vsnprintf &rArr; PutUnsignedInt &rArr;  PutUnsignedInt (Cycle)
</UL>
<BR>[Calls]<UL><LI><a href="#[16f]">&gt;&gt;</a>&nbsp;&nbsp;&nbsp;guiRegisterEvent
<LI><a href="#[16e]">&gt;&gt;</a>&nbsp;&nbsp;&nbsp;guiCreateWidget
<LI><a href="#[170]">&gt;&gt;</a>&nbsp;&nbsp;&nbsp;guiSetWidgetText
<LI><a href="#[16d]">&gt;&gt;</a>&nbsp;&nbsp;&nbsp;__aeabi_memcpy
</UL>
<BR>[Called By]<UL><LI><a href="#[73]">&gt;&gt;</a>&nbsp;&nbsp;&nbsp;CreateKeyBoardPage
</UL>

<P><STRONG><a name="[73]"></a>CreateKeyBoardPage</STRONG> (Thumb, 236 bytes, Stack size 24 bytes, numberfunckeyboard1.o(i.CreateKeyBoardPage))
<BR><BR>[Stack]<UL><LI>Max Depth = 348<LI>Call Chain = CreateKeyBoardPage &rArr; CreateInputArea &rArr; guiCreateWidget &rArr; wCreateHadnle &rArr; guiDebug &rArr; vsnprintf &rArr; PutUnsignedInt &rArr;  PutUnsignedInt (Cycle)
</UL>
<BR>[Calls]<UL><LI><a href="#[16e]">&gt;&gt;</a>&nbsp;&nbsp;&nbsp;guiCreateWidget
<LI><a href="#[170]">&gt;&gt;</a>&nbsp;&nbsp;&nbsp;guiSetWidgetText
<LI><a href="#[165]">&gt;&gt;</a>&nbsp;&nbsp;&nbsp;guiDebug
<LI><a href="#[173]">&gt;&gt;</a>&nbsp;&nbsp;&nbsp;CreateInputArea
<LI><a href="#[171]">&gt;&gt;</a>&nbsp;&nbsp;&nbsp;CreateFunctionArea
<LI><a href="#[16d]">&gt;&gt;</a>&nbsp;&nbsp;&nbsp;__aeabi_memcpy
</UL>
<BR>[Address Reference Count : 1]<UL><LI> numberfunckeyboard1.o(i.wCreatenumberFuncKeyBoard1)
</UL>
<P><STRONG><a name="[60]"></a>inputButton00_releaseEvent</STRONG> (Thumb, 48 bytes, Stack size 16 bytes, numberfunckeyboard1.o(i.inputButton00_releaseEvent))
<BR><BR>[Stack]<UL><LI>Max Depth = 76<LI>Call Chain = inputButton00_releaseEvent &rArr; guiAppendWidgetText &rArr; wSendMsgGui &rArr; wQueueIn &rArr; __aeabi_uidivmod
</UL>
<BR>[Calls]<UL><LI><a href="#[167]">&gt;&gt;</a>&nbsp;&nbsp;&nbsp;guiGetWidgetText
<LI><a href="#[168]">&gt;&gt;</a>&nbsp;&nbsp;&nbsp;guiAppendWidgetText
</UL>
<BR>[Address Reference Count : 1]<UL><LI> numberfunckeyboard1.o(i.CreateInputArea)
</UL>
<P><STRONG><a name="[56]"></a>inputButton01_releaseEvent</STRONG> (Thumb, 48 bytes, Stack size 16 bytes, numberfunckeyboard1.o(i.inputButton01_releaseEvent))
<BR><BR>[Stack]<UL><LI>Max Depth = 76<LI>Call Chain = inputButton01_releaseEvent &rArr; guiAppendWidgetText &rArr; wSendMsgGui &rArr; wQueueIn &rArr; __aeabi_uidivmod
</UL>
<BR>[Calls]<UL><LI><a href="#[167]">&gt;&gt;</a>&nbsp;&nbsp;&nbsp;guiGetWidgetText
<LI><a href="#[168]">&gt;&gt;</a>&nbsp;&nbsp;&nbsp;guiAppendWidgetText
</UL>
<BR>[Address Reference Count : 1]<UL><LI> numberfunckeyboard1.o(i.CreateInputArea)
</UL>
<P><STRONG><a name="[57]"></a>inputButton02_releaseEvent</STRONG> (Thumb, 48 bytes, Stack size 16 bytes, numberfunckeyboard1.o(i.inputButton02_releaseEvent))
<BR><BR>[Stack]<UL><LI>Max Depth = 76<LI>Call Chain = inputButton02_releaseEvent &rArr; guiAppendWidgetText &rArr; wSendMsgGui &rArr; wQueueIn &rArr; __aeabi_uidivmod
</UL>
<BR>[Calls]<UL><LI><a href="#[167]">&gt;&gt;</a>&nbsp;&nbsp;&nbsp;guiGetWidgetText
<LI><a href="#[168]">&gt;&gt;</a>&nbsp;&nbsp;&nbsp;guiAppendWidgetText
</UL>
<BR>[Address Reference Count : 1]<UL><LI> numberfunckeyboard1.o(i.CreateInputArea)
</UL>
<P><STRONG><a name="[58]"></a>inputButton03_releaseEvent</STRONG> (Thumb, 48 bytes, Stack size 16 bytes, numberfunckeyboard1.o(i.inputButton03_releaseEvent))
<BR><BR>[Stack]<UL><LI>Max Depth = 76<LI>Call Chain = inputButton03_releaseEvent &rArr; guiAppendWidgetText &rArr; wSendMsgGui &rArr; wQueueIn &rArr; __aeabi_uidivmod
</UL>
<BR>[Calls]<UL><LI><a href="#[167]">&gt;&gt;</a>&nbsp;&nbsp;&nbsp;guiGetWidgetText
<LI><a href="#[168]">&gt;&gt;</a>&nbsp;&nbsp;&nbsp;guiAppendWidgetText
</UL>
<BR>[Address Reference Count : 1]<UL><LI> numberfunckeyboard1.o(i.CreateInputArea)
</UL>
<P><STRONG><a name="[5a]"></a>inputButton04_releaseEvent</STRONG> (Thumb, 48 bytes, Stack size 16 bytes, numberfunckeyboard1.o(i.inputButton04_releaseEvent))
<BR><BR>[Stack]<UL><LI>Max Depth = 76<LI>Call Chain = inputButton04_releaseEvent &rArr; guiAppendWidgetText &rArr; wSendMsgGui &rArr; wQueueIn &rArr; __aeabi_uidivmod
</UL>
<BR>[Calls]<UL><LI><a href="#[167]">&gt;&gt;</a>&nbsp;&nbsp;&nbsp;guiGetWidgetText
<LI><a href="#[168]">&gt;&gt;</a>&nbsp;&nbsp;&nbsp;guiAppendWidgetText
</UL>
<BR>[Address Reference Count : 1]<UL><LI> numberfunckeyboard1.o(i.CreateInputArea)
</UL>
<P><STRONG><a name="[5b]"></a>inputButton05_releaseEvent</STRONG> (Thumb, 48 bytes, Stack size 16 bytes, numberfunckeyboard1.o(i.inputButton05_releaseEvent))
<BR><BR>[Stack]<UL><LI>Max Depth = 76<LI>Call Chain = inputButton05_releaseEvent &rArr; guiAppendWidgetText &rArr; wSendMsgGui &rArr; wQueueIn &rArr; __aeabi_uidivmod
</UL>
<BR>[Calls]<UL><LI><a href="#[167]">&gt;&gt;</a>&nbsp;&nbsp;&nbsp;guiGetWidgetText
<LI><a href="#[168]">&gt;&gt;</a>&nbsp;&nbsp;&nbsp;guiAppendWidgetText
</UL>
<BR>[Address Reference Count : 1]<UL><LI> numberfunckeyboard1.o(i.CreateInputArea)
</UL>
<P><STRONG><a name="[5c]"></a>inputButton06_releaseEvent</STRONG> (Thumb, 48 bytes, Stack size 16 bytes, numberfunckeyboard1.o(i.inputButton06_releaseEvent))
<BR><BR>[Stack]<UL><LI>Max Depth = 76<LI>Call Chain = inputButton06_releaseEvent &rArr; guiAppendWidgetText &rArr; wSendMsgGui &rArr; wQueueIn &rArr; __aeabi_uidivmod
</UL>
<BR>[Calls]<UL><LI><a href="#[167]">&gt;&gt;</a>&nbsp;&nbsp;&nbsp;guiGetWidgetText
<LI><a href="#[168]">&gt;&gt;</a>&nbsp;&nbsp;&nbsp;guiAppendWidgetText
</UL>
<BR>[Address Reference Count : 1]<UL><LI> numberfunckeyboard1.o(i.CreateInputArea)
</UL>
<P><STRONG><a name="[5d]"></a>inputButton07_releaseEvent</STRONG> (Thumb, 48 bytes, Stack size 16 bytes, numberfunckeyboard1.o(i.inputButton07_releaseEvent))
<BR><BR>[Stack]<UL><LI>Max Depth = 76<LI>Call Chain = inputButton07_releaseEvent &rArr; guiAppendWidgetText &rArr; wSendMsgGui &rArr; wQueueIn &rArr; __aeabi_uidivmod
</UL>
<BR>[Calls]<UL><LI><a href="#[167]">&gt;&gt;</a>&nbsp;&nbsp;&nbsp;guiGetWidgetText
<LI><a href="#[168]">&gt;&gt;</a>&nbsp;&nbsp;&nbsp;guiAppendWidgetText
</UL>
<BR>[Address Reference Count : 1]<UL><LI> numberfunckeyboard1.o(i.CreateInputArea)
</UL>
<P><STRONG><a name="[5e]"></a>inputButton08_releaseEvent</STRONG> (Thumb, 48 bytes, Stack size 16 bytes, numberfunckeyboard1.o(i.inputButton08_releaseEvent))
<BR><BR>[Stack]<UL><LI>Max Depth = 76<LI>Call Chain = inputButton08_releaseEvent &rArr; guiAppendWidgetText &rArr; wSendMsgGui &rArr; wQueueIn &rArr; __aeabi_uidivmod
</UL>
<BR>[Calls]<UL><LI><a href="#[167]">&gt;&gt;</a>&nbsp;&nbsp;&nbsp;guiGetWidgetText
<LI><a href="#[168]">&gt;&gt;</a>&nbsp;&nbsp;&nbsp;guiAppendWidgetText
</UL>
<BR>[Address Reference Count : 1]<UL><LI> numberfunckeyboard1.o(i.CreateInputArea)
</UL>
<P><STRONG><a name="[5f]"></a>inputButton09_releaseEvent</STRONG> (Thumb, 48 bytes, Stack size 16 bytes, numberfunckeyboard1.o(i.inputButton09_releaseEvent))
<BR><BR>[Stack]<UL><LI>Max Depth = 76<LI>Call Chain = inputButton09_releaseEvent &rArr; guiAppendWidgetText &rArr; wSendMsgGui &rArr; wQueueIn &rArr; __aeabi_uidivmod
</UL>
<BR>[Calls]<UL><LI><a href="#[167]">&gt;&gt;</a>&nbsp;&nbsp;&nbsp;guiGetWidgetText
<LI><a href="#[168]">&gt;&gt;</a>&nbsp;&nbsp;&nbsp;guiAppendWidgetText
</UL>
<BR>[Address Reference Count : 1]<UL><LI> numberfunckeyboard1.o(i.CreateInputArea)
</UL>
<P><STRONG><a name="[59]"></a>inputButtonDot_releaseEvent</STRONG> (Thumb, 48 bytes, Stack size 16 bytes, numberfunckeyboard1.o(i.inputButtonDot_releaseEvent))
<BR><BR>[Stack]<UL><LI>Max Depth = 76<LI>Call Chain = inputButtonDot_releaseEvent &rArr; guiAppendWidgetText &rArr; wSendMsgGui &rArr; wQueueIn &rArr; __aeabi_uidivmod
</UL>
<BR>[Calls]<UL><LI><a href="#[167]">&gt;&gt;</a>&nbsp;&nbsp;&nbsp;guiGetWidgetText
<LI><a href="#[168]">&gt;&gt;</a>&nbsp;&nbsp;&nbsp;guiAppendWidgetText
</UL>
<BR>[Address Reference Count : 1]<UL><LI> numberfunckeyboard1.o(i.CreateInputArea)
</UL>
<P><STRONG><a name="[47]"></a>inputFuncBack_releaseEvent</STRONG> (Thumb, 18 bytes, Stack size 8 bytes, numberfunckeyboard1.o(i.inputFuncBack_releaseEvent))
<BR><BR>[Stack]<UL><LI>Max Depth = 116<LI>Call Chain = inputFuncBack_releaseEvent &rArr; leaveKeyBoard &rArr; guiSetWidgetText &rArr; wSendMsgGui &rArr; wQueueIn &rArr; __aeabi_uidivmod
</UL>
<BR>[Calls]<UL><LI><a href="#[20d]">&gt;&gt;</a>&nbsp;&nbsp;&nbsp;leaveKeyBoard
</UL>
<BR>[Address Reference Count : 1]<UL><LI> numberfunckeyboard1.o(i.CreateFunctionArea)
</UL>
<P><STRONG><a name="[48]"></a>inputFuncDelete_releaseEvent</STRONG> (Thumb, 14 bytes, Stack size 8 bytes, numberfunckeyboard1.o(i.inputFuncDelete_releaseEvent))
<BR><BR>[Stack]<UL><LI>Max Depth = 68<LI>Call Chain = inputFuncDelete_releaseEvent &rArr; guiDeleteWidgetText &rArr; wSendMsgGui &rArr; wQueueIn &rArr; __aeabi_uidivmod
</UL>
<BR>[Calls]<UL><LI><a href="#[218]">&gt;&gt;</a>&nbsp;&nbsp;&nbsp;guiDeleteWidgetText
</UL>
<BR>[Address Reference Count : 1]<UL><LI> numberfunckeyboard1.o(i.CreateFunctionArea)
</UL>
<P><STRONG><a name="[49]"></a>inputFuncOK_releaseEvent</STRONG> (Thumb, 18 bytes, Stack size 8 bytes, numberfunckeyboard1.o(i.inputFuncOK_releaseEvent))
<BR><BR>[Stack]<UL><LI>Max Depth = 116<LI>Call Chain = inputFuncOK_releaseEvent &rArr; leaveKeyBoard &rArr; guiSetWidgetText &rArr; wSendMsgGui &rArr; wQueueIn &rArr; __aeabi_uidivmod
</UL>
<BR>[Calls]<UL><LI><a href="#[20d]">&gt;&gt;</a>&nbsp;&nbsp;&nbsp;leaveKeyBoard
</UL>
<BR>[Address Reference Count : 1]<UL><LI> numberfunckeyboard1.o(i.CreateFunctionArea)
</UL>
<P><STRONG><a name="[1fe]"></a>_printf_core</STRONG> (Thumb, 1020 bytes, Stack size 104 bytes, printf8.o(i._printf_core), UNUSED)
<BR><BR>[Calls]<UL><LI><a href="#[160]">&gt;&gt;</a>&nbsp;&nbsp;&nbsp;__aeabi_uldivmod
<LI><a href="#[201]">&gt;&gt;</a>&nbsp;&nbsp;&nbsp;_printf_pre_padding
<LI><a href="#[202]">&gt;&gt;</a>&nbsp;&nbsp;&nbsp;_printf_post_padding
</UL>
<BR>[Called By]<UL><LI><a href="#[1ff]">&gt;&gt;</a>&nbsp;&nbsp;&nbsp;__0sprintf$8
<LI><a href="#[1fd]">&gt;&gt;</a>&nbsp;&nbsp;&nbsp;__0printf$8
</UL>

<P><STRONG><a name="[202]"></a>_printf_post_padding</STRONG> (Thumb, 32 bytes, Stack size 24 bytes, printf8.o(i._printf_post_padding), UNUSED)
<BR><BR>[Called By]<UL><LI><a href="#[1fe]">&gt;&gt;</a>&nbsp;&nbsp;&nbsp;_printf_core
</UL>

<P><STRONG><a name="[201]"></a>_printf_pre_padding</STRONG> (Thumb, 44 bytes, Stack size 40 bytes, printf8.o(i._printf_pre_padding), UNUSED)
<BR><BR>[Called By]<UL><LI><a href="#[1fe]">&gt;&gt;</a>&nbsp;&nbsp;&nbsp;_printf_core
</UL>

<P><STRONG><a name="[69]"></a>_sputc</STRONG> (Thumb, 10 bytes, Stack size 0 bytes, printf8.o(i._sputc))
<BR><BR>[Called By]<UL><LI><a href="#[1ff]">&gt;&gt;</a>&nbsp;&nbsp;&nbsp;__0sprintf$8
</UL>
<BR>[Address Reference Count : 1]<UL><LI> printf8.o(i.__0sprintf$8)
</UL>
<P><STRONG><a name="[200]"></a>internal_alloc</STRONG> (Thumb, 74 bytes, Stack size 24 bytes, mallocr.o(i.internal_alloc))
<BR><BR>[Stack]<UL><LI>Max Depth = 32<LI>Call Chain = internal_alloc &rArr; __aeabi_memcpy
</UL>
<BR>[Calls]<UL><LI><a href="#[16d]">&gt;&gt;</a>&nbsp;&nbsp;&nbsp;__aeabi_memcpy
</UL>
<BR>[Called By]<UL><LI><a href="#[76]">&gt;&gt;</a>&nbsp;&nbsp;&nbsp;realloc
<LI><a href="#[74]">&gt;&gt;</a>&nbsp;&nbsp;&nbsp;malloc
</UL>
<P>
<H3>
Undefined Global Symbols
</H3><HR></body></html>
